Component: ARM Compiler 5.06 update 6 (build 750) Tool: armlink [4d35ed]

==============================================================================

Section Cross References

    uart_polling.o(i.putc) refers to uart_polling.o(i.uart_put_string) for uart_put_string
    uart_polling.o(i.putc) refers to uart_polling.o(i.uart_put_char) for uart_put_char
    uart_polling.o(i.uart_put_string) refers to uart_polling.o(i.uart_put_char) for uart_put_char
    uart_irq.o(i.UART0_IRQHandler) refers to k_mem.o(i.k_mpool_alloc) for k_mpool_alloc
    uart_irq.o(i.UART0_IRQHandler) refers to k_msg.o(i.k_send_msg_nb) for k_send_msg_nb
    uart_irq.o(i.UART0_IRQHandler) refers to k_mem.o(i.k_mpool_dealloc) for k_mpool_dealloc
    uart_irq.o(i.UART0_IRQHandler) refers to k_msg.o(i.get_msg_size) for get_msg_size
    uart_irq.o(i.UART0_IRQHandler) refers to k_msg.o(i.k_recv_uart) for k_recv_uart
    uart_irq.o(i.UART0_IRQHandler) refers to k_task.o(i.k_tsk_yield) for k_tsk_yield
    uart_irq.o(i.UART0_IRQHandler) refers to uart_irq.o(.data) for g_send_char
    uart_irq.o(i.UART0_IRQHandler) refers to uart_irq.o(.bss) for uart_mb
    uart_irq.o(i.uart_irq_init) refers to uart_irq.o(i.__NVIC_SetPriority) for __NVIC_SetPriority
    uart_irq.o(i.uart_irq_init) refers to uart_irq.o(i.__NVIC_EnableIRQ) for __NVIC_EnableIRQ
    uart_irq.o(i.uart_irq_init) refers to k_mem.o(i.k_mpool_alloc) for k_mpool_alloc
    uart_irq.o(i.uart_irq_init) refers to k_msg.o(i.init_rb) for init_rb
    uart_irq.o(i.uart_irq_init) refers to uart_irq.o(.bss) for uart_mb
    timer.o(i.TIMER0_IRQHandler) refers to timer.o(.data) for g_timer_count
    timer.o(i.timer_irq_init) refers to timer.o(.data) for g_timer_count
    hal.o(i.SVC_Handler) refers to k_rtx_init.o(i.k_rtx_init) for k_rtx_init
    hal.o(i.SVC_Handler) refers to k_mem.o(i.k_mpool_alloc) for k_mpool_alloc
    hal.o(i.SVC_Handler) refers to k_mem.o(i.k_mpool_dealloc) for k_mpool_dealloc
    hal.o(i.SVC_Handler) refers to k_mem.o(i.k_mpool_dump) for k_mpool_dump
    hal.o(i.SVC_Handler) refers to k_task.o(i.k_tsk_create) for k_tsk_create
    hal.o(i.SVC_Handler) refers to k_task.o(i.k_tsk_exit) for k_tsk_exit
    hal.o(i.SVC_Handler) refers to k_task.o(i.k_tsk_yield) for k_tsk_yield
    hal.o(i.SVC_Handler) refers to k_task.o(i.k_tsk_set_prio) for k_tsk_set_prio
    hal.o(i.SVC_Handler) refers to k_task.o(i.k_tsk_get) for k_tsk_get
    hal.o(i.SVC_Handler) refers to k_task.o(i.k_tsk_gettid) for k_tsk_gettid
    hal.o(i.SVC_Handler) refers to k_task.o(i.k_tsk_ls) for k_tsk_ls
    hal.o(i.SVC_Handler) refers to k_msg.o(i.k_mbx_create) for k_mbx_create
    hal.o(i.SVC_Handler) refers to k_msg.o(i.k_send_msg) for k_send_msg
    hal.o(i.SVC_Handler) refers to k_msg.o(i.k_send_msg_nb) for k_send_msg_nb
    hal.o(i.SVC_Handler) refers to k_msg.o(i.k_recv_msg) for k_recv_msg
    hal.o(i.SVC_Handler) refers to k_msg.o(i.k_recv_msg_nb) for k_recv_msg_nb
    hal.o(i.SVC_Handler) refers to k_msg.o(i.k_mbx_ls) for k_mbx_ls
    hal.o(i.SVC_Handler) refers to k_msg.o(i.k_mbx_get) for k_mbx_get
    hal.o(i.SVC_Handler) refers to k_task.o(i.k_rt_tsk_set) for k_rt_tsk_set
    hal.o(i.SVC_Handler) refers to k_task.o(i.k_rt_tsk_susp) for k_rt_tsk_susp
    hal.o(i.SVC_Handler) refers to k_task.o(i.k_rt_tsk_get) for k_rt_tsk_get
    k_mem.o(i.adr_to_ba_idx) refers to k_mem.o(.data) for h_1
    k_mem.o(i.get_bit_idx) refers to k_mem.o(.data) for h_2
    k_mem.o(i.get_buddy_index) refers to k_mem.o(.data) for h_2
    k_mem.o(i.get_root_idx) refers to k_mem.o(.data) for h_2
    k_mem.o(i.idx_to_ptr) refers to k_mem.o(i.get_log_2_down) for get_log_2_down
    k_mem.o(i.idx_to_ptr) refers to k_mem.o(.data) for h_2
    k_mem.o(i.k_alloc_k_stack) refers to k_rtx_init.o(.data) for errno
    k_mem.o(i.k_alloc_k_stack) refers to k_mem.o(.bss) for g_k_stacks
    k_mem.o(i.k_alloc_p_stack) refers to k_rtx_init.o(.data) for errno
    k_mem.o(i.k_alloc_p_stack) refers to k_mem.o(.bss) for g_p_stacks
    k_mem.o(i.k_mem_init) refers to k_mem.o(i.k_mpool_create) for k_mpool_create
    k_mem.o(i.k_mpool_alloc) refers to k_mem.o(i.get_log_2_up) for get_log_2_up
    k_mem.o(i.k_mpool_alloc) refers to k_mem.o(i.get_log_2_down) for get_log_2_down
    k_mem.o(i.k_mpool_alloc) refers to k_mem.o(i.list_first_entry_or_null) for list_first_entry_or_null
    k_mem.o(i.k_mpool_alloc) refers to k_mem.o(i.delete_node) for delete_node
    k_mem.o(i.k_mpool_alloc) refers to k_mem.o(i.adr_to_ba_idx) for adr_to_ba_idx
    k_mem.o(i.k_mpool_alloc) refers to k_mem.o(i.bitmap_xor_and_test) for bitmap_xor_and_test
    k_mem.o(i.k_mpool_alloc) refers to k_mem.o(i.bitmap_scan_test) for bitmap_scan_test
    k_mem.o(i.k_mpool_alloc) refers to k_mem.o(i.idx_to_ptr) for idx_to_ptr
    k_mem.o(i.k_mpool_alloc) refers to k_mem.o(i.add_to_list) for add_to_list
    k_mem.o(i.k_mpool_alloc) refers to k_mem.o(.data) for h_1
    k_mem.o(i.k_mpool_alloc) refers to k_mem.o(.bss) for free_area_1
[...]
    libshutdown.o(.ARM.Collect$$libshutdown$$00000000) refers (Special) to libshutdown2.o(.ARM.Collect$$libshutdown$$0000000A) for __rt_lib_shutdown_signal_1
    libshutdown.o(.ARM.Collect$$libshutdown$$00000000) refers (Special) to libshutdown2.o(.ARM.Collect$$libshutdown$$00000004) for __rt_lib_shutdown_stdio_1
    libshutdown.o(.ARM.Collect$$libshutdown$$00000000) refers (Special) to libshutdown2.o(.ARM.Collect$$libshutdown$$0000000C) for __rt_lib_shutdown_user_alloc_1
    sys_command.o(.text) refers (Special) to use_no_semi.o(.text) for __I$use$semihosting
    sys_command.o(.text) refers (Special) to indicate_semi.o(.text) for __semihosting_library_function
    defsig_abrt_inner.o(.text) refers to defsig_general.o(.text) for __default_signal_display
    defsig_rtred_inner.o(.text) refers to defsig_general.o(.text) for __default_signal_display
    defsig_rtmem_inner.o(.text) refers to defsig_general.o(.text) for __default_signal_display
    defsig_rtmem_outer.o(.text) refers to defsig_rtmem_inner.o(.text) for __rt_SIGRTMEM_inner
    defsig_rtmem_outer.o(.text) refers to defsig_exit.o(.text) for __sig_exit
    defsig_rtmem_formal.o(.text) refers to rt_raise.o(.text) for __rt_raise
    defsig_stak_inner.o(.text) refers to defsig_general.o(.text) for __default_signal_display
    defsig_pvfn_inner.o(.text) refers to defsig_general.o(.text) for __default_signal_display
    defsig_cppl_inner.o(.text) refers to defsig_general.o(.text) for __default_signal_display
    defsig_segv_inner.o(.text) refers to defsig_general.o(.text) for __default_signal_display
    defsig_other.o(.text) refers to defsig_general.o(.text) for __default_signal_display


==============================================================================

Removing Unused input sections from the image.

    Removing uart_polling.o(.rev16_text), (4 bytes).
    Removing uart_polling.o(.revsh_text), (4 bytes).
    Removing uart_polling.o(.rrx_text), (6 bytes).
    Removing uart_polling.o(i.uart_get_char), (48 bytes).
    Removing uart_irq.o(.rev16_text), (4 bytes).
    Removing uart_irq.o(.revsh_text), (4 bytes).
    Removing uart_irq.o(.rrx_text), (6 bytes).
    Removing timer.o(.rev16_text), (4 bytes).
    Removing timer.o(.revsh_text), (4 bytes).
    Removing timer.o(.rrx_text), (6 bytes).
    Removing timer.o(i.get_tick), (72 bytes).
    Removing timer.o(i.timer_freerun_init), (152 bytes).
    Removing timer.o(i.timer_irq_init), (128 bytes).
    Removing hal.o(.rev16_text), (4 bytes).
    Removing hal.o(.revsh_text), (4 bytes).
    Removing hal.o(.rrx_text), (6 bytes).
    Removing k_mem.o(.rev16_text), (4 bytes).
    Removing k_mem.o(.revsh_text), (4 bytes).
    Removing k_mem.o(.rrx_text), (6 bytes).
    Removing k_mem.o(i.list_entry), (2 bytes).
    Removing k_mem.o(.constdata), (8 bytes).
    Removing k_msg.o(.rev16_text), (4 bytes).
    Removing k_msg.o(.revsh_text), (4 bytes).
    Removing k_msg.o(.rrx_text), (6 bytes).
    Removing k_msg.o(i.check_queue_empty), (60 bytes).
    Removing k_msg.o(i.check_rb_full), (22 bytes).
    Removing k_msg.o(i.get_waiting_size), (20 bytes).
    Removing k_msg.o(i.setmem), (20 bytes).
    Removing k_rtx_init.o(.rev16_text), (4 bytes).
    Removing k_rtx_init.o(.revsh_text), (4 bytes).
    Removing k_rtx_init.o(.rrx_text), (6 bytes).
    Removing k_rtx_init.o(i.k_get_sys_info), (6 bytes).
    Removing k_task.o(.rev16_text), (4 bytes).
    Removing k_task.o(.revsh_text), (4 bytes).
    Removing k_task.o(.rrx_text), (6 bytes).
    Removing cdisp_task.o(.rev16_text), (4 bytes).
    Removing cdisp_task.o(.revsh_text), (4 bytes).
    Removing cdisp_task.o(.rrx_text), (6 bytes).
    Removing null_task.o(.rev16_text), (4 bytes).
    Removing null_task.o(.revsh_text), (4 bytes).
    Removing null_task.o(.rrx_text), (6 bytes).
    Removing wall_clock_task.o(i.task_wall_clock), (2 bytes).
    Removing kcd_task.o(.rev16_text), (4 bytes).
    Removing kcd_task.o(.revsh_text), (4 bytes).
    Removing kcd_task.o(.rrx_text), (6 bytes).
    Removing system_lpc17xx.o(.rev16_text), (4 bytes).
    Removing system_lpc17xx.o(.revsh_text), (4 bytes).
    Removing system_lpc17xx.o(.rrx_text), (6 bytes).
    Removing system_lpc17xx.o(i.SystemCoreClockUpdate), (424 bytes).
    Removing system_lpc17xx.o(.data), (4 bytes).
    Removing main.o(.rev16_text), (4 bytes).
    Removing main.o(.revsh_text), (4 bytes).

52 unused section(s) (total 1144 bytes) removed from the image.

==============================================================================

Image Symbol Table

    Local Symbols

    Symbol Name                              Value     Ov Type        Size  Object(Section)

    RESET                                    0x00000000   Section      204  startup_lpc17xx.o(RESET)
    ../clib/angel/boardlib.s                 0x00000000   Number         0  boardinit1.o ABSOLUTE
    ../clib/angel/boardlib.s                 0x00000000   Number         0  boardshut.o ABSOLUTE
    ../clib/angel/boardlib.s                 0x00000000   Number         0  boardinit3.o ABSOLUTE
    ../clib/angel/boardlib.s                 0x00000000   Number         0  boardinit2.o ABSOLUTE
    ../clib/angel/handlers.s                 0x00000000   Number         0  __scatter_zi.o ABSOLUTE
    ../clib/angel/handlers.s                 0x00000000   Number         0  __scatter_copy.o ABSOLUTE
    ../clib/angel/kernel.s                   0x00000000   Number         0  __rtentry.o ABSOLUTE
    ../clib/angel/kernel.s                   0x00000000   Number         0  rtexit.o ABSOLUTE
    ../clib/angel/kernel.s                   0x00000000   Number         0  __rtentry2.o ABSOLUTE
    ../clib/angel/kernel.s                   0x00000000   Number         0  __rtentry4.o ABSOLUTE
    ../clib/angel/kernel.s                   0x00000000   Number         0  rtexit2.o ABSOLUTE
    ../clib/angel/rt.s                       0x00000000   Number         0  rt_raise.o ABSOLUTE
    ../clib/angel/rt.s                       0x00000000   Number         0  aeabi_ldiv0_sigfpe.o ABSOLUTE
    ../clib/angel/rt.s                       0x00000000   Number         0  aeabi_ldiv0.o ABSOLUTE
    ../clib/angel/rt.s                       0x00000000   Number         0  rt_div0.o ABSOLUTE
    ../clib/angel/scatter.s                  0x00000000   Number         0  __scatter.o ABSOLUTE
    ../clib/angel/startup.s                  0x00000000   Number         0  __main.o ABSOLUTE
    ../clib/angel/sys.s                      0x00000000   Number         0  use_no_semi.o ABSOLUTE
    ../clib/angel/sys.s                      0x00000000   Number         0  libspace.o ABSOLUTE
    ../clib/angel/sys.s                      0x00000000   Number         0  indicate_semi.o ABSOLUTE
    ../clib/angel/sys.s                      0x00000000   Number         0  sys_stackheap_outer.o ABSOLUTE
    ../clib/angel/sysapp.c                   0x00000000   Number         0  sys_wrch.o ABSOLUTE
    ../clib/angel/sysapp.c                   0x00000000   Number         0  sys_command.o ABSOLUTE
    ../clib/angel/sysapp.c                   0x00000000   Number         0  sys_exit.o ABSOLUTE
    ../clib/armsys.c                         0x00000000   Number         0  no_argv.o ABSOLUTE
    ../clib/armsys.c                         0x00000000   Number         0  argv_veneer.o ABSOLUTE
    ../clib/armsys.c                         0x00000000   Number         0  _get_argv_nomalloc.o ABSOLUTE
    ../clib/armsys.c                         0x00000000   Number         0  argv_veneer.o ABSOLUTE
    ../clib/heapalloc.c                      0x00000000   Number         0  hrguard.o ABSOLUTE
    ../clib/heapaux.c                        0x00000000   Number         0  heapauxi.o ABSOLUTE
    ../clib/libinit.s                        0x00000000   Number         0  libinit.o ABSOLUTE
    ../clib/libinit.s                        0x00000000   Number         0  libshutdown2.o ABSOLUTE
    ../clib/libinit.s                        0x00000000   Number         0  libinit2.o ABSOLUTE
    ../clib/libinit.s                        0x00000000   Number         0  libshutdown.o ABSOLUTE
    ../clib/longlong.s                       0x00000000   Number         0  lludivv7m.o ABSOLUTE
    ../clib/memcpset.s                       0x00000000   Number         0  rt_memclr_w.o ABSOLUTE
    ../clib/memcpset.s                       0x00000000   Number         0  rt_memcpy_w.o ABSOLUTE
    ../clib/signal.c                         0x00000000   Number         0  defsig_fpe_inner.o ABSOLUTE
    ../clib/signal.c                         0x00000000   Number         0  defsig_fpe_outer.o ABSOLUTE
    ../clib/signal.c                         0x00000000   Number         0  defsig_exit.o ABSOLUTE
    ../clib/signal.c                         0x00000000   Number         0  defsig_other.o ABSOLUTE
    ../clib/signal.c                         0x00000000   Number         0  __raise.o ABSOLUTE
    ../clib/signal.c                         0x00000000   Number         0  defsig_cppl_inner.o ABSOLUTE
    ../clib/signal.c                         0x00000000   Number         0  defsig_fpe_formal.o ABSOLUTE
    ../clib/signal.c                         0x00000000   Number         0  defsig_pvfn_inner.o ABSOLUTE
    ../clib/signal.c                         0x00000000   Number         0  defsig_stak_inner.o ABSOLUTE
    ../clib/signal.c                         0x00000000   Number         0  defsig_rtmem_formal.o ABSOLUTE
    ../clib/signal.c                         0x00000000   Number         0  defsig_rtmem_outer.o ABSOLUTE
    ../clib/signal.c                         0x00000000   Number         0  defsig_rtmem_inner.o ABSOLUTE
    ../clib/signal.c                         0x00000000   Number         0  defsig_rtred_inner.o ABSOLUTE
    ../clib/signal.c                         0x00000000   Number         0  defsig_abrt_inner.o ABSOLUTE
    ../clib/signal.c                         0x00000000   Number         0  defsig_segv_inner.o ABSOLUTE
    ../clib/signal.c                         0x00000000   Number         0  defsig_general.o ABSOLUTE
    ../clib/signal.s                         0x00000000   Number         0  defsig.o ABSOLUTE
    ../clib/stdlib.c                         0x00000000   Number         0  exit.o ABSOLUTE
    ../fplib/fpinit.s                        0x00000000   Number         0  fpinit.o ABSOLUTE
    RTE\Device\LPC1768\startup_LPC17xx.s     0x00000000   Number         0  startup_lpc17xx.o ABSOLUTE
    RTE\Device\LPC1768\system_LPC17xx.c      0x00000000   Number         0  system_lpc17xx.o ABSOLUTE
    RTE\\Device\\LPC1768\\system_LPC17xx.c   0x00000000   Number         0  system_lpc17xx.o ABSOLUTE
    dc.s                                     0x00000000   Number         0  dc.o ABSOLUTE
    src\\bsp\\LPC1768\\timer.c               0x00000000   Number         0  timer.o ABSOLUTE
    src\\bsp\\LPC1768\\uart_irq.c            0x00000000   Number         0  uart_irq.o ABSOLUTE
    src\\bsp\\LPC1768\\uart_polling.c        0x00000000   Number         0  uart_polling.o ABSOLUTE
    src\\kernel\\HAL.c                       0x00000000   Number         0  hal.o ABSOLUTE
    src\\kernel\\k_mem.c                     0x00000000   Number         0  k_mem.o ABSOLUTE
    src\\kernel\\k_msg.c                     0x00000000   Number         0  k_msg.o ABSOLUTE
    src\\kernel\\k_rtx_init.c                0x00000000   Number         0  k_rtx_init.o ABSOLUTE
    src\\kernel\\k_task.c                    0x00000000   Number         0  k_task.o ABSOLUTE
    src\\main.c                              0x00000000   Number         0  main.o ABSOLUTE
    src\\tasks\\cdisp_task.c                 0x00000000   Number         0  cdisp_task.o ABSOLUTE
    src\\tasks\\kcd_task.c                   0x00000000   Number         0  kcd_task.o ABSOLUTE
    src\\tasks\\null_task.c                  0x00000000   Number         0  null_task.o ABSOLUTE
    src\ae\ae.c                              0x00000000   Number         0  ae.o ABSOLUTE
    src\ae\ae_tasks340_G99.c                 0x00000000   Number         0  ae_tasks340_g99.o ABSOLUTE
    src\ae\ae_util.c                         0x00000000   Number         0  ae_util.o ABSOLUTE
    src\bsp\LPC1768\timer.c                  0x00000000   Number         0  timer.o ABSOLUTE
    src\bsp\LPC1768\uart_irq.c               0x00000000   Number         0  uart_irq.o ABSOLUTE
    src\bsp\LPC1768\uart_polling.c           0x00000000   Number         0  uart_polling.o ABSOLUTE
    src\kernel\HAL.c                         0x00000000   Number         0  hal.o ABSOLUTE
    src\kernel\k_mem.c                       0x00000000   Number         0  k_mem.o ABSOLUTE
    src\kernel\k_msg.c                       0x00000000   Number         0  k_msg.o ABSOLUTE
    src\kernel\k_rtx_init.c                  0x00000000   Number         0  k_rtx_init.o ABSOLUTE
    src\kernel\k_task.c                      0x00000000   Number         0  k_task.o ABSOLUTE
    src\libu\printf.c                        0x00000000   Number         0  printf.o ABSOLUTE
    src\main.c                               0x00000000   Number         0  main.o ABSOLUTE
    src\tasks\cdisp_task.c                   0x00000000   Number         0  cdisp_task.o ABSOLUTE
    src\tasks\kcd_task.c                     0x00000000   Number         0  kcd_task.o ABSOLUTE
    src\tasks\null_task.c                    0x00000000   Number         0  null_task.o ABSOLUTE
    src\tasks\wall_clock_task.c              0x00000000   Number         0  wall_clock_task.o ABSOLUTE
    !!!main                                  0x000000cc   Section        8  __main.o(!!!main)
    !!!scatter                               0x000000d4   Section       52  __scatter.o(!!!scatter)
    !!handler_copy                           0x00000108   Section       26  __scatter_copy.o(!!handler_copy)
    !!handler_zi                             0x00000124   Section       28  __scatter_zi.o(!!handler_zi)
    .ARM.Collect$$libinit$$00000000          0x00000140   Section        2  libinit.o(.ARM.Collect$$libinit$$00000000)
    .ARM.Collect$$libinit$$00000002          0x00000142   Section        0  libinit2.o(.ARM.Collect$$libinit$$00000002)
    .ARM.Collect$$libinit$$00000004          0x00000142   Section        0  libinit2.o(.ARM.Collect$$libinit$$00000004)
    .ARM.Collect$$libinit$$0000000A          0x00000142   Section        0  libinit2.o(.ARM.Collect$$libinit$$0000000A)
    .ARM.Collect$$libinit$$0000000C          0x00000142   Section        0  libinit2.o(.ARM.Collect$$libinit$$0000000C)
    .ARM.Collect$$libinit$$0000000E          0x00000142   Section        0  libinit2.o(.ARM.Collect$$libinit$$0000000E)
    .ARM.Collect$$libinit$$00000011          0x00000142   Section        0  libinit2.o(.ARM.Collect$$libinit$$00000011)
    .ARM.Collect$$libinit$$00000013          0x00000142   Section        0  libinit2.o(.ARM.Collect$$libinit$$00000013)
    .ARM.Collect$$libinit$$00000015          0x00000142   Section        0  libinit2.o(.ARM.Collect$$libinit$$00000015)
    .ARM.Collect$$libinit$$00000017          0x00000142   Section        0  libinit2.o(.ARM.Collect$$libinit$$00000017)
    .ARM.Collect$$libinit$$00000019          0x00000142   Section        0  libinit2.o(.ARM.Collect$$libinit$$00000019)
    .ARM.Collect$$libinit$$0000001B          0x00000142   Section        0  libinit2.o(.ARM.Collect$$libinit$$0000001B)
    .ARM.Collect$$libinit$$0000001D          0x00000142   Section        0  libinit2.o(.ARM.Collect$$libinit$$0000001D)
    .ARM.Collect$$libinit$$0000001F          0x00000142   Section        0  libinit2.o(.ARM.Collect$$libinit$$0000001F)
    .ARM.Collect$$libinit$$00000021          0x00000142   Section        0  libinit2.o(.ARM.Collect$$libinit$$00000021)
    .ARM.Collect$$libinit$$00000023          0x00000142   Section        0  libinit2.o(.ARM.Collect$$libinit$$00000023)
    .ARM.Collect$$libinit$$00000025          0x00000142   Section        0  libinit2.o(.ARM.Collect$$libinit$$00000025)
    .ARM.Collect$$libinit$$0000002C          0x00000142   Section        0  libinit2.o(.ARM.Collect$$libinit$$0000002C)
    .ARM.Collect$$libinit$$0000002E          0x00000142   Section        0  libinit2.o(.ARM.Collect$$libinit$$0000002E)
    .ARM.Collect$$libinit$$00000030          0x00000142   Section        0  libinit2.o(.ARM.Collect$$libinit$$00000030)
    .ARM.Collect$$libinit$$00000032          0x00000142   Section        0  libinit2.o(.ARM.Collect$$libinit$$00000032)
    .ARM.Collect$$libinit$$00000033          0x00000142   Section        2  libinit2.o(.ARM.Collect$$libinit$$00000033)
    .ARM.Collect$$libshutdown$$00000000      0x00000144   Section        2  libshutdown.o(.ARM.Collect$$libshutdown$$00000000)
    .ARM.Collect$$libshutdown$$00000002      0x00000146   Section        0  libshutdown2.o(.ARM.Collect$$libshutdown$$00000002)
    .ARM.Collect$$libshutdown$$00000004      0x00000146   Section        0  libshutdown2.o(.ARM.Collect$$libshutdown$$00000004)
    .ARM.Collect$$libshutdown$$00000007      0x00000146   Section        0  libshutdown2.o(.ARM.Collect$$libshutdown$$00000007)
    .ARM.Collect$$libshutdown$$0000000A      0x00000146   Section        0  libshutdown2.o(.ARM.Collect$$libshutdown$$0000000A)
    .ARM.Collect$$libshutdown$$0000000C      0x00000146   Section        0  libshutdown2.o(.ARM.Collect$$libshutdown$$0000000C)
    .ARM.Collect$$libshutdown$$0000000F      0x00000146   Section        0  libshutdown2.o(.ARM.Collect$$libshutdown$$0000000F)
    .ARM.Collect$$libshutdown$$00000010      0x00000146   Section        2  libshutdown2.o(.ARM.Collect$$libshutdown$$00000010)
    .ARM.Collect$$rtentry$$00000000          0x00000148   Section        0  __rtentry.o(.ARM.Collect$$rtentry$$00000000)
    .ARM.Collect$$rtentry$$00000002          0x00000148   Section        0  __rtentry2.o(.ARM.Collect$$rtentry$$00000002)
    .ARM.Collect$$rtentry$$00000004          0x00000148   Section        6  __rtentry4.o(.ARM.Collect$$rtentry$$00000004)
    .ARM.Collect$$rtentry$$00000009          0x0000014e   Section        0  __rtentry2.o(.ARM.Collect$$rtentry$$00000009)
    .ARM.Collect$$rtentry$$0000000A          0x0000014e   Section        4  __rtentry2.o(.ARM.Collect$$rtentry$$0000000A)
    .ARM.Collect$$rtentry$$0000000C          0x00000152   Section        0  __rtentry2.o(.ARM.Collect$$rtentry$$0000000C)
    .ARM.Collect$$rtentry$$0000000D          0x00000152   Section        8  __rtentry2.o(.ARM.Collect$$rtentry$$0000000D)
    .ARM.Collect$$rtexit$$00000000           0x0000015a   Section        2  rtexit.o(.ARM.Collect$$rtexit$$00000000)
    .ARM.Collect$$rtexit$$00000002           0x0000015c   Section        0  rtexit2.o(.ARM.Collect$$rtexit$$00000002)
    .ARM.Collect$$rtexit$$00000003           0x0000015c   Section        4  rtexit2.o(.ARM.Collect$$rtexit$$00000003)
    .ARM.Collect$$rtexit$$00000004           0x00000160   Section        6  rtexit2.o(.ARM.Collect$$rtexit$$00000004)
    .emb_text                                0x00000168   Section        8  hal.o(.emb_text)
    .emb_text                                0x00000170   Section       50  k_task.o(.emb_text)
    .text                                    0x000001a4   Section       60  startup_lpc17xx.o(.text)
    .text                                    0x000001e0   Section      100  rt_memcpy_w.o(.text)
    .text                                    0x00000244   Section       78  rt_memclr_w.o(.text)
    .text                                    0x00000292   Section        0  heapauxi.o(.text)
    .text                                    0x00000298   Section       74  sys_stackheap_outer.o(.text)
    .text                                    0x000002e2   Section        0  exit.o(.text)
    .text                                    0x000002f4   Section        8  libspace.o(.text)
    .ARM.__at_0x02FC                         0x000002fc   Section        4  startup_lpc17xx.o(.ARM.__at_0x02FC)
    .text                                    0x00000300   Section        0  sys_exit.o(.text)
    .text                                    0x0000030c   Section        2  use_no_semi.o(.text)
    .text                                    0x0000030e   Section        0  indicate_semi.o(.text)
    i.HardFault_Handler                      0x00000310   Section        0  ae_util.o(i.HardFault_Handler)
    i.NewNode                                0x00000340   Section        0  kcd_task.o(i.NewNode)
    i.SVC_Handler                            0x00000358   Section        0  hal.o(i.SVC_Handler)
    i.SystemInit                             0x00000480   Section        0  system_lpc17xx.o(i.SystemInit)
    i.TIMER0_IRQHandler                      0x000005c0   Section        0  timer.o(i.TIMER0_IRQHandler)
    i.UART0_IRQHandler                       0x000005d8   Section        0  uart_irq.o(i.UART0_IRQHandler)
    i.__NVIC_EnableIRQ                       0x0000075c   Section        0  uart_irq.o(i.__NVIC_EnableIRQ)
    __NVIC_EnableIRQ                         0x0000075d   Thumb Code    34  uart_irq.o(i.__NVIC_EnableIRQ)
    i.__NVIC_SetPriority                     0x00000780   Section        0  uart_irq.o(i.__NVIC_SetPriority)
    __NVIC_SetPriority                       0x00000781   Thumb Code    32  uart_irq.o(i.__NVIC_SetPriority)
    i.__q_delete_node                        0x000007a8   Section        0  k_task.o(i.__q_delete_node)
    i.a2d                                    0x000007ae   Section        0  printf.o(i.a2d)
    a2d                                      0x000007af   Thumb Code    50  printf.o(i.a2d)
    i.a2i                                    0x000007e0   Section        0  printf.o(i.a2i)
    a2i                                      0x000007e1   Thumb Code    58  printf.o(i.a2i)
    i.add_to_list                            0x0000081a   Section        0  k_mem.o(i.add_to_list)
    i.adr_to_ba_idx                          0x00000824   Section        0  k_mem.o(i.adr_to_ba_idx)
    i.ae_exit                                0x0000087c   Section        0  ae.o(i.ae_exit)
    i.ae_init                                0x00000880   Section        0  ae.o(i.ae_init)
    i.ae_set_init_tasks_info                 0x000008b0   Section        0  ae.o(i.ae_set_init_tasks_info)
    i.ae_set_sys_info                        0x000008c6   Section        0  ae.o(i.ae_set_sys_info)
    i.bitmap_scan_test                       0x000008dc   Section        0  k_mem.o(i.bitmap_scan_test)
    i.bitmap_xor_and_test                    0x00000900   Section        0  k_mem.o(i.bitmap_xor_and_test)
    i.check_rb_empty                         0x00000930   Section        0  k_msg.o(i.check_rb_empty)
    i.count_set_bits                         0x00000942   Section        0  ae_util.o(i.count_set_bits)
    i.cpymem                                 0x00000954   Section        0  k_msg.o(i.cpymem)
    i.deQueue                                0x00000970   Section        0  kcd_task.o(i.deQueue)
    i.delete_node                            0x000009ec   Section        0  k_mem.o(i.delete_node)
    i.free_rb                                0x00000a00   Section        0  k_msg.o(i.free_rb)
    i.gen_req0                               0x00000a30   Section        0  ae_tasks340_g99.o(i.gen_req0)
    i.gen_req1                               0x00000a7c   Section        0  ae_tasks340_g99.o(i.gen_req1)
    i.get_bit_idx                            0x00000ac4   Section        0  k_mem.o(i.get_bit_idx)
    i.get_buddy_index                        0x00000afc   Section        0  k_mem.o(i.get_buddy_index)
    i.get_log_2_down                         0x00000b28   Section        0  k_mem.o(i.get_log_2_down)
    i.get_log_2_up                           0x00000b38   Section        0  k_mem.o(i.get_log_2_up)
    i.get_mpool_size                         0x00000b64   Section        0  k_mem.o(i.get_mpool_size)
    i.get_msg_size                           0x00000b6c   Section        0  k_msg.o(i.get_msg_size)
    i.get_rb_free_size                       0x00000bde   Section        0  k_msg.o(i.get_rb_free_size)
    i.get_root_idx                           0x00000bec   Section        0  k_mem.o(i.get_root_idx)
    i.get_valid_tid                          0x00000c34   Section        0  k_task.o(i.get_valid_tid)
    i.get_waiting_highest                    0x00000c58   Section        0  k_msg.o(i.get_waiting_highest)
    i.i2a                                    0x00000cb4   Section        0  printf.o(i.i2a)
    i2a                                      0x00000cb5   Thumb Code    32  printf.o(i.i2a)
    i.idx_to_ptr                             0x00000cd4   Section        0  k_mem.o(i.idx_to_ptr)
    i.inQueue                                0x00000d48   Section        0  kcd_task.o(i.inQueue)
    i.init                                   0x00000d9c   Section        0  kcd_task.o(i.init)
    i.init_ae_tsk_test                       0x00000db8   Section        0  ae_tasks340_g99.o(i.init_ae_tsk_test)
    i.init_list_head                         0x00000e34   Section        0  k_mem.o(i.init_list_head)
    i.init_printf                            0x00000e3c   Section        0  printf.o(i.init_printf)
    i.init_rb                                0x00000e50   Section        0  k_msg.o(i.init_rb)
    i.k_alloc_k_stack                        0x00000e60   Section        0  k_mem.o(i.k_alloc_k_stack)
    i.k_alloc_p_stack                        0x00000e8c   Section        0  k_mem.o(i.k_alloc_p_stack)
    i.k_mbx_create                           0x00000eb8   Section        0  k_msg.o(i.k_mbx_create)
    i.k_mbx_get                              0x00000f88   Section        0  k_msg.o(i.k_mbx_get)
    i.k_mbx_ls                               0x00000fc4   Section        0  k_msg.o(i.k_mbx_ls)
    i.k_mem_init                             0x00001018   Section        0  k_mem.o(i.k_mem_init)
    i.k_mpool_alloc                          0x00001058   Section        0  k_mem.o(i.k_mpool_alloc)
    i.k_mpool_create                         0x00001204   Section        0  k_mem.o(i.k_mpool_create)
    i.k_mpool_dealloc                        0x00001324   Section        0  k_mem.o(i.k_mpool_dealloc)
    i.k_mpool_dump                           0x000017d8   Section        0  k_mem.o(i.k_mpool_dump)
    i.k_pre_rtx_init                         0x000018f8   Section        0  k_rtx_init.o(i.k_pre_rtx_init)
    i.k_recv_msg                             0x0000191c   Section        0  k_msg.o(i.k_recv_msg)
    i.k_recv_msg_nb                          0x00001acc   Section        0  k_msg.o(i.k_recv_msg_nb)
    i.k_recv_uart                            0x00001bf4   Section        0  k_msg.o(i.k_recv_uart)
    i.k_rt_tsk_get                           0x00001c24   Section        0  k_task.o(i.k_rt_tsk_get)
    i.k_rt_tsk_set                           0x00001c3e   Section        0  k_task.o(i.k_rt_tsk_set)
    i.k_rt_tsk_susp                          0x00001c44   Section        0  k_task.o(i.k_rt_tsk_susp)
    i.k_rtx_init                             0x00001c48   Section        0  k_rtx_init.o(i.k_rtx_init)
    i.k_send_msg                             0x00001c80   Section        0  k_msg.o(i.k_send_msg)
    i.k_send_msg_nb                          0x00001f0c   Section        0  k_msg.o(i.k_send_msg_nb)
    i.k_send_to_uart                         0x00002094   Section        0  k_msg.o(i.k_send_to_uart)
    i.k_tsk_create                           0x000020e8   Section        0  k_task.o(i.k_tsk_create)
    i.k_tsk_create_new                       0x000021d8   Section        0  k_task.o(i.k_tsk_create_new)
    i.k_tsk_exit                             0x000022d0   Section        0  k_task.o(i.k_tsk_exit)
    i.k_tsk_get                              0x0000233c   Section        0  k_task.o(i.k_tsk_get)
    i.k_tsk_gettid                           0x000023c4   Section        0  k_task.o(i.k_tsk_gettid)
    i.k_tsk_init                             0x000023d0   Section        0  k_task.o(i.k_tsk_init)
    i.k_tsk_init_dsp                         0x0000253c   Section        0  k_task.o(i.k_tsk_init_dsp)
    i.k_tsk_init_first                       0x00002558   Section        0  k_task.o(i.k_tsk_init_first)
    i.k_tsk_init_kcd                         0x00002574   Section        0  k_task.o(i.k_tsk_init_kcd)
    i.k_tsk_ls                               0x00002590   Section        0  k_task.o(i.k_tsk_ls)
    i.k_tsk_run_new                          0x000025e0   Section        0  k_task.o(i.k_tsk_run_new)
    i.k_tsk_set_prio                         0x00002648   Section        0  k_task.o(i.k_tsk_set_prio)
    i.k_tsk_yield                            0x000027b4   Section        0  k_task.o(i.k_tsk_yield)
    i.list_first_entry_or_null               0x00002800   Section        0  k_mem.o(i.list_first_entry_or_null)
    i.main                                   0x00002810   Section        0  main.o(i.main)
    i.print_log                              0x00002878   Section        0  ae_util.o(i.print_log)
    i.print_results                          0x000028e8   Section        0  ae_util.o(i.print_results)
    i.print_summary                          0x00002a08   Section        0  ae_util.o(i.print_summary)
    i.process_sub_result                     0x00002a34   Section        0  ae_util.o(i.process_sub_result)
    i.ptr_to_pidx                            0x00002a6c   Section        0  k_mem.o(i.ptr_to_pidx)
    i.putc                                   0x00002a98   Section        0  uart_polling.o(i.putc)
    i.putchw                                 0x00002adc   Section        0  printf.o(i.putchw)
    putchw                                   0x00002add   Thumb Code    82  printf.o(i.putchw)
    i.putcp                                  0x00002b2e   Section        0  printf.o(i.putcp)
    putcp                                    0x00002b2f   Thumb Code    10  printf.o(i.putcp)
    i.q_add_to_list_head                     0x00002b38   Section        0  k_task.o(i.q_add_to_list_head)
    i.q_add_to_list_last                     0x00002b42   Section        0  k_task.o(i.q_add_to_list_last)
    i.q_delete_first_node                    0x00002b4c   Section        0  k_task.o(i.q_delete_first_node)
    i.q_delete_node                          0x00002b68   Section        0  k_task.o(i.q_delete_node)
    i.q_init_list_head                       0x00002b7c   Section        0  k_task.o(i.q_init_list_head)
    i.q_list_first_entry_or_null             0x00002b82   Section        0  k_task.o(i.q_list_first_entry_or_null)
    i.read_rb                                0x00002b92   Section        0  k_msg.o(i.read_rb)
    i.scheduler                              0x00002bec   Section        0  k_task.o(i.scheduler)
    i.set_ae_init_tasks                      0x00002c40   Section        0  ae_tasks340_g99.o(i.set_ae_init_tasks)
    i.set_ae_tasks                           0x00002c5c   Section        0  ae_tasks340_g99.o(i.set_ae_tasks)
    i.strcpy                                 0x00002ca0   Section        0  ae_util.o(i.strcpy)
    i.task0                                  0x00002cc0   Section        0  ae_tasks340_g99.o(i.task0)
    i.task2                                  0x00002fb0   Section        0  ae_tasks340_g99.o(i.task2)
    i.task_cdisp                             0x00003384   Section        0  cdisp_task.o(i.task_cdisp)
    i.task_kcd                               0x00003414   Section        0  kcd_task.o(i.task_kcd)
    i.task_null                              0x00003858   Section        0  null_task.o(i.task_null)
    i.test0_start                            0x00003860   Section        0  ae_tasks340_g99.o(i.test0_start)
    i.test1_start                            0x00003930   Section        0  ae_tasks340_g99.o(i.test1_start)
    i.test_abort                             0x00003ba4   Section        0  ae_util.o(i.test_abort)
    i.test_exit                              0x00003c10   Section        0  ae_util.o(i.test_exit)
    i.tfp_format                             0x00003c34   Section        0  printf.o(i.tfp_format)
    i.tfp_printf                             0x00003d5c   Section        0  printf.o(i.tfp_printf)
    i.tfp_sprintf                            0x00003d88   Section        0  printf.o(i.tfp_sprintf)
    i.uart_init                              0x00003db4   Section        0  uart_polling.o(i.uart_init)
    i.uart_irq_init                          0x00003e20   Section        0  uart_irq.o(i.uart_irq_init)
    i.uart_put_char                          0x00003ed4   Section        0  uart_polling.o(i.uart_put_char)
    i.uart_put_string                        0x00003f08   Section        0  uart_polling.o(i.uart_put_string)
    i.ui2a                                   0x00003f2e   Section        0  printf.o(i.ui2a)
    ui2a                                     0x00003f2f   Thumb Code    86  printf.o(i.ui2a)
    i.update_ae_xtest                        0x00003f84   Section        0  ae_tasks340_g99.o(i.update_ae_xtest)
    i.update_exec_seq                        0x00003f9c   Section        0  ae_tasks340_g99.o(i.update_exec_seq)
    i.write_rb                               0x00003fe0   Section        0  k_msg.o(i.write_rb)
    .constdata                               0x0000403a   Section       39  ae_tasks340_g99.o(.constdata)
    .conststring                             0x00004064   Section      283  ae_tasks340_g99.o(.conststring)
    .data                                    0x10000000   Section      137  uart_irq.o(.data)
    gp_buffer                                0x10000080   Data           4  uart_irq.o(.data)
    .data                                    0x1000008c   Section        4  timer.o(.data)
    .data                                    0x10000090   Section       12  k_mem.o(.data)
    .data                                    0x1000009c   Section        4  k_rtx_init.o(.data)
    .data                                    0x100000a0   Section        8  k_task.o(.data)
    .data                                    0x100000a8   Section        8  printf.o(.data)
    stdout_putf                              0x100000a8   Data           4  printf.o(.data)
    stdout_putp                              0x100000ac   Data           4  printf.o(.data)
    .data                                    0x100000b0   Section       12  kcd_task.o(.data)
    .data                                    0x100000bc   Section       16  main.o(.data)
    sys                                      0x100000bc   Data           8  main.o(.data)
    p_tasks                                  0x100000c4   Data           4  main.o(.data)
    num                                      0x100000c8   Data           4  main.o(.data)
    .bss                                     0x100000cc   Section      168  uart_irq.o(.bss)
    .bss                                     0x10000178   Section    12400  k_mem.o(.bss)
    .bss                                     0x100031e8   Section     1680  k_msg.o(.bss)
    .bss                                     0x10003878   Section      504  k_task.o(.bss)
    .bss                                     0x10003a70   Section       96  libspace.o(.bss)
    .bss                                     0x10003ad0   Section      580  ae_tasks340_g99.o(.bss)
    HEAP                                     0x10003d18   Section        0  startup_lpc17xx.o(HEAP)
    STACK                                    0x10003d18   Section      512  startup_lpc17xx.o(STACK)
    Heap_Mem                                 0x10003d18   Data           0  startup_lpc17xx.o(HEAP)
    Stack_Mem                                0x10003d18   Data         512  startup_lpc17xx.o(STACK)
    __initial_sp                             0x10003f18   Data           0  startup_lpc17xx.o(STACK)

    Global Symbols

    Symbol Name                              Value     Ov Type        Size  Object(Section)

    BuildAttributes$$THM_ISAv4$P$D$K$B$S$PE$A:L22UL41UL21$X:L11$S22US41US21$IEEE1$IW$USESV6$~STKCKD$USESV7$~SHL$OSPACE$ROPI$EBA8$UX$STANDARDLIB$REQ8$PRES8$EABIv2 0x00000000   Number         0  anon$$obj.o ABSOLUTE
    __ARM_use_no_argv                        0x00000000   Number         0  main.o ABSOLUTE
    __Vectors                                0x00000000   Data           4  startup_lpc17xx.o(RESET)
    __ARM_exceptions_init                     - Undefined Weak Reference
    __alloca_initialize                       - Undefined Weak Reference
    __arm_preinit_                            - Undefined Weak Reference
    __cpp_initialize__aeabi_                  - Undefined Weak Reference
    __cxa_finalize                            - Undefined Weak Reference
    __rt_locale                               - Undefined Weak Reference
    __sigvec_lookup                           - Undefined Weak Reference
    _atexit_init                              - Undefined Weak Reference
    _call_atexit_fns                          - Undefined Weak Reference
    _clock_init                               - Undefined Weak Reference
    _fp_trap_init                             - Undefined Weak Reference
    _fp_trap_shutdown                         - Undefined Weak Reference
    _get_lc_collate                           - Undefined Weak Reference
    _get_lc_ctype                             - Undefined Weak Reference
    _get_lc_monetary                          - Undefined Weak Reference
    _get_lc_numeric                           - Undefined Weak Reference
    _get_lc_time                              - Undefined Weak Reference
    _getenv_init                              - Undefined Weak Reference
    _handle_redirection                       - Undefined Weak Reference
    _init_alloc                               - Undefined Weak Reference
    _init_user_alloc                          - Undefined Weak Reference
    _initio                                   - Undefined Weak Reference
    _rand_init                                - Undefined Weak Reference
    _signal_finish                            - Undefined Weak Reference
    _signal_init                              - Undefined Weak Reference
    _terminate_alloc                          - Undefined Weak Reference
    _terminate_user_alloc                     - Undefined Weak Reference
    _terminateio                              - Undefined Weak Reference
    __main                                   0x000000cd   Thumb Code     8  __main.o(!!!main)
    __scatterload                            0x000000d5   Thumb Code     0  __scatter.o(!!!scatter)
    __scatterload_rt2                        0x000000d5   Thumb Code    44  __scatter.o(!!!scatter)
    __scatterload_rt2_thumb_only             0x000000d5   Thumb Code     0  __scatter.o(!!!scatter)
    __scatterload_null                       0x000000e3   Thumb Code     0  __scatter.o(!!!scatter)
    __scatterload_copy                       0x00000109   Thumb Code    26  __scatter_copy.o(!!handler_copy)
    __scatterload_zeroinit                   0x00000125   Thumb Code    28  __scatter_zi.o(!!handler_zi)
    __rt_lib_init                            0x00000141   Thumb Code     0  libinit.o(.ARM.Collect$$libinit$$00000000)
    __rt_lib_init_alloca_1                   0x00000143   Thumb Code     0  libinit2.o(.ARM.Collect$$libinit$$0000002E)
    __rt_lib_init_argv_1                     0x00000143   Thumb Code     0  libinit2.o(.ARM.Collect$$libinit$$0000002C)
    __rt_lib_init_atexit_1                   0x00000143   Thumb Code     0  libinit2.o(.ARM.Collect$$libinit$$0000001B)
    __rt_lib_init_clock_1                    0x00000143   Thumb Code     0  libinit2.o(.ARM.Collect$$libinit$$00000021)
    __rt_lib_init_cpp_1                      0x00000143   Thumb Code     0  libinit2.o(.ARM.Collect$$libinit$$00000032)
    __rt_lib_init_exceptions_1               0x00000143   Thumb Code     0  libinit2.o(.ARM.Collect$$libinit$$00000030)
    __rt_lib_init_fp_1                       0x00000143   Thumb Code     0  libinit2.o(.ARM.Collect$$libinit$$00000002)
    __rt_lib_init_fp_trap_1                  0x00000143   Thumb Code     0  libinit2.o(.ARM.Collect$$libinit$$0000001F)
    __rt_lib_init_getenv_1                   0x00000143   Thumb Code     0  libinit2.o(.ARM.Collect$$libinit$$00000023)
    __rt_lib_init_heap_1                     0x00000143   Thumb Code     0  libinit2.o(.ARM.Collect$$libinit$$0000000A)
    __rt_lib_init_lc_collate_1               0x00000143   Thumb Code     0  libinit2.o(.ARM.Collect$$libinit$$00000011)
    __rt_lib_init_lc_ctype_1                 0x00000143   Thumb Code     0  libinit2.o(.ARM.Collect$$libinit$$00000013)
    __rt_lib_init_lc_monetary_1              0x00000143   Thumb Code     0  libinit2.o(.ARM.Collect$$libinit$$00000015)
    __rt_lib_init_lc_numeric_1               0x00000143   Thumb Code     0  libinit2.o(.ARM.Collect$$libinit$$00000017)
    __rt_lib_init_lc_time_1                  0x00000143   Thumb Code     0  libinit2.o(.ARM.Collect$$libinit$$00000019)
    __rt_lib_init_preinit_1                  0x00000143   Thumb Code     0  libinit2.o(.ARM.Collect$$libinit$$00000004)
    __rt_lib_init_rand_1                     0x00000143   Thumb Code     0  libinit2.o(.ARM.Collect$$libinit$$0000000E)
    __rt_lib_init_return                     0x00000143   Thumb Code     0  libinit2.o(.ARM.Collect$$libinit$$00000033)
    __rt_lib_init_signal_1                   0x00000143   Thumb Code     0  libinit2.o(.ARM.Collect$$libinit$$0000001D)
    __rt_lib_init_stdio_1                    0x00000143   Thumb Code     0  libinit2.o(.ARM.Collect$$libinit$$00000025)
    __rt_lib_init_user_alloc_1               0x00000143   Thumb Code     0  libinit2.o(.ARM.Collect$$libinit$$0000000C)
    __rt_lib_shutdown                        0x00000145   Thumb Code     0  libshutdown.o(.ARM.Collect$$libshutdown$$00000000)
    __rt_lib_shutdown_cpp_1                  0x00000147   Thumb Code     0  libshutdown2.o(.ARM.Collect$$libshutdown$$00000002)
    __rt_lib_shutdown_fp_trap_1              0x00000147   Thumb Code     0  libshutdown2.o(.ARM.Collect$$libshutdown$$00000007)
    __rt_lib_shutdown_heap_1                 0x00000147   Thumb Code     0  libshutdown2.o(.ARM.Collect$$libshutdown$$0000000F)
    __rt_lib_shutdown_return                 0x00000147   Thumb Code     0  libshutdown2.o(.ARM.Collect$$libshutdown$$00000010)
    __rt_lib_shutdown_signal_1               0x00000147   Thumb Code     0  libshutdown2.o(.ARM.Collect$$libshutdown$$0000000A)
    __rt_lib_shutdown_stdio_1                0x00000147   Thumb Code     0  libshutdown2.o(.ARM.Collect$$libshutdown$$00000004)
    __rt_lib_shutdown_user_alloc_1           0x00000147   Thumb Code     0  libshutdown2.o(.ARM.Collect$$libshutdown$$0000000C)
    __rt_entry                               0x00000149   Thumb Code     0  __rtentry.o(.ARM.Collect$$rtentry$$00000000)
    __rt_entry_presh_1                       0x00000149   Thumb Code     0  __rtentry2.o(.ARM.Collect$$rtentry$$00000002)
    __rt_entry_sh                            0x00000149   Thumb Code     0  __rtentry4.o(.ARM.Collect$$rtentry$$00000004)
    __rt_entry_li                            0x0000014f   Thumb Code     0  __rtentry2.o(.ARM.Collect$$rtentry$$0000000A)
    __rt_entry_postsh_1                      0x0000014f   Thumb Code     0  __rtentry2.o(.ARM.Collect$$rtentry$$00000009)
    __rt_entry_main                          0x00000153   Thumb Code     0  __rtentry2.o(.ARM.Collect$$rtentry$$0000000D)
    __rt_entry_postli_1                      0x00000153   Thumb Code     0  __rtentry2.o(.ARM.Collect$$rtentry$$0000000C)
    __rt_exit                                0x0000015b   Thumb Code     0  rtexit.o(.ARM.Collect$$rtexit$$00000000)
    __rt_exit_ls                             0x0000015d   Thumb Code     0  rtexit2.o(.ARM.Collect$$rtexit$$00000003)
    __rt_exit_prels_1                        0x0000015d   Thumb Code     0  rtexit2.o(.ARM.Collect$$rtexit$$00000002)
    __rt_exit_exit                           0x00000161   Thumb Code     0  rtexit2.o(.ARM.Collect$$rtexit$$00000004)
    SVC_RTE                                  0x00000169   Thumb Code     0  hal.o(.emb_text)
    __rte                                    0x00000169   Thumb Code     8  hal.o(.emb_text)
    k_tsk_switch                             0x00000171   Thumb Code    44  k_task.o(.emb_text)
    K_RESTORE                                0x00000183   Thumb Code     0  k_task.o(.emb_text)
    k_tsk_start                              0x000001a1   Thumb Code     2  k_task.o(.emb_text)
    Reset_Handler                            0x000001a5   Thumb Code     8  startup_lpc17xx.o(.text)
    NMI_Handler                              0x000001ad   Thumb Code     2  startup_lpc17xx.o(.text)
    MemManage_Handler                        0x000001b1   Thumb Code     2  startup_lpc17xx.o(.text)
    BusFault_Handler                         0x000001b3   Thumb Code     2  startup_lpc17xx.o(.text)
    UsageFault_Handler                       0x000001b5   Thumb Code     2  startup_lpc17xx.o(.text)
    DebugMon_Handler                         0x000001b9   Thumb Code     2  startup_lpc17xx.o(.text)
    PendSV_Handler                           0x000001bb   Thumb Code     2  startup_lpc17xx.o(.text)
    SysTick_Handler                          0x000001bd   Thumb Code     2  startup_lpc17xx.o(.text)
    ADC_IRQHandler                           0x000001bf   Thumb Code     0  startup_lpc17xx.o(.text)
    BOD_IRQHandler                           0x000001bf   Thumb Code     0  startup_lpc17xx.o(.text)
    CANActivity_IRQHandler                   0x000001bf   Thumb Code     0  startup_lpc17xx.o(.text)
    CAN_IRQHandler                           0x000001bf   Thumb Code     0  startup_lpc17xx.o(.text)
    DMA_IRQHandler                           0x000001bf   Thumb Code     0  startup_lpc17xx.o(.text)
    EINT0_IRQHandler                         0x000001bf   Thumb Code     0  startup_lpc17xx.o(.text)
    EINT1_IRQHandler                         0x000001bf   Thumb Code     0  startup_lpc17xx.o(.text)
    EINT2_IRQHandler                         0x000001bf   Thumb Code     0  startup_lpc17xx.o(.text)
    EINT3_IRQHandler                         0x000001bf   Thumb Code     0  startup_lpc17xx.o(.text)
    ENET_IRQHandler                          0x000001bf   Thumb Code     0  startup_lpc17xx.o(.text)
    I2C0_IRQHandler                          0x000001bf   Thumb Code     0  startup_lpc17xx.o(.text)
    I2C1_IRQHandler                          0x000001bf   Thumb Code     0  startup_lpc17xx.o(.text)
    I2C2_IRQHandler                          0x000001bf   Thumb Code     0  startup_lpc17xx.o(.text)
    I2S_IRQHandler                           0x000001bf   Thumb Code     0  startup_lpc17xx.o(.text)
    MCPWM_IRQHandler                         0x000001bf   Thumb Code     0  startup_lpc17xx.o(.text)
    PLL0_IRQHandler                          0x000001bf   Thumb Code     0  startup_lpc17xx.o(.text)
    PLL1_IRQHandler                          0x000001bf   Thumb Code     0  startup_lpc17xx.o(.text)
    PWM1_IRQHandler                          0x000001bf   Thumb Code     0  startup_lpc17xx.o(.text)
    QEI_IRQHandler                           0x000001bf   Thumb Code     0  startup_lpc17xx.o(.text)
    RIT_IRQHandler                           0x000001bf   Thumb Code     0  startup_lpc17xx.o(.text)
    RTC_IRQHandler                           0x000001bf   Thumb Code     0  startup_lpc17xx.o(.text)
    SPI_IRQHandler                           0x000001bf   Thumb Code     0  startup_lpc17xx.o(.text)
    SSP0_IRQHandler                          0x000001bf   Thumb Code     0  startup_lpc17xx.o(.text)
    SSP1_IRQHandler                          0x000001bf   Thumb Code     0  startup_lpc17xx.o(.text)
    TIMER1_IRQHandler                        0x000001bf   Thumb Code     0  startup_lpc17xx.o(.text)
    TIMER2_IRQHandler                        0x000001bf   Thumb Code     0  startup_lpc17xx.o(.text)
    TIMER3_IRQHandler                        0x000001bf   Thumb Code     0  startup_lpc17xx.o(.text)
    UART1_IRQHandler                         0x000001bf   Thumb Code     0  startup_lpc17xx.o(.text)
    UART2_IRQHandler                         0x000001bf   Thumb Code     0  startup_lpc17xx.o(.text)
    UART3_IRQHandler                         0x000001bf   Thumb Code     0  startup_lpc17xx.o(.text)
    USBActivity_IRQHandler                   0x000001bf   Thumb Code     0  startup_lpc17xx.o(.text)
    USB_IRQHandler                           0x000001bf   Thumb Code     0  startup_lpc17xx.o(.text)
    WDT_IRQHandler                           0x000001bf   Thumb Code     0  startup_lpc17xx.o(.text)
    __user_initial_stackheap                 0x000001c1   Thumb Code     0  startup_lpc17xx.o(.text)
    __aeabi_memcpy4                          0x000001e1   Thumb Code     0  rt_memcpy_w.o(.text)
    __aeabi_memcpy8                          0x000001e1   Thumb Code     0  rt_memcpy_w.o(.text)
    __rt_memcpy_w                            0x000001e1   Thumb Code   100  rt_memcpy_w.o(.text)
    _memcpy_lastbytes_aligned                0x00000229   Thumb Code     0  rt_memcpy_w.o(.text)
    __aeabi_memclr4                          0x00000245   Thumb Code     0  rt_memclr_w.o(.text)
    __aeabi_memclr8                          0x00000245   Thumb Code     0  rt_memclr_w.o(.text)
    __rt_memclr_w                            0x00000245   Thumb Code    78  rt_memclr_w.o(.text)
    _memset_w                                0x00000249   Thumb Code     0  rt_memclr_w.o(.text)
    __use_two_region_memory                  0x00000293   Thumb Code     2  heapauxi.o(.text)
    __rt_heap_escrow$2region                 0x00000295   Thumb Code     2  heapauxi.o(.text)
    __rt_heap_expand$2region                 0x00000297   Thumb Code     2  heapauxi.o(.text)
    __user_setup_stackheap                   0x00000299   Thumb Code    74  sys_stackheap_outer.o(.text)
    exit                                     0x000002e3   Thumb Code    18  exit.o(.text)
    __user_libspace                          0x000002f5   Thumb Code     8  libspace.o(.text)
    __user_perproc_libspace                  0x000002f5   Thumb Code     0  libspace.o(.text)
    __user_perthread_libspace                0x000002f5   Thumb Code     0  libspace.o(.text)
    _sys_exit                                0x00000301   Thumb Code     8  sys_exit.o(.text)
    __I$use$semihosting                      0x0000030d   Thumb Code     0  use_no_semi.o(.text)
    __use_no_semihosting_swi                 0x0000030d   Thumb Code     2  use_no_semi.o(.text)
    __semihosting_library_function           0x0000030f   Thumb Code     0  indicate_semi.o(.text)
    HardFault_Handler                        0x00000311   Thumb Code    22  ae_util.o(i.HardFault_Handler)
    NewNode                                  0x00000341   Thumb Code    24  kcd_task.o(i.NewNode)
    SVC_Handler                              0x00000359   Thumb Code   296  hal.o(i.SVC_Handler)
    SystemInit                               0x00000481   Thumb Code   302  system_lpc17xx.o(i.SystemInit)
    TIMER0_IRQHandler                        0x000005c1   Thumb Code    20  timer.o(i.TIMER0_IRQHandler)
    UART0_IRQHandler                         0x000005d9   Thumb Code   350  uart_irq.o(i.UART0_IRQHandler)
    __q_delete_node                          0x000007a9   Thumb Code     6  k_task.o(i.__q_delete_node)
    add_to_list                              0x0000081b   Thumb Code    10  k_mem.o(i.add_to_list)
    adr_to_ba_idx                            0x00000825   Thumb Code    72  k_mem.o(i.adr_to_ba_idx)
    ae_exit                                  0x0000087d   Thumb Code     4  ae.o(i.ae_exit)
    ae_init                                  0x00000881   Thumb Code    48  ae.o(i.ae_init)
    ae_set_init_tasks_info                   0x000008b1   Thumb Code    22  ae.o(i.ae_set_init_tasks_info)
    ae_set_sys_info                          0x000008c7   Thumb Code    22  ae.o(i.ae_set_sys_info)
    bitmap_scan_test                         0x000008dd   Thumb Code    36  k_mem.o(i.bitmap_scan_test)
    bitmap_xor_and_test                      0x00000901   Thumb Code    48  k_mem.o(i.bitmap_xor_and_test)
    check_rb_empty                           0x00000931   Thumb Code    18  k_msg.o(i.check_rb_empty)
    count_set_bits                           0x00000943   Thumb Code    18  ae_util.o(i.count_set_bits)
    cpymem                                   0x00000955   Thumb Code    26  k_msg.o(i.cpymem)
    deQueue                                  0x00000971   Thumb Code   110  kcd_task.o(i.deQueue)
    delete_node                              0x000009ed   Thumb Code    20  k_mem.o(i.delete_node)
    free_rb                                  0x00000a01   Thumb Code    46  k_msg.o(i.free_rb)
    gen_req0                                 0x00000a31   Thumb Code    72  ae_tasks340_g99.o(i.gen_req0)
    gen_req1                                 0x00000a7d   Thumb Code    68  ae_tasks340_g99.o(i.gen_req1)
    get_bit_idx                              0x00000ac5   Thumb Code    48  k_mem.o(i.get_bit_idx)
    get_buddy_index                          0x00000afd   Thumb Code    34  k_mem.o(i.get_buddy_index)
    get_log_2_down                           0x00000b29   Thumb Code    16  k_mem.o(i.get_log_2_down)
    get_log_2_up                             0x00000b39   Thumb Code    44  k_mem.o(i.get_log_2_up)
    get_mpool_size                           0x00000b65   Thumb Code     8  k_mem.o(i.get_mpool_size)
    get_msg_size                             0x00000b6d   Thumb Code   114  k_msg.o(i.get_msg_size)
    get_rb_free_size                         0x00000bdf   Thumb Code    14  k_msg.o(i.get_rb_free_size)
    get_root_idx                             0x00000bed   Thumb Code    62  k_mem.o(i.get_root_idx)
    get_valid_tid                            0x00000c35   Thumb Code    32  k_task.o(i.get_valid_tid)
    get_waiting_highest                      0x00000c59   Thumb Code    88  k_msg.o(i.get_waiting_highest)
    idx_to_ptr                               0x00000cd5   Thumb Code   100  k_mem.o(i.idx_to_ptr)
    inQueue                                  0x00000d49   Thumb Code    72  kcd_task.o(i.inQueue)
    init                                     0x00000d9d   Thumb Code    16  kcd_task.o(i.init)
    init_ae_tsk_test                         0x00000db9   Thumb Code    96  ae_tasks340_g99.o(i.init_ae_tsk_test)
    init_list_head                           0x00000e35   Thumb Code     6  k_mem.o(i.init_list_head)
    init_printf                              0x00000e3d   Thumb Code    10  printf.o(i.init_printf)
    init_rb                                  0x00000e51   Thumb Code    14  k_msg.o(i.init_rb)
    k_alloc_k_stack                          0x00000e61   Thumb Code    36  k_mem.o(i.k_alloc_k_stack)
    k_alloc_p_stack                          0x00000e8d   Thumb Code    36  k_mem.o(i.k_alloc_p_stack)
    k_mbx_create                             0x00000eb9   Thumb Code   196  k_msg.o(i.k_mbx_create)
    k_mbx_get                                0x00000f89   Thumb Code    52  k_msg.o(i.k_mbx_get)
    k_mbx_ls                                 0x00000fc5   Thumb Code    74  k_msg.o(i.k_mbx_ls)
    k_mem_init                               0x00001019   Thumb Code    48  k_mem.o(i.k_mem_init)
    k_mpool_alloc                            0x00001059   Thumb Code   404  k_mem.o(i.k_mpool_alloc)
    k_mpool_create                           0x00001205   Thumb Code   252  k_mem.o(i.k_mpool_create)
    k_mpool_dealloc                          0x00001325   Thumb Code  1194  k_mem.o(i.k_mpool_dealloc)
    k_mpool_dump                             0x000017d9   Thumb Code   228  k_mem.o(i.k_mpool_dump)
    k_pre_rtx_init                           0x000018f9   Thumb Code    36  k_rtx_init.o(i.k_pre_rtx_init)
    k_recv_msg                               0x0000191d   Thumb Code   332  k_msg.o(i.k_recv_msg)
    k_recv_msg_nb                            0x00001acd   Thumb Code   248  k_msg.o(i.k_recv_msg_nb)
    k_recv_uart                              0x00001bf5   Thumb Code    42  k_msg.o(i.k_recv_uart)
    k_rt_tsk_get                             0x00001c25   Thumb Code    26  k_task.o(i.k_rt_tsk_get)
    k_rt_tsk_set                             0x00001c3f   Thumb Code     6  k_task.o(i.k_rt_tsk_set)
    k_rt_tsk_susp                            0x00001c45   Thumb Code     4  k_task.o(i.k_rt_tsk_susp)
    k_rtx_init                               0x00001c49   Thumb Code    50  k_rtx_init.o(i.k_rtx_init)
    k_send_msg                               0x00001c81   Thumb Code   476  k_msg.o(i.k_send_msg)
    k_send_msg_nb                            0x00001f0d   Thumb Code   348  k_msg.o(i.k_send_msg_nb)
    k_send_to_uart                           0x00002095   Thumb Code    70  k_msg.o(i.k_send_to_uart)
    k_tsk_create                             0x000020e9   Thumb Code   220  k_task.o(i.k_tsk_create)
    k_tsk_create_new                         0x000021d9   Thumb Code   240  k_task.o(i.k_tsk_create_new)
    k_tsk_exit                               0x000022d1   Thumb Code    96  k_task.o(i.k_tsk_exit)
    k_tsk_get                                0x0000233d   Thumb Code   128  k_task.o(i.k_tsk_get)
    k_tsk_gettid                             0x000023c5   Thumb Code     8  k_task.o(i.k_tsk_gettid)
    k_tsk_init                               0x000023d1   Thumb Code   338  k_task.o(i.k_tsk_init)
    k_tsk_init_dsp                           0x0000253d   Thumb Code    24  k_task.o(i.k_tsk_init_dsp)
    k_tsk_init_first                         0x00002559   Thumb Code    22  k_task.o(i.k_tsk_init_first)
    k_tsk_init_kcd                           0x00002575   Thumb Code    24  k_task.o(i.k_tsk_init_kcd)
    k_tsk_ls                                 0x00002591   Thumb Code    70  k_task.o(i.k_tsk_ls)
    k_tsk_run_new                            0x000025e1   Thumb Code   100  k_task.o(i.k_tsk_run_new)
    k_tsk_set_prio                           0x00002649   Thumb Code   346  k_task.o(i.k_tsk_set_prio)
    k_tsk_yield                              0x000027b5   Thumb Code    68  k_task.o(i.k_tsk_yield)
    list_first_entry_or_null                 0x00002801   Thumb Code    16  k_mem.o(i.list_first_entry_or_null)
    main                                     0x00002811   Thumb Code    84  main.o(i.main)
    print_log                                0x00002879   Thumb Code    42  ae_util.o(i.print_log)
    print_results                            0x000028e9   Thumb Code   118  ae_util.o(i.print_results)
    print_summary                            0x00002a09   Thumb Code    22  ae_util.o(i.print_summary)
    process_sub_result                       0x00002a35   Thumb Code    46  ae_util.o(i.process_sub_result)
    ptr_to_pidx                              0x00002a6d   Thumb Code    34  k_mem.o(i.ptr_to_pidx)
    putc                                     0x00002a99   Thumb Code    28  uart_polling.o(i.putc)
    q_add_to_list_head                       0x00002b39   Thumb Code    10  k_task.o(i.q_add_to_list_head)
    q_add_to_list_last                       0x00002b43   Thumb Code    10  k_task.o(i.q_add_to_list_last)
    q_delete_first_node                      0x00002b4d   Thumb Code    28  k_task.o(i.q_delete_first_node)
    q_delete_node                            0x00002b69   Thumb Code    20  k_task.o(i.q_delete_node)
    q_init_list_head                         0x00002b7d   Thumb Code     6  k_task.o(i.q_init_list_head)
    q_list_first_entry_or_null               0x00002b83   Thumb Code    16  k_task.o(i.q_list_first_entry_or_null)
    read_rb                                  0x00002b93   Thumb Code    90  k_msg.o(i.read_rb)
    scheduler                                0x00002bed   Thumb Code    74  k_task.o(i.scheduler)
    set_ae_init_tasks                        0x00002c41   Thumb Code    24  ae_tasks340_g99.o(i.set_ae_init_tasks)
    set_ae_tasks                             0x00002c5d   Thumb Code    64  ae_tasks340_g99.o(i.set_ae_tasks)
    strcpy                                   0x00002ca1   Thumb Code    32  ae_util.o(i.strcpy)
    task0                                    0x00002cc1   Thumb Code   476  ae_tasks340_g99.o(i.task0)
    task2                                    0x00002fb1   Thumb Code   576  ae_tasks340_g99.o(i.task2)
    task_cdisp                               0x00003385   Thumb Code   138  cdisp_task.o(i.task_cdisp)
    task_kcd                                 0x00003415   Thumb Code   890  kcd_task.o(i.task_kcd)
    task_null                                0x00003859   Thumb Code     6  null_task.o(i.task_null)
    test0_start                              0x00003861   Thumb Code   132  ae_tasks340_g99.o(i.test0_start)
    test1_start                              0x00003931   Thumb Code   370  ae_tasks340_g99.o(i.test1_start)
    test_abort                               0x00003ba5   Thumb Code    36  ae_util.o(i.test_abort)
    test_exit                                0x00003c11   Thumb Code    16  ae_util.o(i.test_exit)
    tfp_format                               0x00003c35   Thumb Code   296  printf.o(i.tfp_format)
    tfp_printf                               0x00003d5d   Thumb Code    34  printf.o(i.tfp_printf)
    tfp_sprintf                              0x00003d89   Thumb Code    38  printf.o(i.tfp_sprintf)
    uart_init                                0x00003db5   Thumb Code    96  uart_polling.o(i.uart_init)
    uart_irq_init                            0x00003e21   Thumb Code   164  uart_irq.o(i.uart_irq_init)
    uart_put_char                            0x00003ed5   Thumb Code    42  uart_polling.o(i.uart_put_char)
    uart_put_string                          0x00003f09   Thumb Code    38  uart_polling.o(i.uart_put_string)
    update_ae_xtest                          0x00003f85   Thumb Code    18  ae_tasks340_g99.o(i.update_ae_xtest)
    update_exec_seq                          0x00003f9d   Thumb Code    64  ae_tasks340_g99.o(i.update_exec_seq)
    write_rb                                 0x00003fe1   Thumb Code    90  k_msg.o(i.write_rb)
    PREFIX                                   0x0000403a   Data          10  ae_tasks340_g99.o(.constdata)
    PREFIX_LOG                               0x00004044   Data          14  ae_tasks340_g99.o(.constdata)
    PREFIX_LOG2                              0x00004052   Data          15  ae_tasks340_g99.o(.constdata)
    Region$$Table$$Base                      0x00004180   Number         0  anon$$obj.o(Region$$Table)
    Region$$Table$$Limit                     0x000041a0   Number         0  anon$$obj.o(Region$$Table)
    g_buffer                                 0x10000000   Data         128  uart_irq.o(.data)
    g_send_char                              0x10000084   Data           1  uart_irq.o(.data)
    g_char_in                                0x10000085   Data           1  uart_irq.o(.data)
    g_tx_irq                                 0x10000086   Data           1  uart_irq.o(.data)
    g_switch_flag                            0x10000087   Data           1  uart_irq.o(.data)
    g_recv_flag                              0x10000088   Data           1  uart_irq.o(.data)
    g_timer_count                            0x1000008c   Data           4  timer.o(.data)
    ptr_2                                    0x10000090   Data           4  k_mem.o(.data)
    h_1                                      0x10000094   Data           4  k_mem.o(.data)
    h_2                                      0x10000098   Data           4  k_mem.o(.data)
    errno                                    0x1000009c   Data           4  k_rtx_init.o(.data)
    gp_current_task                          0x100000a0   Data           4  k_task.o(.data)
    g_num_active_tasks                       0x100000a4   Data           4  k_task.o(.data)
    head                                     0x100000b0   Data           4  kcd_task.o(.data)
    tail                                     0x100000b4   Data           4  kcd_task.o(.data)
    command_length                           0x100000b8   Data           4  kcd_task.o(.data)
    uart_mb                                  0x100000cc   Data         168  uart_irq.o(.bss)
    g_k_stacks                               0x10000178   Data       10240  k_mem.o(.bss)
    free_area_1                              0x10002978   Data         144  k_mem.o(.bss)
    free_area_2                              0x10002a08   Data         192  k_mem.o(.bss)
    g_p_stacks                               0x10002ac8   Data        1536  k_mem.o(.bss)
    bit_array_1                              0x100030c8   Data          32  k_mem.o(.bss)
    bit_array_2                              0x100030e8   Data         256  k_mem.o(.bss)
    mailboxes                                0x100031e8   Data        1680  k_msg.o(.bss)
    g_tcbs                                   0x10003878   Data         360  k_task.o(.bss)
    queue                                    0x100039e0   Data         144  k_task.o(.bss)
    __libspace_start                         0x10003a70   Data          96  libspace.o(.bss)
    __temporary_stack_top$libspace           0x10003ad0   Data           0  libspace.o(.bss)
    g_init_tasks                             0x10003ad0   Data          12  ae_tasks340_g99.o(.bss)
    g_ae_xtest                               0x10003adc   Data         132  ae_tasks340_g99.o(.bss)
    g_ae_cases                               0x10003b60   Data          16  ae_tasks340_g99.o(.bss)
    g_tsk_cases                              0x10003b70   Data         144  ae_tasks340_g99.o(.bss)
    g_buf1                                   0x10003c00   Data         128  ae_tasks340_g99.o(.bss)
    g_buf2                                   0x10003c80   Data         128  ae_tasks340_g99.o(.bss)
    g_tasks                                  0x10003d00   Data          10  ae_tasks340_g99.o(.bss)
    g_tids                                   0x10003d0a   Data          10  ae_tasks340_g99.o(.bss)



==============================================================================

Memory Map of the image

  Image Entry point : 0x000000cd

  Load Region LR_IROM1 (Base: 0x00000000, Size: 0x0000426c, Max: 0x00080000, ABSOLUTE)

    Execution Region ER_IROM1 (Exec base: 0x00000000, Load base: 0x00000000, Size: 0x000041a0, Max: 0x00080000, ABSOLUTE)

    Exec Addr    Load Addr    Size         Type   Attr      Idx    E Section Name        Object

    0x00000000   0x00000000   0x000000cc   Data   RO         1048    RESET               startup_lpc17xx.o
    0x000000cc   0x000000cc   0x00000008   Code   RO         1102  * !!!main             c_w.l(__main.o)
    0x000000d4   0x000000d4   0x00000034   Code   RO         1531    !!!scatter          c_w.l(__scatter.o)
    0x00000108   0x00000108   0x0000001a   Code   RO         1533    !!handler_copy      c_w.l(__scatter_copy.o)
    0x00000122   0x00000122   0x00000002   PAD
    0x00000124   0x00000124   0x0000001c   Code   RO         1535    !!handler_zi        c_w.l(__scatter_zi.o)
    0x00000140   0x00000140   0x00000002   Code   RO         1212    .ARM.Collect$$libinit$$00000000  c_w.l(libinit.o)
    0x00000142   0x00000142   0x00000000   Code   RO         1261    .ARM.Collect$$libinit$$00000002  c_w.l(libinit2.o)
    0x00000142   0x00000142   0x00000000   Code   RO         1263    .ARM.Collect$$libinit$$00000004  c_w.l(libinit2.o)
    0x00000142   0x00000142   0x00000000   Code   RO         1266    .ARM.Collect$$libinit$$0000000A  c_w.l(libinit2.o)
    0x00000142   0x00000142   0x00000000   Code   RO         1268    .ARM.Collect$$libinit$$0000000C  c_w.l(libinit2.o)
    0x00000142   0x00000142   0x00000000   Code   RO         1270    .ARM.Collect$$libinit$$0000000E  c_w.l(libinit2.o)
    0x00000142   0x00000142   0x00000000   Code   RO         1273    .ARM.Collect$$libinit$$00000011  c_w.l(libinit2.o)
    0x00000142   0x00000142   0x00000000   Code   RO         1275    .ARM.Collect$$libinit$$00000013  c_w.l(libinit2.o)
    0x00000142   0x00000142   0x00000000   Code   RO         1277    .ARM.Collect$$libinit$$00000015  c_w.l(libinit2.o)
    0x00000142   0x00000142   0x00000000   Code   RO         1279    .ARM.Collect$$libinit$$00000017  c_w.l(libinit2.o)
    0x00000142   0x00000142   0x00000000   Code   RO         1281    .ARM.Collect$$libinit$$00000019  c_w.l(libinit2.o)
    0x00000142   0x00000142   0x00000000   Code   RO         1283    .ARM.Collect$$libinit$$0000001B  c_w.l(libinit2.o)
    0x00000142   0x00000142   0x00000000   Code   RO         1285    .ARM.Collect$$libinit$$0000001D  c_w.l(libinit2.o)
    0x00000142   0x00000142   0x00000000   Code   RO         1287    .ARM.Collect$$libinit$$0000001F  c_w.l(libinit2.o)
    0x00000142   0x00000142   0x00000000   Code   RO         1289    .ARM.Collect$$libinit$$00000021  c_w.l(libinit2.o)
    0x00000142   0x00000142   0x00000000   Code   RO         1291    .ARM.Collect$$libinit$$00000023  c_w.l(libinit2.o)
    0x00000142   0x00000142   0x00000000   Code   RO         1293    .ARM.Collect$$libinit$$00000025  c_w.l(libinit2.o)
    0x00000142   0x00000142   0x00000000   Code   RO         1297    .ARM.Collect$$libinit$$0000002C  c_w.l(libinit2.o)
    0x00000142   0x00000142   0x00000000   Code   RO         1299    .ARM.Collect$$libinit$$0000002E  c_w.l(libinit2.o)
    0x00000142   0x00000142   0x00000000   Code   RO         1301    .ARM.Collect$$libinit$$00000030  c_w.l(libinit2.o)
    0x00000142   0x00000142   0x00000000   Code   RO         1303    .ARM.Collect$$libinit$$00000032  c_w.l(libinit2.o)
    0x00000142   0x00000142   0x00000002   Code   RO         1304    .ARM.Collect$$libinit$$00000033  c_w.l(libinit2.o)
    0x00000144   0x00000144   0x00000002   Code   RO         1488    .ARM.Collect$$libshutdown$$00000000  c_w.l(libshutdown.o)
    0x00000146   0x00000146   0x00000000   Code   RO         1514    .ARM.Collect$$libshutdown$$00000002  c_w.l(libshutdown2.o)
    0x00000146   0x00000146   0x00000000   Code   RO         1516    .ARM.Collect$$libshutdown$$00000004  c_w.l(libshutdown2.o)
    0x00000146   0x00000146   0x00000000   Code   RO         1519    .ARM.Collect$$libshutdown$$00000007  c_w.l(libshutdown2.o)
    0x00000146   0x00000146   0x00000000   Code   RO         1522    .ARM.Collect$$libshutdown$$0000000A  c_w.l(libshutdown2.o)
    0x00000146   0x00000146   0x00000000   Code   RO         1524    .ARM.Collect$$libshutdown$$0000000C  c_w.l(libshutdown2.o)
    0x00000146   0x00000146   0x00000000   Code   RO         1527    .ARM.Collect$$libshutdown$$0000000F  c_w.l(libshutdown2.o)
    0x00000146   0x00000146   0x00000002   Code   RO         1528    .ARM.Collect$$libshutdown$$00000010  c_w.l(libshutdown2.o)
    0x00000148   0x00000148   0x00000000   Code   RO         1104    .ARM.Collect$$rtentry$$00000000  c_w.l(__rtentry.o)
    0x00000148   0x00000148   0x00000000   Code   RO         1110    .ARM.Collect$$rtentry$$00000002  c_w.l(__rtentry2.o)
    0x00000148   0x00000148   0x00000006   Code   RO         1122    .ARM.Collect$$rtentry$$00000004  c_w.l(__rtentry4.o)
    0x0000014e   0x0000014e   0x00000000   Code   RO         1112    .ARM.Collect$$rtentry$$00000009  c_w.l(__rtentry2.o)
    0x0000014e   0x0000014e   0x00000004   Code   RO         1113    .ARM.Collect$$rtentry$$0000000A  c_w.l(__rtentry2.o)
    0x00000152   0x00000152   0x00000000   Code   RO         1115    .ARM.Collect$$rtentry$$0000000C  c_w.l(__rtentry2.o)
    0x00000152   0x00000152   0x00000008   Code   RO         1116    .ARM.Collect$$rtentry$$0000000D  c_w.l(__rtentry2.o)
    0x0000015a   0x0000015a   0x00000002   Code   RO         1252    .ARM.Collect$$rtexit$$00000000  c_w.l(rtexit.o)
    0x0000015c   0x0000015c   0x00000000   Code   RO         1397    .ARM.Collect$$rtexit$$00000002  c_w.l(rtexit2.o)
    0x0000015c   0x0000015c   0x00000004   Code   RO         1398    .ARM.Collect$$rtexit$$00000003  c_w.l(rtexit2.o)
    0x00000160   0x00000160   0x00000006   Code   RO         1399    .ARM.Collect$$rtexit$$00000004  c_w.l(rtexit2.o)
    0x00000166   0x00000166   0x00000002   PAD
    0x00000168   0x00000168   0x00000008   Code   RO          237    .emb_text           hal.o
    0x00000170   0x00000170   0x00000032   Code   RO          659    .emb_text           k_task.o
    0x000001a2   0x000001a2   0x00000002   PAD
    0x000001a4   0x000001a4   0x0000003c   Code   RO         1050    .text               startup_lpc17xx.o
    0x000001e0   0x000001e0   0x00000064   Code   RO         1096    .text               c_w.l(rt_memcpy_w.o)
    0x00000244   0x00000244   0x0000004e   Code   RO         1098    .text               c_w.l(rt_memclr_w.o)
    0x00000292   0x00000292   0x00000006   Code   RO         1100    .text               c_w.l(heapauxi.o)
    0x00000298   0x00000298   0x0000004a   Code   RO         1199    .text               c_w.l(sys_stackheap_outer.o)
    0x000002e2   0x000002e2   0x00000012   Code   RO         1201    .text               c_w.l(exit.o)
    0x000002f4   0x000002f4   0x00000008   Code   RO         1249    .text               c_w.l(libspace.o)
    0x000002fc   0x000002fc   0x00000004   Code   RO         1049    .ARM.__at_0x02FC    startup_lpc17xx.o
    0x00000300   0x00000300   0x0000000c   Code   RO         1394    .text               c_w.l(sys_exit.o)
    0x0000030c   0x0000030c   0x00000002   Code   RO         1477    .text               c_w.l(use_no_semi.o)
    0x0000030e   0x0000030e   0x00000000   Code   RO         1479    .text               c_w.l(indicate_semi.o)
    0x0000030e   0x0000030e   0x00000002   PAD
    0x00000310   0x00000310   0x00000030   Code   RO         1411    i.HardFault_Handler  ae-lib-ram.lib(ae_util.o)
    0x00000340   0x00000340   0x00000018   Code   RO          998    i.NewNode           kcd_task.o
    0x00000358   0x00000358   0x00000128   Code   RO          238    i.SVC_Handler       hal.o
    0x00000480   0x00000480   0x00000140   Code   RO         1060    i.SystemInit        system_lpc17xx.o
    0x000005c0   0x000005c0   0x00000018   Code   RO          185    i.TIMER0_IRQHandler  timer.o
    0x000005d8   0x000005d8   0x00000184   Code   RO           87    i.UART0_IRQHandler  uart_irq.o
    0x0000075c   0x0000075c   0x00000022   Code   RO           88    i.__NVIC_EnableIRQ  uart_irq.o
    0x0000077e   0x0000077e   0x00000002   PAD
    0x00000780   0x00000780   0x00000028   Code   RO           89    i.__NVIC_SetPriority  uart_irq.o
    0x000007a8   0x000007a8   0x00000006   Code   RO          660    i.__q_delete_node   k_task.o
    0x000007ae   0x000007ae   0x00000032   Code   RO          847    i.a2d               printf.o
    0x000007e0   0x000007e0   0x0000003a   Code   RO          848    i.a2i               printf.o
    0x0000081a   0x0000081a   0x0000000a   Code   RO          293    i.add_to_list       k_mem.o
    0x00000824   0x00000824   0x00000058   Code   RO          294    i.adr_to_ba_idx     k_mem.o
    0x0000087c   0x0000087c   0x00000004   Code   RO         1213    i.ae_exit           ae-lib-ram.lib(ae.o)
    0x00000880   0x00000880   0x00000030   Code   RO         1214    i.ae_init           ae-lib-ram.lib(ae.o)
    0x000008b0   0x000008b0   0x00000016   Code   RO         1215    i.ae_set_init_tasks_info  ae-lib-ram.lib(ae.o)
    0x000008c6   0x000008c6   0x00000016   Code   RO         1216    i.ae_set_sys_info   ae-lib-ram.lib(ae.o)
    0x000008dc   0x000008dc   0x00000024   Code   RO          295    i.bitmap_scan_test  k_mem.o
    0x00000900   0x00000900   0x00000030   Code   RO          296    i.bitmap_xor_and_test  k_mem.o
    0x00000930   0x00000930   0x00000012   Code   RO          459    i.check_rb_empty    k_msg.o
    0x00000942   0x00000942   0x00000012   Code   RO         1412    i.count_set_bits    ae-lib-ram.lib(ae_util.o)
    0x00000954   0x00000954   0x0000001a   Code   RO          461    i.cpymem            k_msg.o
    0x0000096e   0x0000096e   0x00000002   PAD
    0x00000970   0x00000970   0x0000007c   Code   RO          999    i.deQueue           kcd_task.o
    0x000009ec   0x000009ec   0x00000014   Code   RO          297    i.delete_node       k_mem.o
    0x00000a00   0x00000a00   0x0000002e   Code   RO          462    i.free_rb           k_msg.o
    0x00000a2e   0x00000a2e   0x00000002   PAD
    0x00000a30   0x00000a30   0x0000004c   Code   RO         1305    i.gen_req0          ae-lib-ram.lib(ae_tasks340_g99.o)
    0x00000a7c   0x00000a7c   0x00000048   Code   RO         1306    i.gen_req1          ae-lib-ram.lib(ae_tasks340_g99.o)
    0x00000ac4   0x00000ac4   0x00000038   Code   RO          298    i.get_bit_idx       k_mem.o
    0x00000afc   0x00000afc   0x0000002c   Code   RO          299    i.get_buddy_index   k_mem.o
    0x00000b28   0x00000b28   0x00000010   Code   RO          300    i.get_log_2_down    k_mem.o
    0x00000b38   0x00000b38   0x0000002c   Code   RO          301    i.get_log_2_up      k_mem.o
    0x00000b64   0x00000b64   0x00000008   Code   RO          302    i.get_mpool_size    k_mem.o
    0x00000b6c   0x00000b6c   0x00000072   Code   RO          463    i.get_msg_size      k_msg.o
    0x00000bde   0x00000bde   0x0000000e   Code   RO          464    i.get_rb_free_size  k_msg.o
    0x00000bec   0x00000bec   0x00000048   Code   RO          303    i.get_root_idx      k_mem.o
    0x00000c34   0x00000c34   0x00000024   Code   RO          661    i.get_valid_tid     k_task.o
    0x00000c58   0x00000c58   0x0000005c   Code   RO          465    i.get_waiting_highest  k_msg.o
    0x00000cb4   0x00000cb4   0x00000020   Code   RO          849    i.i2a               printf.o
    0x00000cd4   0x00000cd4   0x00000074   Code   RO          304    i.idx_to_ptr        k_mem.o
    0x00000d48   0x00000d48   0x00000054   Code   RO         1000    i.inQueue           kcd_task.o
    0x00000d9c   0x00000d9c   0x0000001c   Code   RO         1001    i.init              kcd_task.o
    0x00000db8   0x00000db8   0x0000007c   Code   RO         1307    i.init_ae_tsk_test  ae-lib-ram.lib(ae_tasks340_g99.o)
    0x00000e34   0x00000e34   0x00000006   Code   RO          305    i.init_list_head    k_mem.o
    0x00000e3a   0x00000e3a   0x00000002   PAD
    0x00000e3c   0x00000e3c   0x00000014   Code   RO          850    i.init_printf       printf.o
    0x00000e50   0x00000e50   0x0000000e   Code   RO          467    i.init_rb           k_msg.o
    0x00000e5e   0x00000e5e   0x00000002   PAD
    0x00000e60   0x00000e60   0x0000002c   Code   RO          306    i.k_alloc_k_stack   k_mem.o
    0x00000e8c   0x00000e8c   0x0000002c   Code   RO          307    i.k_alloc_p_stack   k_mem.o
    0x00000eb8   0x00000eb8   0x000000d0   Code   RO          468    i.k_mbx_create      k_msg.o
    0x00000f88   0x00000f88   0x0000003c   Code   RO          469    i.k_mbx_get         k_msg.o
    0x00000fc4   0x00000fc4   0x00000054   Code   RO          470    i.k_mbx_ls          k_msg.o
    0x00001018   0x00001018   0x00000040   Code   RO          308    i.k_mem_init        k_mem.o
    0x00001058   0x00001058   0x000001ac   Code   RO          309    i.k_mpool_alloc     k_mem.o
    0x00001204   0x00001204   0x00000120   Code   RO          310    i.k_mpool_create    k_mem.o
    0x00001324   0x00001324   0x000004b4   Code   RO          311    i.k_mpool_dealloc   k_mem.o
    0x000017d8   0x000017d8   0x00000120   Code   RO          312    i.k_mpool_dump      k_mem.o
    0x000018f8   0x000018f8   0x00000024   Code   RO          615    i.k_pre_rtx_init    k_rtx_init.o
    0x0000191c   0x0000191c   0x000001b0   Code   RO          471    i.k_recv_msg        k_msg.o
    0x00001acc   0x00001acc   0x00000128   Code   RO          472    i.k_recv_msg_nb     k_msg.o
    0x00001bf4   0x00001bf4   0x00000030   Code   RO          473    i.k_recv_uart       k_msg.o
    0x00001c24   0x00001c24   0x0000001a   Code   RO          662    i.k_rt_tsk_get      k_task.o
    0x00001c3e   0x00001c3e   0x00000006   Code   RO          663    i.k_rt_tsk_set      k_task.o
    0x00001c44   0x00001c44   0x00000004   Code   RO          664    i.k_rt_tsk_susp     k_task.o
    0x00001c48   0x00001c48   0x00000038   Code   RO          616    i.k_rtx_init        k_rtx_init.o
    0x00001c80   0x00001c80   0x0000028c   Code   RO          474    i.k_send_msg        k_msg.o
    0x00001f0c   0x00001f0c   0x00000188   Code   RO          475    i.k_send_msg_nb     k_msg.o
    0x00002094   0x00002094   0x00000054   Code   RO          476    i.k_send_to_uart    k_msg.o
    0x000020e8   0x000020e8   0x000000f0   Code   RO          665    i.k_tsk_create      k_task.o
    0x000021d8   0x000021d8   0x000000f8   Code   RO          666    i.k_tsk_create_new  k_task.o
    0x000022d0   0x000022d0   0x0000006c   Code   RO          667    i.k_tsk_exit        k_task.o
    0x0000233c   0x0000233c   0x00000088   Code   RO          668    i.k_tsk_get         k_task.o
    0x000023c4   0x000023c4   0x0000000c   Code   RO          669    i.k_tsk_gettid      k_task.o
    0x000023d0   0x000023d0   0x0000016c   Code   RO          670    i.k_tsk_init        k_task.o
    0x0000253c   0x0000253c   0x0000001c   Code   RO          671    i.k_tsk_init_dsp    k_task.o
    0x00002558   0x00002558   0x0000001c   Code   RO          672    i.k_tsk_init_first  k_task.o
    0x00002574   0x00002574   0x0000001c   Code   RO          673    i.k_tsk_init_kcd    k_task.o
    0x00002590   0x00002590   0x00000050   Code   RO          674    i.k_tsk_ls          k_task.o
    0x000025e0   0x000025e0   0x00000068   Code   RO          675    i.k_tsk_run_new     k_task.o
    0x00002648   0x00002648   0x0000016c   Code   RO          676    i.k_tsk_set_prio    k_task.o
    0x000027b4   0x000027b4   0x0000004c   Code   RO          677    i.k_tsk_yield       k_task.o
    0x00002800   0x00002800   0x00000010   Code   RO          314    i.list_first_entry_or_null  k_mem.o
    0x00002810   0x00002810   0x00000068   Code   RO         1128    i.main              ae-lib-ram.lib(main.o)
    0x00002878   0x00002878   0x00000070   Code   RO         1413    i.print_log         ae-lib-ram.lib(ae_util.o)
    0x000028e8   0x000028e8   0x00000120   Code   RO         1414    i.print_results     ae-lib-ram.lib(ae_util.o)
    0x00002a08   0x00002a08   0x0000002c   Code   RO         1415    i.print_summary     ae-lib-ram.lib(ae_util.o)
    0x00002a34   0x00002a34   0x00000038   Code   RO         1416    i.process_sub_result  ae-lib-ram.lib(ae_util.o)
    0x00002a6c   0x00002a6c   0x0000002c   Code   RO          315    i.ptr_to_pidx       k_mem.o
    0x00002a98   0x00002a98   0x00000044   Code   RO            4    i.putc              uart_polling.o
    0x00002adc   0x00002adc   0x00000052   Code   RO          851    i.putchw            printf.o
    0x00002b2e   0x00002b2e   0x0000000a   Code   RO          852    i.putcp             printf.o
    0x00002b38   0x00002b38   0x0000000a   Code   RO          678    i.q_add_to_list_head  k_task.o
    0x00002b42   0x00002b42   0x0000000a   Code   RO          679    i.q_add_to_list_last  k_task.o
    0x00002b4c   0x00002b4c   0x0000001c   Code   RO          680    i.q_delete_first_node  k_task.o
    0x00002b68   0x00002b68   0x00000014   Code   RO          681    i.q_delete_node     k_task.o
    0x00002b7c   0x00002b7c   0x00000006   Code   RO          682    i.q_init_list_head  k_task.o
    0x00002b82   0x00002b82   0x00000010   Code   RO          683    i.q_list_first_entry_or_null  k_task.o
    0x00002b92   0x00002b92   0x0000005a   Code   RO          477    i.read_rb           k_msg.o
    0x00002bec   0x00002bec   0x00000054   Code   RO          684    i.scheduler         k_task.o
    0x00002c40   0x00002c40   0x0000001c   Code   RO         1308    i.set_ae_init_tasks  ae-lib-ram.lib(ae_tasks340_g99.o)
    0x00002c5c   0x00002c5c   0x00000044   Code   RO         1309    i.set_ae_tasks      ae-lib-ram.lib(ae_tasks340_g99.o)
    0x00002ca0   0x00002ca0   0x00000020   Code   RO         1417    i.strcpy            ae-lib-ram.lib(ae_util.o)
    0x00002cc0   0x00002cc0   0x000002f0   Code   RO         1310    i.task0             ae-lib-ram.lib(ae_tasks340_g99.o)
    0x00002fb0   0x00002fb0   0x000003d4   Code   RO         1311    i.task2             ae-lib-ram.lib(ae_tasks340_g99.o)
    0x00003384   0x00003384   0x00000090   Code   RO          912    i.task_cdisp        cdisp_task.o
    0x00003414   0x00003414   0x00000444   Code   RO         1002    i.task_kcd          kcd_task.o
    0x00003858   0x00003858   0x00000006   Code   RO          958    i.task_null         null_task.o
    0x0000385e   0x0000385e   0x00000002   PAD
    0x00003860   0x00003860   0x000000d0   Code   RO         1312    i.test0_start       ae-lib-ram.lib(ae_tasks340_g99.o)
    0x00003930   0x00003930   0x00000274   Code   RO         1313    i.test1_start       ae-lib-ram.lib(ae_tasks340_g99.o)
    0x00003ba4   0x00003ba4   0x0000006c   Code   RO         1418    i.test_abort        ae-lib-ram.lib(ae_util.o)
    0x00003c10   0x00003c10   0x00000024   Code   RO         1419    i.test_exit         ae-lib-ram.lib(ae_util.o)
    0x00003c34   0x00003c34   0x00000128   Code   RO          853    i.tfp_format        printf.o
    0x00003d5c   0x00003d5c   0x0000002c   Code   RO          854    i.tfp_printf        printf.o
    0x00003d88   0x00003d88   0x0000002c   Code   RO          855    i.tfp_sprintf       printf.o
    0x00003db4   0x00003db4   0x0000006c   Code   RO            6    i.uart_init         uart_polling.o
    0x00003e20   0x00003e20   0x000000b4   Code   RO           90    i.uart_irq_init     uart_irq.o
    0x00003ed4   0x00003ed4   0x00000034   Code   RO            7    i.uart_put_char     uart_polling.o
    0x00003f08   0x00003f08   0x00000026   Code   RO            8    i.uart_put_string   uart_polling.o
    0x00003f2e   0x00003f2e   0x00000056   Code   RO          856    i.ui2a              printf.o
    0x00003f84   0x00003f84   0x00000018   Code   RO         1314    i.update_ae_xtest   ae-lib-ram.lib(ae_tasks340_g99.o)
    0x00003f9c   0x00003f9c   0x00000044   Code   RO         1315    i.update_exec_seq   ae-lib-ram.lib(ae_tasks340_g99.o)
    0x00003fe0   0x00003fe0   0x0000005a   Code   RO          479    i.write_rb          k_msg.o
    0x0000403a   0x0000403a   0x00000027   Data   RO         1317    .constdata          ae-lib-ram.lib(ae_tasks340_g99.o)
    0x00004061   0x00004061   0x00000003   PAD
    0x00004064   0x00004064   0x0000011b   Data   RO         1318    .conststring        ae-lib-ram.lib(ae_tasks340_g99.o)
    0x0000417f   0x0000417f   0x00000001   PAD
    0x00004180   0x00004180   0x00000020   Data   RO         1529    Region$$Table       anon$$obj.o


    Execution Region RW_IRAM1 (Exec base: 0x10000000, Load base: 0x000041a0, Size: 0x00003f18, Max: 0x00007000, ABSOLUTE)

    Exec Addr    Load Addr    Size         Type   Attr      Idx    E Section Name        Object

    0x10000000   0x000041a0   0x00000089   Data   RW           92    .data               uart_irq.o
    0x10000089   0x00004229   0x00000003   PAD
    0x1000008c   0x0000422c   0x00000004   Data   RW          189    .data               timer.o
    0x10000090   0x00004230   0x0000000c   Data   RW          318    .data               k_mem.o
    0x1000009c   0x0000423c   0x00000004   Data   RW          617    .data               k_rtx_init.o
    0x100000a0   0x00004240   0x00000008   Data   RW          686    .data               k_task.o
    0x100000a8   0x00004248   0x00000008   Data   RW          857    .data               printf.o
    0x100000b0   0x00004250   0x0000000c   Data   RW         1003    .data               kcd_task.o
    0x100000bc   0x0000425c   0x00000010   Data   RW         1129    .data               ae-lib-ram.lib(main.o)
    0x100000cc        -       0x000000a8   Zero   RW           91    .bss                uart_irq.o
    0x10000174   0x0000426c   0x00000004   PAD
    0x10000178        -       0x00003070   Zero   RW          316    .bss                k_mem.o
    0x100031e8        -       0x00000690   Zero   RW          480    .bss                k_msg.o
    0x10003878        -       0x000001f8   Zero   RW          685    .bss                k_task.o
    0x10003a70        -       0x00000060   Zero   RW         1250    .bss                c_w.l(libspace.o)
    0x10003ad0        -       0x00000244   Zero   RW         1316    .bss                ae-lib-ram.lib(ae_tasks340_g99.o)
    0x10003d14   0x0000426c   0x00000004   PAD
    0x10003d18        -       0x00000000   Zero   RW         1047    HEAP                startup_lpc17xx.o
    0x10003d18        -       0x00000200   Zero   RW         1046    STACK               startup_lpc17xx.o


==============================================================================

Image component sizes


      Code (inc. data)   RO Data    RW Data    ZI Data      Debug   Object Name

       144          6          0          0          0       1249   cdisp_task.o
       304         24          0          0          0       6749   hal.o
      2984        272          0         12      12400      17007   k_mem.o
      2760        422          0          0       1680      12738   k_msg.o
        92          6          0          4          0       5562   k_rtx_init.o
      2118        150          0          8        504      20695   k_task.o
      1352        240          0         12          0       5819   kcd_task.o
         6          0          0          0          0        400   null_task.o
       722         26          0          8          0       6430   printf.o
        64         26        204          0        512       1004   startup_lpc17xx.o
       320         18          0          0          0        577   system_lpc17xx.o
        24          4          0          4          0       1392   timer.o
       642         62          0        137        168       8054   uart_irq.o
       266         62          0          0          0      24253   uart_polling.o

    ----------------------------------------------------------------------
     11812       1318        236        188      15268     111929   Object Totals
         0          0         32          0          0          0   (incl. Generated)
        14          0          0          3          4          0   (incl. Padding)

    ----------------------------------------------------------------------

      Code (inc. data)   RO Data    RW Data    ZI Data      Debug   Library Member Name

        96          0          0          0          0       5019   ae.o
      3028       1068        322          0        580      10440   ae_tasks340_g99.o
       742        390          0          0          0       6022   ae_util.o
       104         20          0         16          0       8131   main.o
         8          0          0          0          0         68   __main.o
         0          0          0          0          0          0   __rtentry.o
        12          0          0          0          0          0   __rtentry2.o
         6          0          0          0          0          0   __rtentry4.o
        52          8          0          0          0          0   __scatter.o
        26          0          0          0          0          0   __scatter_copy.o
        28          0          0          0          0          0   __scatter_zi.o
        18          0          0          0          0         80   exit.o
         6          0          0          0          0        152   heapauxi.o
         0          0          0          0          0          0   indicate_semi.o
         2          0          0          0          0          0   libinit.o
         2          0          0          0          0          0   libinit2.o
         2          0          0          0          0          0   libshutdown.o
         2          0          0          0          0          0   libshutdown2.o
         8          4          0          0         96         68   libspace.o
        78          0          0          0          0         80   rt_memclr_w.o
       100          0          0          0          0         80   rt_memcpy_w.o
         2          0          0          0          0          0   rtexit.o
        10          0          0          0          0          0   rtexit2.o
        12          4          0          0          0         68   sys_exit.o
        74          0          0          0          0         80   sys_stackheap_outer.o
         2          0          0          0          0         68   use_no_semi.o

    ----------------------------------------------------------------------
      4426       1494        326         16        680      30356   Library Totals
         6          0          4          0          4          0   (incl. Padding)

    ----------------------------------------------------------------------

      Code (inc. data)   RO Data    RW Data    ZI Data      Debug   Library Name

      3970       1478        322         16        580      29612   ae-lib-ram.lib
       450         16          0          0         96        744   c_w.l

    ----------------------------------------------------------------------
      4426       1494        326         16        680      30356   Library Totals

    ----------------------------------------------------------------------

==============================================================================


      Code (inc. data)   RO Data    RW Data    ZI Data      Debug   

     16238       2812        562        204      15948     135937   Grand Totals
     16238       2812        562        204      15948     135937   ELF Image Totals
     16238       2812        562        204          0          0   ROM Totals

==============================================================================

    Total RO  Size (Code + RO Data)                16800 (  16.41kB)
    Total RW  Size (RW Data + ZI Data)             16152 (  15.77kB)
    Total ROM Size (Code + RO Data + RW Data)      17004 (  16.61kB)

==============================================================================

