Component: ARM Compiler 5.06 update 7 (build 960) Tool: armlink [4d3601]

==============================================================================

Section Cross References

    uart_polling.o(i.putc) refers to uart_polling.o(i.uart_put_string) for uart_put_string
    uart_polling.o(i.putc) refers to uart_polling.o(i.uart_put_char) for uart_put_char
    uart_polling.o(i.uart_put_string) refers to uart_polling.o(i.uart_put_char) for uart_put_char
    uart_irq.o(i.UART0_IRQHandler) refers to uart_irq.o(.data) for g_send_char
    uart_irq.o(i.uart_irq_init) refers to uart_irq.o(i.__NVIC_SetPriority) for __NVIC_SetPriority
    uart_irq.o(i.uart_irq_init) refers to uart_irq.o(i.__NVIC_EnableIRQ) for __NVIC_EnableIRQ
    timer.o(i.TIMER0_IRQHandler) refers to timer.o(.data) for g_timer_count
    timer.o(i.timer_irq_init) refers to timer.o(.data) for g_timer_count
    hal.o(i.SVC_Handler) refers to k_rtx_init.o(i.k_rtx_init) for k_rtx_init
    hal.o(i.SVC_Handler) refers to k_mem.o(i.k_mpool_alloc) for k_mpool_alloc
    hal.o(i.SVC_Handler) refers to k_mem.o(i.k_mpool_dealloc) for k_mpool_dealloc
    hal.o(i.SVC_Handler) refers to k_mem.o(i.k_mpool_dump) for k_mpool_dump
    hal.o(i.SVC_Handler) refers to k_task.o(i.k_tsk_create) for k_tsk_create
    hal.o(i.SVC_Handler) refers to k_task.o(i.k_tsk_exit) for k_tsk_exit
    hal.o(i.SVC_Handler) refers to k_task.o(i.k_tsk_yield) for k_tsk_yield
    hal.o(i.SVC_Handler) refers to k_task.o(i.k_tsk_set_prio) for k_tsk_set_prio
    hal.o(i.SVC_Handler) refers to k_task.o(i.k_tsk_get) for k_tsk_get
    hal.o(i.SVC_Handler) refers to k_task.o(i.k_tsk_gettid) for k_tsk_gettid
    hal.o(i.SVC_Handler) refers to k_task.o(i.k_tsk_ls) for k_tsk_ls
    hal.o(i.SVC_Handler) refers to k_msg.o(i.k_mbx_create) for k_mbx_create
    hal.o(i.SVC_Handler) refers to k_msg.o(i.k_send_msg) for k_send_msg
    hal.o(i.SVC_Handler) refers to k_msg.o(i.k_send_msg_nb) for k_send_msg_nb
    hal.o(i.SVC_Handler) refers to k_msg.o(i.k_recv_msg) for k_recv_msg
    hal.o(i.SVC_Handler) refers to k_msg.o(i.k_recv_msg_nb) for k_recv_msg_nb
    hal.o(i.SVC_Handler) refers to k_msg.o(i.k_mbx_ls) for k_mbx_ls
    hal.o(i.SVC_Handler) refers to k_msg.o(i.k_mbx_get) for k_mbx_get
    hal.o(i.SVC_Handler) refers to k_task.o(i.k_rt_tsk_set) for k_rt_tsk_set
    hal.o(i.SVC_Handler) refers to k_task.o(i.k_rt_tsk_susp) for k_rt_tsk_susp
    hal.o(i.SVC_Handler) refers to k_task.o(i.k_rt_tsk_get) for k_rt_tsk_get
    k_mem.o(i.adr_to_ba_idx) refers to k_mem.o(.data) for h_1
    k_mem.o(i.delete_node) refers to k_mem.o(i.__delete_node) for __delete_node
    k_mem.o(i.get_ba_first_zero) refers to k_mem.o(i.bitmap_scan_test) for bitmap_scan_test
    k_mem.o(i.get_bit_idx) refers to k_mem.o(.data) for h_2
    k_mem.o(i.get_buddy_index) refers to k_mem.o(.data) for h_2
    k_mem.o(i.get_root_idx) refers to k_mem.o(.data) for h_2
    k_mem.o(i.idx_to_ptr) refers to k_mem.o(i.get_log_2_down) for get_log_2_down
    k_mem.o(i.idx_to_ptr) refers to k_mem.o(.data) for h_2
    k_mem.o(i.k_alloc_k_stack) refers to k_rtx_init.o(.data) for errno
    k_mem.o(i.k_alloc_k_stack) refers to k_mem.o(.bss) for g_k_stacks
    k_mem.o(i.k_alloc_p_stack) refers to k_rtx_init.o(.data) for errno
    k_mem.o(i.k_alloc_p_stack) refers to k_mem.o(.bss) for g_p_stacks
    k_mem.o(i.k_mem_init) refers to k_mem.o(i.k_mpool_create) for k_mpool_create
    k_mem.o(i.k_mpool_alloc) refers to k_mem.o(i.get_log_2_up) for get_log_2_up
    k_mem.o(i.k_mpool_alloc) refers to k_mem.o(i.get_log_2_down) for get_log_2_down
    k_mem.o(i.k_mpool_alloc) refers to k_mem.o(i.list_first_entry_or_null) for list_first_entry_or_null
    k_mem.o(i.k_mpool_alloc) refers to k_mem.o(i.delete_node) for delete_node
    k_mem.o(i.k_mpool_alloc) refers to k_mem.o(i.adr_to_ba_idx) for adr_to_ba_idx
    k_mem.o(i.k_mpool_alloc) refers to k_mem.o(i.bitmap_xor_and_test) for bitmap_xor_and_test
    k_mem.o(i.k_mpool_alloc) refers to k_mem.o(i.bitmap_scan_test) for bitmap_scan_test
    k_mem.o(i.k_mpool_alloc) refers to k_mem.o(i.idx_to_ptr) for idx_to_ptr
    k_mem.o(i.k_mpool_alloc) refers to k_mem.o(i.add_to_list) for add_to_list
    k_mem.o(i.k_mpool_alloc) refers to k_mem.o(.data) for h_1
    k_mem.o(i.k_mpool_alloc) refers to k_mem.o(.bss) for free_area_1
    k_mem.o(i.k_mpool_create) refers to k_mem.o(i.get_mpool_size) for get_mpool_size
    k_mem.o(i.k_mpool_create) refers to k_mem.o(i.get_log_2_down) for get_log_2_down
    k_mem.o(i.k_mpool_create) refers to k_mem.o(i.init_list_head) for init_list_head
    k_mem.o(i.k_mpool_create) refers to rt_memclr_w.o(.text) for __aeabi_memclr4
    k_mem.o(i.k_mpool_create) refers to k_mem.o(i.add_to_list) for add_to_list
    k_mem.o(i.k_mpool_create) refers to k_rtx_init.o(.data) for errno
    k_mem.o(i.k_mpool_create) refers to k_mem.o(.data) for h_1
    k_mem.o(i.k_mpool_create) refers to k_mem.o(.bss) for free_area_1
[...]
    ae_tasks1_g38.o(i.set_ae_tasks) refers to ae_tasks1_g38.o(i.init_ae_tsk_test) for init_ae_tsk_test
    ae_tasks1_g38.o(i.set_ae_tasks) refers to ae_tasks1_g38.o(i.priv_task1) for priv_task1
    ae_tasks1_g38.o(i.set_ae_tasks) refers to ae_tasks1_g38.o(i.task1) for task1
    ae_tasks1_g38.o(i.task1) refers to printf.o(i.tfp_printf) for tfp_printf
    ae_tasks1_g38.o(i.task1) refers to ae_tasks1_g38.o(i.test1_start) for test1_start
    ae_tasks1_g38.o(i.task1) refers to uart_polling.o(i.uart_put_char) for uart_put_char
    ae_tasks1_g38.o(i.task1) refers to uart_polling.o(i.uart_put_string) for uart_put_string
    ae_tasks1_g38.o(i.task1) refers to ae_tasks1_g38.o(i.update_exec_seq) for update_exec_seq
    ae_tasks1_g38.o(i.task1) refers to printf.o(i.tfp_sprintf) for tfp_sprintf
    ae_tasks1_g38.o(i.task1) refers to ae_util.o(i.process_sub_result) for process_sub_result
    ae_tasks1_g38.o(i.task1) refers to ae_tasks1_g38.o(.bss) for g_ae_xtest
    ae_tasks1_g38.o(i.task1) refers to ae_tasks1_g38.o(.constdata) for PREFIX_LOG2
    ae_tasks1_g38.o(i.task2) refers to printf.o(i.tfp_printf) for tfp_printf
    ae_tasks1_g38.o(i.task2) refers to ae_tasks1_g38.o(i.update_exec_seq) for update_exec_seq
    ae_tasks1_g38.o(i.task2) refers to printf.o(i.tfp_sprintf) for tfp_sprintf
    ae_tasks1_g38.o(i.task2) refers to ae_util.o(i.process_sub_result) for process_sub_result
    ae_tasks1_g38.o(i.task2) refers to ae_tasks1_g38.o(i.test1_start) for test1_start
    ae_tasks1_g38.o(i.task2) refers to ae_tasks1_g38.o(.bss) for g_ae_xtest
    ae_tasks1_g38.o(i.task2) refers to ae_tasks1_g38.o(.constdata) for PREFIX_LOG2
    ae_tasks1_g38.o(i.task3) refers to printf.o(i.tfp_printf) for tfp_printf
    ae_tasks1_g38.o(i.task3) refers to ae_tasks1_g38.o(i.update_exec_seq) for update_exec_seq
    ae_tasks1_g38.o(i.task3) refers to printf.o(i.tfp_sprintf) for tfp_sprintf
    ae_tasks1_g38.o(i.task3) refers to ae_util.o(i.process_sub_result) for process_sub_result
    ae_tasks1_g38.o(i.task3) refers to ae_tasks1_g38.o(i.test1_start) for test1_start
    ae_tasks1_g38.o(i.task3) refers to ae_tasks1_g38.o(.bss) for g_ae_xtest
    ae_tasks1_g38.o(i.task3) refers to ae_tasks1_g38.o(.constdata) for PREFIX_LOG2
    ae_tasks1_g38.o(i.test0_start) refers to ae_tasks1_g38.o(i.gen_req0) for gen_req0
    ae_tasks1_g38.o(i.test0_start) refers to ae_util.o(i.strcpy) for strcpy
    ae_tasks1_g38.o(i.test0_start) refers to ae_util.o(i.process_sub_result) for process_sub_result
    ae_tasks1_g38.o(i.test0_start) refers to ae_util.o(i.test_exit) for test_exit
    ae_tasks1_g38.o(i.test0_start) refers to ae_tasks1_g38.o(.bss) for g_ae_xtest
    ae_tasks1_g38.o(i.test0_start) refers to ae_tasks1_g38.o(i.task2) for task2
    ae_tasks1_g38.o(i.test0_start) refers to ae_tasks1_g38.o(i.task3) for task3
    ae_tasks1_g38.o(i.test1_start) refers to ae_tasks1_g38.o(i.gen_req1) for gen_req1
    ae_tasks1_g38.o(i.test1_start) refers to printf.o(i.tfp_printf) for tfp_printf
    ae_tasks1_g38.o(i.test1_start) refers to ae_util.o(i.strcpy) for strcpy
    ae_tasks1_g38.o(i.test1_start) refers to ae_util.o(i.process_sub_result) for process_sub_result
    ae_tasks1_g38.o(i.test1_start) refers to ae_util.o(i.test_exit) for test_exit
    ae_tasks1_g38.o(i.test1_start) refers to ae_tasks1_g38.o(.bss) for g_tsk_cases
    ae_tasks1_g38.o(i.test1_start) refers to ae_tasks1_g38.o(.constdata) for PREFIX_LOG
    ae_tasks1_g38.o(i.update_ae_xtest) refers to ae_tasks1_g38.o(.bss) for g_ae_xtest
    ae_tasks1_g38.o(i.update_exec_seq) refers to ae_tasks1_g38.o(.bss) for g_tsk_cases
    sys_exit.o(.text) refers (Special) to use_no_semi.o(.text) for __I$use$semihosting
    sys_exit.o(.text) refers (Special) to indicate_semi.o(.text) for __semihosting_library_function
    rtexit2.o(.ARM.Collect$$rtexit$$00000003) refers to libshutdown.o(.ARM.Collect$$libshutdown$$00000000) for __rt_lib_shutdown
    rtexit2.o(.ARM.Collect$$rtexit$$00000004) refers to sys_exit.o(.text) for _sys_exit
    rtexit2.o(.ARM.exidx) refers to rtexit2.o(.ARM.Collect$$rtexit$$00000001) for .ARM.Collect$$rtexit$$00000001
    rtexit2.o(.ARM.exidx) refers to rtexit2.o(.ARM.Collect$$rtexit$$00000003) for .ARM.Collect$$rtexit$$00000003
    rtexit2.o(.ARM.exidx) refers to rtexit2.o(.ARM.Collect$$rtexit$$00000004) for .ARM.Collect$$rtexit$$00000004
    __raise.o(.text) refers to defsig.o(CL$$defsig) for __default_signal_handler
    defsig_general.o(.text) refers to sys_wrch.o(.text) for _ttywrch
    argv_veneer.o(.emb_text) refers to no_argv.o(.text) for __ARM_get_argv
    ae_util.o(i.HardFault_Handler) refers to printf.o(i.tfp_printf) for tfp_printf
    ae_util.o(i.HardFault_Handler) refers to ae_util.o(i.test_abort) for test_abort
    ae_util.o(i.HardFault_Handler) refers to ae_tasks1_g38.o(.constdata) for PREFIX
    ae_util.o(i.HardFault_Handler) refers to ae_tasks1_g38.o(.bss) for g_ae_xtest
    ae_util.o(i.print_log) refers to printf.o(i.tfp_printf) for tfp_printf
    ae_util.o(i.print_log) refers to ae_tasks1_g38.o(.constdata) for PREFIX_LOG
    ae_util.o(i.print_results) refers to ae_util.o(i.count_set_bits) for count_set_bits
    ae_util.o(i.print_results) refers to printf.o(i.tfp_printf) for tfp_printf
    ae_util.o(i.print_results) refers to ae_tasks1_g38.o(.constdata) for PREFIX_LOG
    ae_util.o(i.print_results) refers to ae_tasks1_g38.o(.bss) for g_ae_xtest
    ae_util.o(i.print_summary) refers to ae_util.o(i.print_results) for print_results
    ae_util.o(i.print_summary) refers to printf.o(i.tfp_printf) for tfp_printf
    ae_util.o(i.print_summary) refers to ae.o(i.ae_exit) for ae_exit
    ae_util.o(i.print_summary) refers to ae_tasks1_g38.o(.bss) for g_ae_cases
    ae_util.o(i.print_summary) refers to ae_tasks1_g38.o(.constdata) for PREFIX
    ae_util.o(i.process_sub_result) refers to ae_util.o(i.print_log) for print_log
    ae_util.o(i.process_sub_result) refers to ae_tasks1_g38.o(.bss) for g_ae_cases
    ae_util.o(i.test_abort) refers to printf.o(i.tfp_printf) for tfp_printf
    ae_util.o(i.test_abort) refers to ae_util.o(i.print_summary) for print_summary
    ae_util.o(i.test_abort) refers to ae_tasks1_g38.o(.bss) for g_ae_xtest
    ae_util.o(i.test_abort) refers to ae_tasks1_g38.o(.constdata) for PREFIX
    ae_util.o(i.test_exit) refers to printf.o(i.tfp_printf) for tfp_printf
    ae_util.o(i.test_exit) refers to ae_util.o(i.print_summary) for print_summary
    ae_util.o(i.test_exit) refers to ae_tasks1_g38.o(.constdata) for PREFIX
    sys_wrch.o(.text) refers (Special) to use_no_semi.o(.text) for __I$use$semihosting
    sys_wrch.o(.text) refers (Special) to indicate_semi.o(.text) for __semihosting_library_function
    defsig.o(CL$$defsig) refers to defsig_fpe_inner.o(.text) for __rt_SIGFPE_inner
    defsig.o(CL$$defsig) refers to defsig_rtmem_inner.o(.text) for __rt_SIGRTMEM_inner
    _get_argv_nomalloc.o(.text) refers (Special) to hrguard.o(.text) for __heap_region$guard
    _get_argv_nomalloc.o(.text) refers to defsig_rtmem_outer.o(.text) for __rt_SIGRTMEM
    _get_argv_nomalloc.o(.text) refers to sys_command.o(.text) for _sys_command_string
    libshutdown.o(.ARM.Collect$$libshutdown$$00000000) refers (Special) to libshutdown2.o(.ARM.Collect$$libshutdown$$00000004) for __rt_lib_shutdown_cpp_1
    libshutdown.o(.ARM.Collect$$libshutdown$$00000000) refers (Special) to libshutdown2.o(.ARM.Collect$$libshutdown$$00000002) for __rt_lib_shutdown_fini_1
    libshutdown.o(.ARM.Collect$$libshutdown$$00000000) refers (Special) to libshutdown2.o(.ARM.Collect$$libshutdown$$00000009) for __rt_lib_shutdown_fp_trap_1
    libshutdown.o(.ARM.Collect$$libshutdown$$00000000) refers (Special) to libshutdown2.o(.ARM.Collect$$libshutdown$$00000011) for __rt_lib_shutdown_heap_1
    libshutdown.o(.ARM.Collect$$libshutdown$$00000000) refers (Special) to libshutdown2.o(.ARM.Collect$$libshutdown$$00000012) for __rt_lib_shutdown_return
    libshutdown.o(.ARM.Collect$$libshutdown$$00000000) refers (Special) to libshutdown2.o(.ARM.Collect$$libshutdown$$0000000C) for __rt_lib_shutdown_signal_1
    libshutdown.o(.ARM.Collect$$libshutdown$$00000000) refers (Special) to libshutdown2.o(.ARM.Collect$$libshutdown$$00000006) for __rt_lib_shutdown_stdio_1
    libshutdown.o(.ARM.Collect$$libshutdown$$00000000) refers (Special) to libshutdown2.o(.ARM.Collect$$libshutdown$$0000000E) for __rt_lib_shutdown_user_alloc_1
    sys_command.o(.text) refers (Special) to use_no_semi.o(.text) for __I$use$semihosting
    sys_command.o(.text) refers (Special) to indicate_semi.o(.text) for __semihosting_library_function
    defsig_abrt_inner.o(.text) refers to defsig_general.o(.text) for __default_signal_display
    defsig_rtred_inner.o(.text) refers to defsig_general.o(.text) for __default_signal_display
    defsig_rtmem_inner.o(.text) refers to defsig_general.o(.text) for __default_signal_display
    defsig_rtmem_outer.o(.text) refers to defsig_rtmem_inner.o(.text) for __rt_SIGRTMEM_inner
    defsig_rtmem_outer.o(.text) refers to defsig_exit.o(.text) for __sig_exit
    defsig_rtmem_formal.o(.text) refers to rt_raise.o(.text) for __rt_raise
    defsig_stak_inner.o(.text) refers to defsig_general.o(.text) for __default_signal_display
    defsig_pvfn_inner.o(.text) refers to defsig_general.o(.text) for __default_signal_display
    defsig_cppl_inner.o(.text) refers to defsig_general.o(.text) for __default_signal_display
    defsig_segv_inner.o(.text) refers to defsig_general.o(.text) for __default_signal_display
    defsig_other.o(.text) refers to defsig_general.o(.text) for __default_signal_display


==============================================================================

Removing Unused input sections from the image.

    Removing uart_polling.o(.rev16_text), (4 bytes).
    Removing uart_polling.o(.revsh_text), (4 bytes).
    Removing uart_polling.o(.rrx_text), (6 bytes).
    Removing uart_polling.o(i.uart_get_char), (48 bytes).
    Removing uart_irq.o(.rev16_text), (4 bytes).
    Removing uart_irq.o(.revsh_text), (4 bytes).
    Removing uart_irq.o(.rrx_text), (6 bytes).
    Removing timer.o(.rev16_text), (4 bytes).
    Removing timer.o(.revsh_text), (4 bytes).
    Removing timer.o(.rrx_text), (6 bytes).
    Removing timer.o(i.get_tick), (72 bytes).
    Removing timer.o(i.timer_freerun_init), (152 bytes).
    Removing timer.o(i.timer_irq_init), (128 bytes).
    Removing hal.o(.rev16_text), (4 bytes).
    Removing hal.o(.revsh_text), (4 bytes).
    Removing hal.o(.rrx_text), (6 bytes).
    Removing k_mem.o(.rev16_text), (4 bytes).
    Removing k_mem.o(.revsh_text), (4 bytes).
    Removing k_mem.o(.rrx_text), (6 bytes).
    Removing k_mem.o(i.get_ba_first_zero), (48 bytes).
    Removing k_mem.o(i.list_entry), (2 bytes).
    Removing k_mem.o(i.memset), (20 bytes).
    Removing k_mem.o(.constdata), (8 bytes).
    Removing k_msg.o(.rev16_text), (4 bytes).
    Removing k_msg.o(.revsh_text), (4 bytes).
    Removing k_msg.o(.rrx_text), (6 bytes).
    Removing k_rtx_init.o(.rev16_text), (4 bytes).
    Removing k_rtx_init.o(.revsh_text), (4 bytes).
    Removing k_rtx_init.o(.rrx_text), (6 bytes).
    Removing k_rtx_init.o(i.k_get_sys_info), (6 bytes).
    Removing k_task.o(.rev16_text), (4 bytes).
    Removing k_task.o(.revsh_text), (4 bytes).
    Removing k_task.o(.rrx_text), (6 bytes).
    Removing cdisp_task.o(i.task_cdisp), (2 bytes).
    Removing kcd_task.o(i.task_kcd), (2 bytes).
    Removing null_task.o(.rev16_text), (4 bytes).
    Removing null_task.o(.revsh_text), (4 bytes).
    Removing null_task.o(.rrx_text), (6 bytes).
    Removing wall_clock_task.o(i.task_wall_clock), (2 bytes).
    Removing system_lpc17xx.o(.rev16_text), (4 bytes).
    Removing system_lpc17xx.o(.revsh_text), (4 bytes).
    Removing system_lpc17xx.o(.rrx_text), (6 bytes).
    Removing system_lpc17xx.o(i.SystemCoreClockUpdate), (424 bytes).
    Removing system_lpc17xx.o(.data), (4 bytes).
    Removing main.o(.rev16_text), (4 bytes).
    Removing main.o(.revsh_text), (4 bytes).

46 unused section(s) (total 1066 bytes) removed from the image.

==============================================================================

Image Symbol Table

    Local Symbols

    Symbol Name                              Value     Ov Type        Size  Object(Section)

    ../clib/angel/boardlib.s                 0x00000000   Number         0  boardinit1.o ABSOLUTE
    ../clib/angel/boardlib.s                 0x00000000   Number         0  boardinit2.o ABSOLUTE
    ../clib/angel/boardlib.s                 0x00000000   Number         0  boardinit3.o ABSOLUTE
    ../clib/angel/boardlib.s                 0x00000000   Number         0  boardshut.o ABSOLUTE
    ../clib/angel/handlers.s                 0x00000000   Number         0  __scatter_zi.o ABSOLUTE
    ../clib/angel/handlers.s                 0x00000000   Number         0  __scatter_copy.o ABSOLUTE
    ../clib/angel/kernel.s                   0x00000000   Number         0  __rtentry4.o ABSOLUTE
    ../clib/angel/kernel.s                   0x00000000   Number         0  rtexit.o ABSOLUTE
    ../clib/angel/kernel.s                   0x00000000   Number         0  __rtentry.o ABSOLUTE
    ../clib/angel/kernel.s                   0x00000000   Number         0  rtexit2.o ABSOLUTE
    ../clib/angel/kernel.s                   0x00000000   Number         0  __rtentry2.o ABSOLUTE
    ../clib/angel/rt.s                       0x00000000   Number         0  rt_raise.o ABSOLUTE
    ../clib/angel/rt.s                       0x00000000   Number         0  rt_div0.o ABSOLUTE
    ../clib/angel/rt.s                       0x00000000   Number         0  aeabi_ldiv0.o ABSOLUTE
    ../clib/angel/rt.s                       0x00000000   Number         0  aeabi_ldiv0_sigfpe.o ABSOLUTE
    ../clib/angel/scatter.s                  0x00000000   Number         0  __scatter.o ABSOLUTE
    ../clib/angel/startup.s                  0x00000000   Number         0  __main.o ABSOLUTE
    ../clib/angel/sys.s                      0x00000000   Number         0  libspace.o ABSOLUTE
    ../clib/angel/sys.s                      0x00000000   Number         0  sys_stackheap_outer.o ABSOLUTE
    ../clib/angel/sys.s                      0x00000000   Number         0  use_no_semi.o ABSOLUTE
    ../clib/angel/sys.s                      0x00000000   Number         0  indicate_semi.o ABSOLUTE
    ../clib/angel/sysapp.c                   0x00000000   Number         0  sys_command.o ABSOLUTE
    ../clib/angel/sysapp.c                   0x00000000   Number         0  sys_wrch.o ABSOLUTE
    ../clib/angel/sysapp.c                   0x00000000   Number         0  sys_exit.o ABSOLUTE
    ../clib/armsys.c                         0x00000000   Number         0  _get_argv_nomalloc.o ABSOLUTE
    ../clib/armsys.c                         0x00000000   Number         0  no_argv.o ABSOLUTE
    ../clib/armsys.c                         0x00000000   Number         0  argv_veneer.o ABSOLUTE
    ../clib/armsys.c                         0x00000000   Number         0  argv_veneer.o ABSOLUTE
    ../clib/heapalloc.c                      0x00000000   Number         0  hrguard.o ABSOLUTE
    ../clib/heapaux.c                        0x00000000   Number         0  heapauxi.o ABSOLUTE
    ../clib/libinit.s                        0x00000000   Number         0  libinit.o ABSOLUTE
    ../clib/libinit.s                        0x00000000   Number         0  libshutdown.o ABSOLUTE
    ../clib/libinit.s                        0x00000000   Number         0  libshutdown2.o ABSOLUTE
    ../clib/libinit.s                        0x00000000   Number         0  libinit2.o ABSOLUTE
    ../clib/longlong.s                       0x00000000   Number         0  lludivv7m.o ABSOLUTE
    ../clib/memcpset.s                       0x00000000   Number         0  rt_memclr_w.o ABSOLUTE
    ../clib/signal.c                         0x00000000   Number         0  defsig_fpe_outer.o ABSOLUTE
    ../clib/signal.c                         0x00000000   Number         0  defsig_fpe_formal.o ABSOLUTE
    ../clib/signal.c                         0x00000000   Number         0  defsig_rtmem_formal.o ABSOLUTE
    ../clib/signal.c                         0x00000000   Number         0  defsig_rtmem_outer.o ABSOLUTE
    ../clib/signal.c                         0x00000000   Number         0  defsig_rtmem_inner.o ABSOLUTE
    ../clib/signal.c                         0x00000000   Number         0  defsig_exit.o ABSOLUTE
    ../clib/signal.c                         0x00000000   Number         0  __raise.o ABSOLUTE
    ../clib/signal.c                         0x00000000   Number         0  defsig_fpe_inner.o ABSOLUTE
    ../clib/signal.c                         0x00000000   Number         0  defsig_abrt_inner.o ABSOLUTE
    ../clib/signal.c                         0x00000000   Number         0  defsig_general.o ABSOLUTE
    ../clib/signal.c                         0x00000000   Number         0  defsig_rtred_inner.o ABSOLUTE
    ../clib/signal.c                         0x00000000   Number         0  defsig_segv_inner.o ABSOLUTE
    ../clib/signal.c                         0x00000000   Number         0  defsig_cppl_inner.o ABSOLUTE
    ../clib/signal.c                         0x00000000   Number         0  defsig_pvfn_inner.o ABSOLUTE
    ../clib/signal.c                         0x00000000   Number         0  defsig_other.o ABSOLUTE
    ../clib/signal.c                         0x00000000   Number         0  defsig_stak_inner.o ABSOLUTE
    ../clib/signal.s                         0x00000000   Number         0  defsig.o ABSOLUTE
    ../clib/stdlib.c                         0x00000000   Number         0  exit.o ABSOLUTE
    ../fplib/fpinit.s                        0x00000000   Number         0  fpinit.o ABSOLUTE
    RTE\Device\LPC1768\startup_LPC17xx.s     0x00000000   Number         0  startup_lpc17xx.o ABSOLUTE
    RTE\Device\LPC1768\system_LPC17xx.c      0x00000000   Number         0  system_lpc17xx.o ABSOLUTE
    RTE\\Device\\LPC1768\\system_LPC17xx.c   0x00000000   Number         0  system_lpc17xx.o ABSOLUTE
    dc.s                                     0x00000000   Number         0  dc.o ABSOLUTE
    src\\bsp\\LPC1768\\timer.c               0x00000000   Number         0  timer.o ABSOLUTE
    src\\bsp\\LPC1768\\uart_irq.c            0x00000000   Number         0  uart_irq.o ABSOLUTE
    src\\bsp\\LPC1768\\uart_polling.c        0x00000000   Number         0  uart_polling.o ABSOLUTE
    src\\kernel\\HAL.c                       0x00000000   Number         0  hal.o ABSOLUTE
    src\\kernel\\k_mem.c                     0x00000000   Number         0  k_mem.o ABSOLUTE
    src\\kernel\\k_msg.c                     0x00000000   Number         0  k_msg.o ABSOLUTE
    src\\kernel\\k_rtx_init.c                0x00000000   Number         0  k_rtx_init.o ABSOLUTE
    src\\kernel\\k_task.c                    0x00000000   Number         0  k_task.o ABSOLUTE
    src\\main.c                              0x00000000   Number         0  main.o ABSOLUTE
    src\\tasks\\null_task.c                  0x00000000   Number         0  null_task.o ABSOLUTE
    src\ae\ae.c                              0x00000000   Number         0  ae.o ABSOLUTE
    src\ae\ae_tasks1_G38.c                   0x00000000   Number         0  ae_tasks1_g38.o ABSOLUTE
    src\ae\ae_util.c                         0x00000000   Number         0  ae_util.o ABSOLUTE
    src\bsp\LPC1768\timer.c                  0x00000000   Number         0  timer.o ABSOLUTE
    src\bsp\LPC1768\uart_irq.c               0x00000000   Number         0  uart_irq.o ABSOLUTE
    src\bsp\LPC1768\uart_polling.c           0x00000000   Number         0  uart_polling.o ABSOLUTE
    src\kernel\HAL.c                         0x00000000   Number         0  hal.o ABSOLUTE
    src\kernel\k_mem.c                       0x00000000   Number         0  k_mem.o ABSOLUTE
    src\kernel\k_msg.c                       0x00000000   Number         0  k_msg.o ABSOLUTE
    src\kernel\k_rtx_init.c                  0x00000000   Number         0  k_rtx_init.o ABSOLUTE
    src\kernel\k_task.c                      0x00000000   Number         0  k_task.o ABSOLUTE
    src\libu\printf.c                        0x00000000   Number         0  printf.o ABSOLUTE
    src\main.c                               0x00000000   Number         0  main.o ABSOLUTE
    src\tasks\cdisp_task.c                   0x00000000   Number         0  cdisp_task.o ABSOLUTE
    src\tasks\kcd_task.c                     0x00000000   Number         0  kcd_task.o ABSOLUTE
    src\tasks\null_task.c                    0x00000000   Number         0  null_task.o ABSOLUTE
    src\tasks\wall_clock_task.c              0x00000000   Number         0  wall_clock_task.o ABSOLUTE
    RESET                                    0x10000000   Section      204  startup_lpc17xx.o(RESET)
    !!!main                                  0x100000cc   Section        8  __main.o(!!!main)
    !!!scatter                               0x100000d4   Section       52  __scatter.o(!!!scatter)
    !!handler_copy                           0x10000108   Section       26  __scatter_copy.o(!!handler_copy)
    !!handler_zi                             0x10000124   Section       28  __scatter_zi.o(!!handler_zi)
    .ARM.Collect$$libinit$$00000000          0x10000140   Section        2  libinit.o(.ARM.Collect$$libinit$$00000000)
    .ARM.Collect$$libinit$$00000002          0x10000142   Section        0  libinit2.o(.ARM.Collect$$libinit$$00000002)
    .ARM.Collect$$libinit$$00000004          0x10000142   Section        0  libinit2.o(.ARM.Collect$$libinit$$00000004)
    .ARM.Collect$$libinit$$0000000A          0x10000142   Section        0  libinit2.o(.ARM.Collect$$libinit$$0000000A)
    .ARM.Collect$$libinit$$0000000C          0x10000142   Section        0  libinit2.o(.ARM.Collect$$libinit$$0000000C)
    .ARM.Collect$$libinit$$0000000E          0x10000142   Section        0  libinit2.o(.ARM.Collect$$libinit$$0000000E)
    .ARM.Collect$$libinit$$00000011          0x10000142   Section        0  libinit2.o(.ARM.Collect$$libinit$$00000011)
    .ARM.Collect$$libinit$$00000013          0x10000142   Section        0  libinit2.o(.ARM.Collect$$libinit$$00000013)
    .ARM.Collect$$libinit$$00000015          0x10000142   Section        0  libinit2.o(.ARM.Collect$$libinit$$00000015)
    .ARM.Collect$$libinit$$00000017          0x10000142   Section        0  libinit2.o(.ARM.Collect$$libinit$$00000017)
    .ARM.Collect$$libinit$$00000019          0x10000142   Section        0  libinit2.o(.ARM.Collect$$libinit$$00000019)
    .ARM.Collect$$libinit$$0000001B          0x10000142   Section        0  libinit2.o(.ARM.Collect$$libinit$$0000001B)
    .ARM.Collect$$libinit$$0000001D          0x10000142   Section        0  libinit2.o(.ARM.Collect$$libinit$$0000001D)
    .ARM.Collect$$libinit$$0000001F          0x10000142   Section        0  libinit2.o(.ARM.Collect$$libinit$$0000001F)
    .ARM.Collect$$libinit$$00000021          0x10000142   Section        0  libinit2.o(.ARM.Collect$$libinit$$00000021)
    .ARM.Collect$$libinit$$00000023          0x10000142   Section        0  libinit2.o(.ARM.Collect$$libinit$$00000023)
    .ARM.Collect$$libinit$$00000025          0x10000142   Section        0  libinit2.o(.ARM.Collect$$libinit$$00000025)
    .ARM.Collect$$libinit$$0000002C          0x10000142   Section        0  libinit2.o(.ARM.Collect$$libinit$$0000002C)
    .ARM.Collect$$libinit$$0000002E          0x10000142   Section        0  libinit2.o(.ARM.Collect$$libinit$$0000002E)
    .ARM.Collect$$libinit$$00000030          0x10000142   Section        0  libinit2.o(.ARM.Collect$$libinit$$00000030)
    .ARM.Collect$$libinit$$00000032          0x10000142   Section        0  libinit2.o(.ARM.Collect$$libinit$$00000032)
    .ARM.Collect$$libinit$$00000033          0x10000142   Section        2  libinit2.o(.ARM.Collect$$libinit$$00000033)
    .ARM.Collect$$libshutdown$$00000000      0x10000144   Section        2  libshutdown.o(.ARM.Collect$$libshutdown$$00000000)
    .ARM.Collect$$libshutdown$$00000002      0x10000146   Section        0  libshutdown2.o(.ARM.Collect$$libshutdown$$00000002)
    .ARM.Collect$$libshutdown$$00000004      0x10000146   Section        0  libshutdown2.o(.ARM.Collect$$libshutdown$$00000004)
    .ARM.Collect$$libshutdown$$00000006      0x10000146   Section        0  libshutdown2.o(.ARM.Collect$$libshutdown$$00000006)
    .ARM.Collect$$libshutdown$$00000009      0x10000146   Section        0  libshutdown2.o(.ARM.Collect$$libshutdown$$00000009)
    .ARM.Collect$$libshutdown$$0000000C      0x10000146   Section        0  libshutdown2.o(.ARM.Collect$$libshutdown$$0000000C)
    .ARM.Collect$$libshutdown$$0000000E      0x10000146   Section        0  libshutdown2.o(.ARM.Collect$$libshutdown$$0000000E)
    .ARM.Collect$$libshutdown$$00000011      0x10000146   Section        0  libshutdown2.o(.ARM.Collect$$libshutdown$$00000011)
    .ARM.Collect$$libshutdown$$00000012      0x10000146   Section        2  libshutdown2.o(.ARM.Collect$$libshutdown$$00000012)
    .ARM.Collect$$rtentry$$00000000          0x10000148   Section        0  __rtentry.o(.ARM.Collect$$rtentry$$00000000)
    .ARM.Collect$$rtentry$$00000002          0x10000148   Section        0  __rtentry2.o(.ARM.Collect$$rtentry$$00000002)
    .ARM.Collect$$rtentry$$00000004          0x10000148   Section        6  __rtentry4.o(.ARM.Collect$$rtentry$$00000004)
    .ARM.Collect$$rtentry$$00000009          0x1000014e   Section        0  __rtentry2.o(.ARM.Collect$$rtentry$$00000009)
    .ARM.Collect$$rtentry$$0000000A          0x1000014e   Section        4  __rtentry2.o(.ARM.Collect$$rtentry$$0000000A)
    .ARM.Collect$$rtentry$$0000000C          0x10000152   Section        0  __rtentry2.o(.ARM.Collect$$rtentry$$0000000C)
    .ARM.Collect$$rtentry$$0000000D          0x10000152   Section        8  __rtentry2.o(.ARM.Collect$$rtentry$$0000000D)
    .ARM.Collect$$rtexit$$00000000           0x1000015a   Section        2  rtexit.o(.ARM.Collect$$rtexit$$00000000)
    .ARM.Collect$$rtexit$$00000002           0x1000015c   Section        0  rtexit2.o(.ARM.Collect$$rtexit$$00000002)
    .ARM.Collect$$rtexit$$00000003           0x1000015c   Section        4  rtexit2.o(.ARM.Collect$$rtexit$$00000003)
    .ARM.Collect$$rtexit$$00000004           0x10000160   Section        6  rtexit2.o(.ARM.Collect$$rtexit$$00000004)
    .emb_text                                0x10000168   Section        8  hal.o(.emb_text)
    .emb_text                                0x10000170   Section       50  k_task.o(.emb_text)
    .text                                    0x100001a4   Section       60  startup_lpc17xx.o(.text)
    .text                                    0x100001e0   Section       78  rt_memclr_w.o(.text)
    .text                                    0x1000022e   Section        0  heapauxi.o(.text)
    .text                                    0x10000234   Section       74  sys_stackheap_outer.o(.text)
    .text                                    0x1000027e   Section        0  exit.o(.text)
    .text                                    0x10000290   Section        8  libspace.o(.text)
    .text                                    0x10000298   Section        0  sys_exit.o(.text)
    .text                                    0x100002a4   Section        2  use_no_semi.o(.text)
    .text                                    0x100002a6   Section        0  indicate_semi.o(.text)
    i.HardFault_Handler                      0x100002a8   Section        0  ae_util.o(i.HardFault_Handler)
    i.SVC_Handler                            0x100002d8   Section        0  hal.o(i.SVC_Handler)
    i.SystemInit                             0x10000400   Section        0  system_lpc17xx.o(i.SystemInit)
    i.TIMER0_IRQHandler                      0x10000540   Section        0  timer.o(i.TIMER0_IRQHandler)
    i.UART0_IRQHandler                       0x10000558   Section        0  uart_irq.o(i.UART0_IRQHandler)
    i.__NVIC_EnableIRQ                       0x100005d8   Section        0  uart_irq.o(i.__NVIC_EnableIRQ)
    __NVIC_EnableIRQ                         0x100005d9   Thumb Code    34  uart_irq.o(i.__NVIC_EnableIRQ)
    i.__NVIC_SetPriority                     0x100005fc   Section        0  uart_irq.o(i.__NVIC_SetPriority)
    __NVIC_SetPriority                       0x100005fd   Thumb Code    32  uart_irq.o(i.__NVIC_SetPriority)
    i.__delete_node                          0x10000624   Section        0  k_mem.o(i.__delete_node)
    i.__q_delete_node                        0x1000062a   Section        0  k_task.o(i.__q_delete_node)
    i.a2d                                    0x10000630   Section        0  printf.o(i.a2d)
    a2d                                      0x10000631   Thumb Code    50  printf.o(i.a2d)
    i.a2i                                    0x10000662   Section        0  printf.o(i.a2i)
    a2i                                      0x10000663   Thumb Code    58  printf.o(i.a2i)
    i.add_to_list                            0x1000069c   Section        0  k_mem.o(i.add_to_list)
    i.adr_to_ba_idx                          0x100006a8   Section        0  k_mem.o(i.adr_to_ba_idx)
    i.ae_exit                                0x10000700   Section        0  ae.o(i.ae_exit)
    i.ae_init                                0x10000704   Section        0  ae.o(i.ae_init)
    i.ae_set_init_tasks_info                 0x10000734   Section        0  ae.o(i.ae_set_init_tasks_info)
    i.ae_set_sys_info                        0x1000074a   Section        0  ae.o(i.ae_set_sys_info)
    i.bitmap_scan_test                       0x10000760   Section        0  k_mem.o(i.bitmap_scan_test)
    i.bitmap_xor_and_test                    0x10000784   Section        0  k_mem.o(i.bitmap_xor_and_test)
    i.count_set_bits                         0x100007b4   Section        0  ae_util.o(i.count_set_bits)
    i.delete_node                            0x100007c6   Section        0  k_mem.o(i.delete_node)
    i.gen_req0                               0x100007dc   Section        0  ae_tasks1_g38.o(i.gen_req0)
    i.gen_req1                               0x10000834   Section        0  ae_tasks1_g38.o(i.gen_req1)
    i.get_bit_idx                            0x1000087c   Section        0  k_mem.o(i.get_bit_idx)
    i.get_buddy_index                        0x100008b4   Section        0  k_mem.o(i.get_buddy_index)
    i.get_log_2_down                         0x100008e0   Section        0  k_mem.o(i.get_log_2_down)
    i.get_log_2_up                           0x100008f0   Section        0  k_mem.o(i.get_log_2_up)
    i.get_mpool_size                         0x1000091c   Section        0  k_mem.o(i.get_mpool_size)
    i.get_root_idx                           0x10000924   Section        0  k_mem.o(i.get_root_idx)
    i.get_valid_tid                          0x1000096c   Section        0  k_task.o(i.get_valid_tid)
    i.i2a                                    0x10000994   Section        0  printf.o(i.i2a)
    i2a                                      0x10000995   Thumb Code    32  printf.o(i.i2a)
    i.idx_to_ptr                             0x100009b4   Section        0  k_mem.o(i.idx_to_ptr)
    i.init_ae_tsk_test                       0x10000a28   Section        0  ae_tasks1_g38.o(i.init_ae_tsk_test)
    i.init_list_head                         0x10000aa4   Section        0  k_mem.o(i.init_list_head)
    i.init_printf                            0x10000aac   Section        0  printf.o(i.init_printf)
    i.k_alloc_k_stack                        0x10000ac0   Section        0  k_mem.o(i.k_alloc_k_stack)
    i.k_alloc_p_stack                        0x10000aec   Section        0  k_mem.o(i.k_alloc_p_stack)
    i.k_mbx_create                           0x10000b18   Section        0  k_msg.o(i.k_mbx_create)
    i.k_mbx_get                              0x10000b1e   Section        0  k_msg.o(i.k_mbx_get)
    i.k_mbx_ls                               0x10000b24   Section        0  k_msg.o(i.k_mbx_ls)
    i.k_mem_init                             0x10000b2c   Section        0  k_mem.o(i.k_mem_init)
    i.k_mpool_alloc                          0x10000b6c   Section        0  k_mem.o(i.k_mpool_alloc)
    i.k_mpool_create                         0x10000d18   Section        0  k_mem.o(i.k_mpool_create)
    i.k_mpool_dealloc                        0x10000e38   Section        0  k_mem.o(i.k_mpool_dealloc)
    i.k_mpool_dump                           0x100012ec   Section        0  k_mem.o(i.k_mpool_dump)
    i.k_pre_rtx_init                         0x1000140c   Section        0  k_rtx_init.o(i.k_pre_rtx_init)
    i.k_recv_msg                             0x10001430   Section        0  k_msg.o(i.k_recv_msg)
    i.k_recv_msg_nb                          0x10001436   Section        0  k_msg.o(i.k_recv_msg_nb)
    i.k_rt_tsk_get                           0x1000143c   Section        0  k_task.o(i.k_rt_tsk_get)
    i.k_rt_tsk_set                           0x10001456   Section        0  k_task.o(i.k_rt_tsk_set)
    i.k_rt_tsk_susp                          0x1000145c   Section        0  k_task.o(i.k_rt_tsk_susp)
    i.k_rtx_init                             0x10001460   Section        0  k_rtx_init.o(i.k_rtx_init)
    i.k_send_msg                             0x10001498   Section        0  k_msg.o(i.k_send_msg)
    i.k_send_msg_nb                          0x1000149e   Section        0  k_msg.o(i.k_send_msg_nb)
    i.k_tsk_create                           0x100014a4   Section        0  k_task.o(i.k_tsk_create)
    i.k_tsk_create_new                       0x1000157c   Section        0  k_task.o(i.k_tsk_create_new)
    i.k_tsk_exit                             0x1000167c   Section        0  k_task.o(i.k_tsk_exit)
    i.k_tsk_get                              0x100016b4   Section        0  k_task.o(i.k_tsk_get)
    i.k_tsk_gettid                           0x10001788   Section        0  k_task.o(i.k_tsk_gettid)
    i.k_tsk_init                             0x10001794   Section        0  k_task.o(i.k_tsk_init)
    i.k_tsk_init_first                       0x10001898   Section        0  k_task.o(i.k_tsk_init_first)
    i.k_tsk_ls                               0x100018b4   Section        0  k_task.o(i.k_tsk_ls)
    i.k_tsk_run_new                          0x10001908   Section        0  k_task.o(i.k_tsk_run_new)
    i.k_tsk_set_prio                         0x10001964   Section        0  k_task.o(i.k_tsk_set_prio)
    i.k_tsk_yield                            0x10001b0c   Section        0  k_task.o(i.k_tsk_yield)
    i.list_first_entry_or_null               0x10001b64   Section        0  k_mem.o(i.list_first_entry_or_null)
    i.main                                   0x10001b74   Section        0  main.o(i.main)
    i.print_log                              0x10001bdc   Section        0  ae_util.o(i.print_log)
    i.print_results                          0x10001c4c   Section        0  ae_util.o(i.print_results)
    i.print_summary                          0x10001d6c   Section        0  ae_util.o(i.print_summary)
    i.priv_task1                             0x10001d98   Section        0  ae_tasks1_g38.o(i.priv_task1)
    i.process_sub_result                     0x10001ef8   Section        0  ae_util.o(i.process_sub_result)
    i.ptr_to_pidx                            0x10001f30   Section        0  k_mem.o(i.ptr_to_pidx)
    i.putc                                   0x10001f5c   Section        0  uart_polling.o(i.putc)
    i.putchw                                 0x10001fa0   Section        0  printf.o(i.putchw)
    putchw                                   0x10001fa1   Thumb Code    82  printf.o(i.putchw)
    i.putcp                                  0x10001ff2   Section        0  printf.o(i.putcp)
    putcp                                    0x10001ff3   Thumb Code    10  printf.o(i.putcp)
    i.q_add_to_list_head                     0x10001ffc   Section        0  k_task.o(i.q_add_to_list_head)
    i.q_add_to_list_last                     0x10002006   Section        0  k_task.o(i.q_add_to_list_last)
    i.q_delete_first_node                    0x10002010   Section        0  k_task.o(i.q_delete_first_node)
    i.q_delete_node                          0x1000202c   Section        0  k_task.o(i.q_delete_node)
    i.q_init_list_head                       0x10002040   Section        0  k_task.o(i.q_init_list_head)
    i.q_list_first_entry_or_null             0x10002046   Section        0  k_task.o(i.q_list_first_entry_or_null)
    i.scheduler                              0x10002058   Section        0  k_task.o(i.scheduler)
    i.set_ae_init_tasks                      0x100020b4   Section        0  ae_tasks1_g38.o(i.set_ae_init_tasks)
    i.set_ae_tasks                           0x100020d0   Section        0  ae_tasks1_g38.o(i.set_ae_tasks)
    i.strcpy                                 0x10002128   Section        0  ae_util.o(i.strcpy)
    i.task1                                  0x10002148   Section        0  ae_tasks1_g38.o(i.task1)
    i.task2                                  0x100022b0   Section        0  ae_tasks1_g38.o(i.task2)
    i.task3                                  0x100023d8   Section        0  ae_tasks1_g38.o(i.task3)
    i.task_null                              0x10002504   Section        0  null_task.o(i.task_null)
    i.test0_start                            0x1000250c   Section        0  ae_tasks1_g38.o(i.test0_start)
    i.test1_start                            0x10002640   Section        0  ae_tasks1_g38.o(i.test1_start)
    i.test_abort                             0x10002810   Section        0  ae_util.o(i.test_abort)
    i.test_exit                              0x1000287c   Section        0  ae_util.o(i.test_exit)
    i.tfp_format                             0x100028a0   Section        0  printf.o(i.tfp_format)
    i.tfp_printf                             0x100029c8   Section        0  printf.o(i.tfp_printf)
    i.tfp_sprintf                            0x100029f4   Section        0  printf.o(i.tfp_sprintf)
    i.uart_init                              0x10002a20   Section        0  uart_polling.o(i.uart_init)
    i.uart_irq_init                          0x10002a8c   Section        0  uart_irq.o(i.uart_irq_init)
    i.uart_put_char                          0x10002b28   Section        0  uart_polling.o(i.uart_put_char)
    i.uart_put_string                        0x10002b5c   Section        0  uart_polling.o(i.uart_put_string)
    i.ui2a                                   0x10002b82   Section        0  printf.o(i.ui2a)
    ui2a                                     0x10002b83   Thumb Code    86  printf.o(i.ui2a)
    i.update_ae_xtest                        0x10002bd8   Section        0  ae_tasks1_g38.o(i.update_ae_xtest)
    i.update_exec_seq                        0x10002bf0   Section        0  ae_tasks1_g38.o(i.update_exec_seq)
    .constdata                               0x10002c34   Section       33  ae_tasks1_g38.o(.constdata)
    .data                                    0x10003000   Section       24  uart_irq.o(.data)
    gp_buffer                                0x10003010   Data           4  uart_irq.o(.data)
    .data                                    0x10003018   Section        4  timer.o(.data)
    .data                                    0x1000301c   Section        8  k_mem.o(.data)
    .data                                    0x10003024   Section        4  k_rtx_init.o(.data)
    .data                                    0x10003028   Section        8  k_task.o(.data)
    .data                                    0x10003030   Section        8  printf.o(.data)
    stdout_putf                              0x10003030   Data           4  printf.o(.data)
    stdout_putp                              0x10003034   Data           4  printf.o(.data)
    .data                                    0x10003038   Section       16  main.o(.data)
    sys                                      0x10003038   Data           8  main.o(.data)
    p_tasks                                  0x10003040   Data           4  main.o(.data)
    num                                      0x10003044   Data           4  main.o(.data)
    .bss                                     0x10003048   Section    12400  k_mem.o(.bss)
    .bss                                     0x100060b8   Section      616  k_task.o(.bss)
    .bss                                     0x10006320   Section       96  libspace.o(.bss)
    .bss                                     0x10006380   Section      316  ae_tasks1_g38.o(.bss)
    HEAP                                     0x100064c0   Section        0  startup_lpc17xx.o(HEAP)
    STACK                                    0x100064c0   Section      512  startup_lpc17xx.o(STACK)
    Heap_Mem                                 0x100064c0   Data           0  startup_lpc17xx.o(HEAP)
    Stack_Mem                                0x100064c0   Data         512  startup_lpc17xx.o(STACK)
    __initial_sp                             0x100066c0   Data           0  startup_lpc17xx.o(STACK)

    Global Symbols

    Symbol Name                              Value     Ov Type        Size  Object(Section)

    BuildAttributes$$THM_ISAv4$P$D$K$B$S$PE$A:L22UL41UL21$X:L11$S22US41US21$IEEE1$IW$USESV6$~STKCKD$USESV7$~SHL$OSPACE$ROPI$EBA8$UX$STANDARDLIB$REQ8$PRES8$EABIv2 0x00000000   Number         0  anon$$obj.o ABSOLUTE
    __ARM_use_no_argv                        0x00000000   Number         0  main.o ABSOLUTE
    __ARM_exceptions_init                     - Undefined Weak Reference
    __alloca_initialize                       - Undefined Weak Reference
    __arm_fini_                               - Undefined Weak Reference
    __arm_preinit_                            - Undefined Weak Reference
    __cpp_initialize__aeabi_                  - Undefined Weak Reference
    __cxa_finalize                            - Undefined Weak Reference
    __rt_locale                               - Undefined Weak Reference
    __sigvec_lookup                           - Undefined Weak Reference
    _atexit_init                              - Undefined Weak Reference
    _call_atexit_fns                          - Undefined Weak Reference
    _clock_init                               - Undefined Weak Reference
    _fp_trap_init                             - Undefined Weak Reference
    _fp_trap_shutdown                         - Undefined Weak Reference
    _get_lc_collate                           - Undefined Weak Reference
    _get_lc_ctype                             - Undefined Weak Reference
    _get_lc_monetary                          - Undefined Weak Reference
    _get_lc_numeric                           - Undefined Weak Reference
    _get_lc_time                              - Undefined Weak Reference
    _getenv_init                              - Undefined Weak Reference
    _handle_redirection                       - Undefined Weak Reference
    _init_alloc                               - Undefined Weak Reference
    _init_user_alloc                          - Undefined Weak Reference
    _initio                                   - Undefined Weak Reference
    _rand_init                                - Undefined Weak Reference
    _signal_finish                            - Undefined Weak Reference
    _signal_init                              - Undefined Weak Reference
    _terminate_alloc                          - Undefined Weak Reference
    _terminate_user_alloc                     - Undefined Weak Reference
    _terminateio                              - Undefined Weak Reference
    __Vectors                                0x10000000   Data           4  startup_lpc17xx.o(RESET)
    __main                                   0x100000cd   Thumb Code     8  __main.o(!!!main)
    __scatterload                            0x100000d5   Thumb Code     0  __scatter.o(!!!scatter)
    __scatterload_rt2                        0x100000d5   Thumb Code    44  __scatter.o(!!!scatter)
    __scatterload_rt2_thumb_only             0x100000d5   Thumb Code     0  __scatter.o(!!!scatter)
    __scatterload_null                       0x100000e3   Thumb Code     0  __scatter.o(!!!scatter)
    __scatterload_copy                       0x10000109   Thumb Code    26  __scatter_copy.o(!!handler_copy)
    __scatterload_zeroinit                   0x10000125   Thumb Code    28  __scatter_zi.o(!!handler_zi)
    __rt_lib_init                            0x10000141   Thumb Code     0  libinit.o(.ARM.Collect$$libinit$$00000000)
    __rt_lib_init_alloca_1                   0x10000143   Thumb Code     0  libinit2.o(.ARM.Collect$$libinit$$0000002E)
    __rt_lib_init_argv_1                     0x10000143   Thumb Code     0  libinit2.o(.ARM.Collect$$libinit$$0000002C)
    __rt_lib_init_atexit_1                   0x10000143   Thumb Code     0  libinit2.o(.ARM.Collect$$libinit$$0000001B)
    __rt_lib_init_clock_1                    0x10000143   Thumb Code     0  libinit2.o(.ARM.Collect$$libinit$$00000021)
    __rt_lib_init_cpp_1                      0x10000143   Thumb Code     0  libinit2.o(.ARM.Collect$$libinit$$00000032)
    __rt_lib_init_exceptions_1               0x10000143   Thumb Code     0  libinit2.o(.ARM.Collect$$libinit$$00000030)
    __rt_lib_init_fp_1                       0x10000143   Thumb Code     0  libinit2.o(.ARM.Collect$$libinit$$00000002)
    __rt_lib_init_fp_trap_1                  0x10000143   Thumb Code     0  libinit2.o(.ARM.Collect$$libinit$$0000001F)
    __rt_lib_init_getenv_1                   0x10000143   Thumb Code     0  libinit2.o(.ARM.Collect$$libinit$$00000023)
    __rt_lib_init_heap_1                     0x10000143   Thumb Code     0  libinit2.o(.ARM.Collect$$libinit$$0000000A)
    __rt_lib_init_lc_collate_1               0x10000143   Thumb Code     0  libinit2.o(.ARM.Collect$$libinit$$00000011)
    __rt_lib_init_lc_ctype_1                 0x10000143   Thumb Code     0  libinit2.o(.ARM.Collect$$libinit$$00000013)
    __rt_lib_init_lc_monetary_1              0x10000143   Thumb Code     0  libinit2.o(.ARM.Collect$$libinit$$00000015)
    __rt_lib_init_lc_numeric_1               0x10000143   Thumb Code     0  libinit2.o(.ARM.Collect$$libinit$$00000017)
    __rt_lib_init_lc_time_1                  0x10000143   Thumb Code     0  libinit2.o(.ARM.Collect$$libinit$$00000019)
    __rt_lib_init_preinit_1                  0x10000143   Thumb Code     0  libinit2.o(.ARM.Collect$$libinit$$00000004)
    __rt_lib_init_rand_1                     0x10000143   Thumb Code     0  libinit2.o(.ARM.Collect$$libinit$$0000000E)
    __rt_lib_init_return                     0x10000143   Thumb Code     0  libinit2.o(.ARM.Collect$$libinit$$00000033)
    __rt_lib_init_signal_1                   0x10000143   Thumb Code     0  libinit2.o(.ARM.Collect$$libinit$$0000001D)
    __rt_lib_init_stdio_1                    0x10000143   Thumb Code     0  libinit2.o(.ARM.Collect$$libinit$$00000025)
    __rt_lib_init_user_alloc_1               0x10000143   Thumb Code     0  libinit2.o(.ARM.Collect$$libinit$$0000000C)
    __rt_lib_shutdown                        0x10000145   Thumb Code     0  libshutdown.o(.ARM.Collect$$libshutdown$$00000000)
    __rt_lib_shutdown_cpp_1                  0x10000147   Thumb Code     0  libshutdown2.o(.ARM.Collect$$libshutdown$$00000004)
    __rt_lib_shutdown_fini_1                 0x10000147   Thumb Code     0  libshutdown2.o(.ARM.Collect$$libshutdown$$00000002)
    __rt_lib_shutdown_fp_trap_1              0x10000147   Thumb Code     0  libshutdown2.o(.ARM.Collect$$libshutdown$$00000009)
    __rt_lib_shutdown_heap_1                 0x10000147   Thumb Code     0  libshutdown2.o(.ARM.Collect$$libshutdown$$00000011)
    __rt_lib_shutdown_return                 0x10000147   Thumb Code     0  libshutdown2.o(.ARM.Collect$$libshutdown$$00000012)
    __rt_lib_shutdown_signal_1               0x10000147   Thumb Code     0  libshutdown2.o(.ARM.Collect$$libshutdown$$0000000C)
    __rt_lib_shutdown_stdio_1                0x10000147   Thumb Code     0  libshutdown2.o(.ARM.Collect$$libshutdown$$00000006)
    __rt_lib_shutdown_user_alloc_1           0x10000147   Thumb Code     0  libshutdown2.o(.ARM.Collect$$libshutdown$$0000000E)
    __rt_entry                               0x10000149   Thumb Code     0  __rtentry.o(.ARM.Collect$$rtentry$$00000000)
    __rt_entry_presh_1                       0x10000149   Thumb Code     0  __rtentry2.o(.ARM.Collect$$rtentry$$00000002)
    __rt_entry_sh                            0x10000149   Thumb Code     0  __rtentry4.o(.ARM.Collect$$rtentry$$00000004)
    __rt_entry_li                            0x1000014f   Thumb Code     0  __rtentry2.o(.ARM.Collect$$rtentry$$0000000A)
    __rt_entry_postsh_1                      0x1000014f   Thumb Code     0  __rtentry2.o(.ARM.Collect$$rtentry$$00000009)
    __rt_entry_main                          0x10000153   Thumb Code     0  __rtentry2.o(.ARM.Collect$$rtentry$$0000000D)
    __rt_entry_postli_1                      0x10000153   Thumb Code     0  __rtentry2.o(.ARM.Collect$$rtentry$$0000000C)
    __rt_exit                                0x1000015b   Thumb Code     0  rtexit.o(.ARM.Collect$$rtexit$$00000000)
    __rt_exit_ls                             0x1000015d   Thumb Code     0  rtexit2.o(.ARM.Collect$$rtexit$$00000003)
    __rt_exit_prels_1                        0x1000015d   Thumb Code     0  rtexit2.o(.ARM.Collect$$rtexit$$00000002)
    __rt_exit_exit                           0x10000161   Thumb Code     0  rtexit2.o(.ARM.Collect$$rtexit$$00000004)
    SVC_RTE                                  0x10000169   Thumb Code     0  hal.o(.emb_text)
    __rte                                    0x10000169   Thumb Code     8  hal.o(.emb_text)
    k_tsk_switch                             0x10000171   Thumb Code    44  k_task.o(.emb_text)
    K_RESTORE                                0x10000183   Thumb Code     0  k_task.o(.emb_text)
    k_tsk_start                              0x100001a1   Thumb Code     2  k_task.o(.emb_text)
    Reset_Handler                            0x100001a5   Thumb Code     8  startup_lpc17xx.o(.text)
    NMI_Handler                              0x100001ad   Thumb Code     2  startup_lpc17xx.o(.text)
    MemManage_Handler                        0x100001b1   Thumb Code     2  startup_lpc17xx.o(.text)
    BusFault_Handler                         0x100001b3   Thumb Code     2  startup_lpc17xx.o(.text)
    UsageFault_Handler                       0x100001b5   Thumb Code     2  startup_lpc17xx.o(.text)
    DebugMon_Handler                         0x100001b9   Thumb Code     2  startup_lpc17xx.o(.text)
    PendSV_Handler                           0x100001bb   Thumb Code     2  startup_lpc17xx.o(.text)
    SysTick_Handler                          0x100001bd   Thumb Code     2  startup_lpc17xx.o(.text)
    ADC_IRQHandler                           0x100001bf   Thumb Code     0  startup_lpc17xx.o(.text)
    BOD_IRQHandler                           0x100001bf   Thumb Code     0  startup_lpc17xx.o(.text)
    CANActivity_IRQHandler                   0x100001bf   Thumb Code     0  startup_lpc17xx.o(.text)
    CAN_IRQHandler                           0x100001bf   Thumb Code     0  startup_lpc17xx.o(.text)
    DMA_IRQHandler                           0x100001bf   Thumb Code     0  startup_lpc17xx.o(.text)
    EINT0_IRQHandler                         0x100001bf   Thumb Code     0  startup_lpc17xx.o(.text)
    EINT1_IRQHandler                         0x100001bf   Thumb Code     0  startup_lpc17xx.o(.text)
    EINT2_IRQHandler                         0x100001bf   Thumb Code     0  startup_lpc17xx.o(.text)
    EINT3_IRQHandler                         0x100001bf   Thumb Code     0  startup_lpc17xx.o(.text)
    ENET_IRQHandler                          0x100001bf   Thumb Code     0  startup_lpc17xx.o(.text)
    I2C0_IRQHandler                          0x100001bf   Thumb Code     0  startup_lpc17xx.o(.text)
    I2C1_IRQHandler                          0x100001bf   Thumb Code     0  startup_lpc17xx.o(.text)
    I2C2_IRQHandler                          0x100001bf   Thumb Code     0  startup_lpc17xx.o(.text)
    I2S_IRQHandler                           0x100001bf   Thumb Code     0  startup_lpc17xx.o(.text)
    MCPWM_IRQHandler                         0x100001bf   Thumb Code     0  startup_lpc17xx.o(.text)
    PLL0_IRQHandler                          0x100001bf   Thumb Code     0  startup_lpc17xx.o(.text)
    PLL1_IRQHandler                          0x100001bf   Thumb Code     0  startup_lpc17xx.o(.text)
    PWM1_IRQHandler                          0x100001bf   Thumb Code     0  startup_lpc17xx.o(.text)
    QEI_IRQHandler                           0x100001bf   Thumb Code     0  startup_lpc17xx.o(.text)
    RIT_IRQHandler                           0x100001bf   Thumb Code     0  startup_lpc17xx.o(.text)
    RTC_IRQHandler                           0x100001bf   Thumb Code     0  startup_lpc17xx.o(.text)
    SPI_IRQHandler                           0x100001bf   Thumb Code     0  startup_lpc17xx.o(.text)
    SSP0_IRQHandler                          0x100001bf   Thumb Code     0  startup_lpc17xx.o(.text)
    SSP1_IRQHandler                          0x100001bf   Thumb Code     0  startup_lpc17xx.o(.text)
    TIMER1_IRQHandler                        0x100001bf   Thumb Code     0  startup_lpc17xx.o(.text)
    TIMER2_IRQHandler                        0x100001bf   Thumb Code     0  startup_lpc17xx.o(.text)
    TIMER3_IRQHandler                        0x100001bf   Thumb Code     0  startup_lpc17xx.o(.text)
    UART1_IRQHandler                         0x100001bf   Thumb Code     0  startup_lpc17xx.o(.text)
    UART2_IRQHandler                         0x100001bf   Thumb Code     0  startup_lpc17xx.o(.text)
    UART3_IRQHandler                         0x100001bf   Thumb Code     0  startup_lpc17xx.o(.text)
    USBActivity_IRQHandler                   0x100001bf   Thumb Code     0  startup_lpc17xx.o(.text)
    USB_IRQHandler                           0x100001bf   Thumb Code     0  startup_lpc17xx.o(.text)
    WDT_IRQHandler                           0x100001bf   Thumb Code     0  startup_lpc17xx.o(.text)
    __user_initial_stackheap                 0x100001c1   Thumb Code     0  startup_lpc17xx.o(.text)
    __aeabi_memclr4                          0x100001e1   Thumb Code     0  rt_memclr_w.o(.text)
    __aeabi_memclr8                          0x100001e1   Thumb Code     0  rt_memclr_w.o(.text)
    __rt_memclr_w                            0x100001e1   Thumb Code    78  rt_memclr_w.o(.text)
    _memset_w                                0x100001e5   Thumb Code     0  rt_memclr_w.o(.text)
    __use_two_region_memory                  0x1000022f   Thumb Code     2  heapauxi.o(.text)
    __rt_heap_escrow$2region                 0x10000231   Thumb Code     2  heapauxi.o(.text)
    __rt_heap_expand$2region                 0x10000233   Thumb Code     2  heapauxi.o(.text)
    __user_setup_stackheap                   0x10000235   Thumb Code    74  sys_stackheap_outer.o(.text)
    exit                                     0x1000027f   Thumb Code    18  exit.o(.text)
    __user_libspace                          0x10000291   Thumb Code     8  libspace.o(.text)
    __user_perproc_libspace                  0x10000291   Thumb Code     0  libspace.o(.text)
    __user_perthread_libspace                0x10000291   Thumb Code     0  libspace.o(.text)
    _sys_exit                                0x10000299   Thumb Code     8  sys_exit.o(.text)
    __I$use$semihosting                      0x100002a5   Thumb Code     0  use_no_semi.o(.text)
    __use_no_semihosting_swi                 0x100002a5   Thumb Code     2  use_no_semi.o(.text)
    __semihosting_library_function           0x100002a7   Thumb Code     0  indicate_semi.o(.text)
    HardFault_Handler                        0x100002a9   Thumb Code    22  ae_util.o(i.HardFault_Handler)
    SVC_Handler                              0x100002d9   Thumb Code   296  hal.o(i.SVC_Handler)
    SystemInit                               0x10000401   Thumb Code   302  system_lpc17xx.o(i.SystemInit)
    TIMER0_IRQHandler                        0x10000541   Thumb Code    20  timer.o(i.TIMER0_IRQHandler)
    UART0_IRQHandler                         0x10000559   Thumb Code   104  uart_irq.o(i.UART0_IRQHandler)
    __delete_node                            0x10000625   Thumb Code     6  k_mem.o(i.__delete_node)
    __q_delete_node                          0x1000062b   Thumb Code     6  k_task.o(i.__q_delete_node)
    add_to_list                              0x1000069d   Thumb Code    10  k_mem.o(i.add_to_list)
    adr_to_ba_idx                            0x100006a9   Thumb Code    72  k_mem.o(i.adr_to_ba_idx)
    ae_exit                                  0x10000701   Thumb Code     4  ae.o(i.ae_exit)
    ae_init                                  0x10000705   Thumb Code    48  ae.o(i.ae_init)
    ae_set_init_tasks_info                   0x10000735   Thumb Code    22  ae.o(i.ae_set_init_tasks_info)
    ae_set_sys_info                          0x1000074b   Thumb Code    22  ae.o(i.ae_set_sys_info)
    bitmap_scan_test                         0x10000761   Thumb Code    36  k_mem.o(i.bitmap_scan_test)
    bitmap_xor_and_test                      0x10000785   Thumb Code    48  k_mem.o(i.bitmap_xor_and_test)
    count_set_bits                           0x100007b5   Thumb Code    18  ae_util.o(i.count_set_bits)
    delete_node                              0x100007c7   Thumb Code    20  k_mem.o(i.delete_node)
    gen_req0                                 0x100007dd   Thumb Code    78  ae_tasks1_g38.o(i.gen_req0)
    gen_req1                                 0x10000835   Thumb Code    68  ae_tasks1_g38.o(i.gen_req1)
    get_bit_idx                              0x1000087d   Thumb Code    48  k_mem.o(i.get_bit_idx)
    get_buddy_index                          0x100008b5   Thumb Code    34  k_mem.o(i.get_buddy_index)
    get_log_2_down                           0x100008e1   Thumb Code    16  k_mem.o(i.get_log_2_down)
    get_log_2_up                             0x100008f1   Thumb Code    44  k_mem.o(i.get_log_2_up)
    get_mpool_size                           0x1000091d   Thumb Code     8  k_mem.o(i.get_mpool_size)
    get_root_idx                             0x10000925   Thumb Code    62  k_mem.o(i.get_root_idx)
    get_valid_tid                            0x1000096d   Thumb Code    36  k_task.o(i.get_valid_tid)
    idx_to_ptr                               0x100009b5   Thumb Code   100  k_mem.o(i.idx_to_ptr)
    init_ae_tsk_test                         0x10000a29   Thumb Code    96  ae_tasks1_g38.o(i.init_ae_tsk_test)
    init_list_head                           0x10000aa5   Thumb Code     6  k_mem.o(i.init_list_head)
    init_printf                              0x10000aad   Thumb Code    10  printf.o(i.init_printf)
    k_alloc_k_stack                          0x10000ac1   Thumb Code    36  k_mem.o(i.k_alloc_k_stack)
    k_alloc_p_stack                          0x10000aed   Thumb Code    36  k_mem.o(i.k_alloc_p_stack)
    k_mbx_create                             0x10000b19   Thumb Code     6  k_msg.o(i.k_mbx_create)
    k_mbx_get                                0x10000b1f   Thumb Code     6  k_msg.o(i.k_mbx_get)
    k_mbx_ls                                 0x10000b25   Thumb Code     6  k_msg.o(i.k_mbx_ls)
    k_mem_init                               0x10000b2d   Thumb Code    48  k_mem.o(i.k_mem_init)
    k_mpool_alloc                            0x10000b6d   Thumb Code   404  k_mem.o(i.k_mpool_alloc)
    k_mpool_create                           0x10000d19   Thumb Code   252  k_mem.o(i.k_mpool_create)
    k_mpool_dealloc                          0x10000e39   Thumb Code  1194  k_mem.o(i.k_mpool_dealloc)
    k_mpool_dump                             0x100012ed   Thumb Code   228  k_mem.o(i.k_mpool_dump)
    k_pre_rtx_init                           0x1000140d   Thumb Code    36  k_rtx_init.o(i.k_pre_rtx_init)
    k_recv_msg                               0x10001431   Thumb Code     6  k_msg.o(i.k_recv_msg)
    k_recv_msg_nb                            0x10001437   Thumb Code     6  k_msg.o(i.k_recv_msg_nb)
    k_rt_tsk_get                             0x1000143d   Thumb Code    26  k_task.o(i.k_rt_tsk_get)
    k_rt_tsk_set                             0x10001457   Thumb Code     6  k_task.o(i.k_rt_tsk_set)
    k_rt_tsk_susp                            0x1000145d   Thumb Code     4  k_task.o(i.k_rt_tsk_susp)
    k_rtx_init                               0x10001461   Thumb Code    50  k_rtx_init.o(i.k_rtx_init)
    k_send_msg                               0x10001499   Thumb Code     6  k_msg.o(i.k_send_msg)
    k_send_msg_nb                            0x1000149f   Thumb Code     6  k_msg.o(i.k_send_msg_nb)
    k_tsk_create                             0x100014a5   Thumb Code   194  k_task.o(i.k_tsk_create)
    k_tsk_create_new                         0x1000157d   Thumb Code   248  k_task.o(i.k_tsk_create_new)
    k_tsk_exit                               0x1000167d   Thumb Code    46  k_task.o(i.k_tsk_exit)
    k_tsk_get                                0x100016b5   Thumb Code   204  k_task.o(i.k_tsk_get)
    k_tsk_gettid                             0x10001789   Thumb Code     8  k_task.o(i.k_tsk_gettid)
    k_tsk_init                               0x10001795   Thumb Code   238  k_task.o(i.k_tsk_init)
    k_tsk_init_first                         0x10001899   Thumb Code    22  k_task.o(i.k_tsk_init_first)
    k_tsk_ls                                 0x100018b5   Thumb Code    74  k_task.o(i.k_tsk_ls)
    k_tsk_run_new                            0x10001909   Thumb Code    88  k_task.o(i.k_tsk_run_new)
    k_tsk_set_prio                           0x10001965   Thumb Code   408  k_task.o(i.k_tsk_set_prio)
    k_tsk_yield                              0x10001b0d   Thumb Code    78  k_task.o(i.k_tsk_yield)
    list_first_entry_or_null                 0x10001b65   Thumb Code    16  k_mem.o(i.list_first_entry_or_null)
    main                                     0x10001b75   Thumb Code    84  main.o(i.main)
    print_log                                0x10001bdd   Thumb Code    42  ae_util.o(i.print_log)
    print_results                            0x10001c4d   Thumb Code   118  ae_util.o(i.print_results)
    print_summary                            0x10001d6d   Thumb Code    22  ae_util.o(i.print_summary)
    priv_task1                               0x10001d99   Thumb Code   176  ae_tasks1_g38.o(i.priv_task1)
    process_sub_result                       0x10001ef9   Thumb Code    46  ae_util.o(i.process_sub_result)
    ptr_to_pidx                              0x10001f31   Thumb Code    34  k_mem.o(i.ptr_to_pidx)
    putc                                     0x10001f5d   Thumb Code    28  uart_polling.o(i.putc)
    q_add_to_list_head                       0x10001ffd   Thumb Code    10  k_task.o(i.q_add_to_list_head)
    q_add_to_list_last                       0x10002007   Thumb Code    10  k_task.o(i.q_add_to_list_last)
    q_delete_first_node                      0x10002011   Thumb Code    28  k_task.o(i.q_delete_first_node)
    q_delete_node                            0x1000202d   Thumb Code    20  k_task.o(i.q_delete_node)
    q_init_list_head                         0x10002041   Thumb Code     6  k_task.o(i.q_init_list_head)
    q_list_first_entry_or_null               0x10002047   Thumb Code    16  k_task.o(i.q_list_first_entry_or_null)
    scheduler                                0x10002059   Thumb Code    82  k_task.o(i.scheduler)
    set_ae_init_tasks                        0x100020b5   Thumb Code    24  ae_tasks1_g38.o(i.set_ae_init_tasks)
    set_ae_tasks                             0x100020d1   Thumb Code    78  ae_tasks1_g38.o(i.set_ae_tasks)
    strcpy                                   0x10002129   Thumb Code    32  ae_util.o(i.strcpy)
    task1                                    0x10002149   Thumb Code   186  ae_tasks1_g38.o(i.task1)
    task2                                    0x100022b1   Thumb Code   138  ae_tasks1_g38.o(i.task2)
    task3                                    0x100023d9   Thumb Code   138  ae_tasks1_g38.o(i.task3)
    task_null                                0x10002505   Thumb Code     6  null_task.o(i.task_null)
    test0_start                              0x1000250d   Thumb Code   178  ae_tasks1_g38.o(i.test0_start)
    test1_start                              0x10002641   Thumb Code   276  ae_tasks1_g38.o(i.test1_start)
    test_abort                               0x10002811   Thumb Code    36  ae_util.o(i.test_abort)
    test_exit                                0x1000287d   Thumb Code    16  ae_util.o(i.test_exit)
    tfp_format                               0x100028a1   Thumb Code   296  printf.o(i.tfp_format)
    tfp_printf                               0x100029c9   Thumb Code    34  printf.o(i.tfp_printf)
    tfp_sprintf                              0x100029f5   Thumb Code    38  printf.o(i.tfp_sprintf)
    uart_init                                0x10002a21   Thumb Code    96  uart_polling.o(i.uart_init)
    uart_irq_init                            0x10002a8d   Thumb Code   144  uart_irq.o(i.uart_irq_init)
    uart_put_char                            0x10002b29   Thumb Code    42  uart_polling.o(i.uart_put_char)
    uart_put_string                          0x10002b5d   Thumb Code    38  uart_polling.o(i.uart_put_string)
    update_ae_xtest                          0x10002bd9   Thumb Code    18  ae_tasks1_g38.o(i.update_ae_xtest)
    update_exec_seq                          0x10002bf1   Thumb Code    64  ae_tasks1_g38.o(i.update_exec_seq)
    PREFIX                                   0x10002c34   Data           8  ae_tasks1_g38.o(.constdata)
    PREFIX_LOG                               0x10002c3c   Data          12  ae_tasks1_g38.o(.constdata)
    PREFIX_LOG2                              0x10002c48   Data          13  ae_tasks1_g38.o(.constdata)
    Region$$Table$$Base                      0x10002c58   Number         0  anon$$obj.o(Region$$Table)
    Region$$Table$$Limit                     0x10002c78   Number         0  anon$$obj.o(Region$$Table)
    g_buffer                                 0x10003000   Data          16  uart_irq.o(.data)
    g_send_char                              0x10003014   Data           1  uart_irq.o(.data)
    g_char_in                                0x10003015   Data           1  uart_irq.o(.data)
    g_tx_irq                                 0x10003016   Data           1  uart_irq.o(.data)
    g_switch_flag                            0x10003017   Data           1  uart_irq.o(.data)
    g_timer_count                            0x10003018   Data           4  timer.o(.data)
    h_1                                      0x1000301c   Data           4  k_mem.o(.data)
    h_2                                      0x10003020   Data           4  k_mem.o(.data)
    errno                                    0x10003024   Data           4  k_rtx_init.o(.data)
    gp_current_task                          0x10003028   Data           4  k_task.o(.data)
    g_num_active_tasks                       0x1000302c   Data           4  k_task.o(.data)
    g_k_stacks                               0x10003048   Data       10240  k_mem.o(.bss)
    free_area_1                              0x10005848   Data         144  k_mem.o(.bss)
    free_area_2                              0x100058d8   Data         192  k_mem.o(.bss)
    g_p_stacks                               0x10005998   Data        1536  k_mem.o(.bss)
    bit_array_1                              0x10005f98   Data          32  k_mem.o(.bss)
    bit_array_2                              0x10005fb8   Data         256  k_mem.o(.bss)
    g_tcbs                                   0x100060b8   Data         440  k_task.o(.bss)
    queue                                    0x10006270   Data         176  k_task.o(.bss)
    __libspace_start                         0x10006320   Data          96  libspace.o(.bss)
    __temporary_stack_top$libspace           0x10006380   Data           0  libspace.o(.bss)
    g_init_tasks                             0x10006380   Data          24  ae_tasks1_g38.o(.bss)
    g_ae_xtest                               0x10006398   Data         132  ae_tasks1_g38.o(.bss)
    g_ae_cases                               0x1000641c   Data          16  ae_tasks1_g38.o(.bss)
    g_tsk_cases                              0x1000642c   Data         144  ae_tasks1_g38.o(.bss)



==============================================================================

Memory Map of the image

  Image Entry point : 0x100000cd

  Load Region LR_IROM1 (Base: 0x10000000, Size: 0x00002cc0, Max: 0x00003000, ABSOLUTE)

    Execution Region ER_IROM1 (Exec base: 0x10000000, Load base: 0x10000000, Size: 0x00002c78, Max: 0x00003000, ABSOLUTE)

    Exec Addr    Load Addr    Size         Type   Attr      Idx    E Section Name        Object

    0x10000000   0x10000000   0x000000cc   Data   RO          879    RESET               startup_lpc17xx.o
    0x100000cc   0x100000cc   0x00000008   Code   RO          928  * !!!main             c_w.l(__main.o)
    0x100000d4   0x100000d4   0x00000034   Code   RO         1357    !!!scatter          c_w.l(__scatter.o)
    0x10000108   0x10000108   0x0000001a   Code   RO         1359    !!handler_copy      c_w.l(__scatter_copy.o)
    0x10000122   0x10000122   0x00000002   PAD
    0x10000124   0x10000124   0x0000001c   Code   RO         1361    !!handler_zi        c_w.l(__scatter_zi.o)
    0x10000140   0x10000140   0x00000002   Code   RO         1025    .ARM.Collect$$libinit$$00000000  c_w.l(libinit.o)
    0x10000142   0x10000142   0x00000000   Code   RO         1074    .ARM.Collect$$libinit$$00000002  c_w.l(libinit2.o)
    0x10000142   0x10000142   0x00000000   Code   RO         1076    .ARM.Collect$$libinit$$00000004  c_w.l(libinit2.o)
    0x10000142   0x10000142   0x00000000   Code   RO         1079    .ARM.Collect$$libinit$$0000000A  c_w.l(libinit2.o)
    0x10000142   0x10000142   0x00000000   Code   RO         1081    .ARM.Collect$$libinit$$0000000C  c_w.l(libinit2.o)
    0x10000142   0x10000142   0x00000000   Code   RO         1083    .ARM.Collect$$libinit$$0000000E  c_w.l(libinit2.o)
    0x10000142   0x10000142   0x00000000   Code   RO         1086    .ARM.Collect$$libinit$$00000011  c_w.l(libinit2.o)
    0x10000142   0x10000142   0x00000000   Code   RO         1088    .ARM.Collect$$libinit$$00000013  c_w.l(libinit2.o)
    0x10000142   0x10000142   0x00000000   Code   RO         1090    .ARM.Collect$$libinit$$00000015  c_w.l(libinit2.o)
    0x10000142   0x10000142   0x00000000   Code   RO         1092    .ARM.Collect$$libinit$$00000017  c_w.l(libinit2.o)
    0x10000142   0x10000142   0x00000000   Code   RO         1094    .ARM.Collect$$libinit$$00000019  c_w.l(libinit2.o)
    0x10000142   0x10000142   0x00000000   Code   RO         1096    .ARM.Collect$$libinit$$0000001B  c_w.l(libinit2.o)
    0x10000142   0x10000142   0x00000000   Code   RO         1098    .ARM.Collect$$libinit$$0000001D  c_w.l(libinit2.o)
    0x10000142   0x10000142   0x00000000   Code   RO         1100    .ARM.Collect$$libinit$$0000001F  c_w.l(libinit2.o)
    0x10000142   0x10000142   0x00000000   Code   RO         1102    .ARM.Collect$$libinit$$00000021  c_w.l(libinit2.o)
    0x10000142   0x10000142   0x00000000   Code   RO         1104    .ARM.Collect$$libinit$$00000023  c_w.l(libinit2.o)
    0x10000142   0x10000142   0x00000000   Code   RO         1106    .ARM.Collect$$libinit$$00000025  c_w.l(libinit2.o)
    0x10000142   0x10000142   0x00000000   Code   RO         1110    .ARM.Collect$$libinit$$0000002C  c_w.l(libinit2.o)
    0x10000142   0x10000142   0x00000000   Code   RO         1112    .ARM.Collect$$libinit$$0000002E  c_w.l(libinit2.o)
    0x10000142   0x10000142   0x00000000   Code   RO         1114    .ARM.Collect$$libinit$$00000030  c_w.l(libinit2.o)
    0x10000142   0x10000142   0x00000000   Code   RO         1116    .ARM.Collect$$libinit$$00000032  c_w.l(libinit2.o)
    0x10000142   0x10000142   0x00000002   Code   RO         1117    .ARM.Collect$$libinit$$00000033  c_w.l(libinit2.o)
    0x10000144   0x10000144   0x00000002   Code   RO         1312    .ARM.Collect$$libshutdown$$00000000  c_w.l(libshutdown.o)
    0x10000146   0x10000146   0x00000000   Code   RO         1338    .ARM.Collect$$libshutdown$$00000002  c_w.l(libshutdown2.o)
    0x10000146   0x10000146   0x00000000   Code   RO         1340    .ARM.Collect$$libshutdown$$00000004  c_w.l(libshutdown2.o)
    0x10000146   0x10000146   0x00000000   Code   RO         1342    .ARM.Collect$$libshutdown$$00000006  c_w.l(libshutdown2.o)
    0x10000146   0x10000146   0x00000000   Code   RO         1345    .ARM.Collect$$libshutdown$$00000009  c_w.l(libshutdown2.o)
    0x10000146   0x10000146   0x00000000   Code   RO         1348    .ARM.Collect$$libshutdown$$0000000C  c_w.l(libshutdown2.o)
    0x10000146   0x10000146   0x00000000   Code   RO         1350    .ARM.Collect$$libshutdown$$0000000E  c_w.l(libshutdown2.o)
    0x10000146   0x10000146   0x00000000   Code   RO         1353    .ARM.Collect$$libshutdown$$00000011  c_w.l(libshutdown2.o)
    0x10000146   0x10000146   0x00000002   Code   RO         1354    .ARM.Collect$$libshutdown$$00000012  c_w.l(libshutdown2.o)
    0x10000148   0x10000148   0x00000000   Code   RO          930    .ARM.Collect$$rtentry$$00000000  c_w.l(__rtentry.o)
    0x10000148   0x10000148   0x00000000   Code   RO          936    .ARM.Collect$$rtentry$$00000002  c_w.l(__rtentry2.o)
    0x10000148   0x10000148   0x00000006   Code   RO          948    .ARM.Collect$$rtentry$$00000004  c_w.l(__rtentry4.o)
    0x1000014e   0x1000014e   0x00000000   Code   RO          938    .ARM.Collect$$rtentry$$00000009  c_w.l(__rtentry2.o)
    0x1000014e   0x1000014e   0x00000004   Code   RO          939    .ARM.Collect$$rtentry$$0000000A  c_w.l(__rtentry2.o)
    0x10000152   0x10000152   0x00000000   Code   RO          941    .ARM.Collect$$rtentry$$0000000C  c_w.l(__rtentry2.o)
    0x10000152   0x10000152   0x00000008   Code   RO          942    .ARM.Collect$$rtentry$$0000000D  c_w.l(__rtentry2.o)
    0x1000015a   0x1000015a   0x00000002   Code   RO         1065    .ARM.Collect$$rtexit$$00000000  c_w.l(rtexit.o)
    0x1000015c   0x1000015c   0x00000000   Code   RO         1221    .ARM.Collect$$rtexit$$00000002  c_w.l(rtexit2.o)
    0x1000015c   0x1000015c   0x00000004   Code   RO         1222    .ARM.Collect$$rtexit$$00000003  c_w.l(rtexit2.o)
    0x10000160   0x10000160   0x00000006   Code   RO         1223    .ARM.Collect$$rtexit$$00000004  c_w.l(rtexit2.o)
    0x10000166   0x10000166   0x00000002   PAD
    0x10000168   0x10000168   0x00000008   Code   RO          234    .emb_text           hal.o
    0x10000170   0x10000170   0x00000032   Code   RO          576    .emb_text           k_task.o
    0x100001a2   0x100001a2   0x00000002   PAD
    0x100001a4   0x100001a4   0x0000003c   Code   RO          880    .text               startup_lpc17xx.o
    0x100001e0   0x100001e0   0x0000004e   Code   RO          924    .text               c_w.l(rt_memclr_w.o)
    0x1000022e   0x1000022e   0x00000006   Code   RO          926    .text               c_w.l(heapauxi.o)
    0x10000234   0x10000234   0x0000004a   Code   RO         1012    .text               c_w.l(sys_stackheap_outer.o)
    0x1000027e   0x1000027e   0x00000012   Code   RO         1014    .text               c_w.l(exit.o)
    0x10000290   0x10000290   0x00000008   Code   RO         1062    .text               c_w.l(libspace.o)
    0x10000298   0x10000298   0x0000000c   Code   RO         1218    .text               c_w.l(sys_exit.o)
    0x100002a4   0x100002a4   0x00000002   Code   RO         1301    .text               c_w.l(use_no_semi.o)
    0x100002a6   0x100002a6   0x00000000   Code   RO         1303    .text               c_w.l(indicate_semi.o)
    0x100002a6   0x100002a6   0x00000002   PAD
    0x100002a8   0x100002a8   0x00000030   Code   RO         1235    i.HardFault_Handler  ae-lib-ram.lib(ae_util.o)
    0x100002d8   0x100002d8   0x00000128   Code   RO          235    i.SVC_Handler       hal.o
    0x10000400   0x10000400   0x00000140   Code   RO          888    i.SystemInit        system_lpc17xx.o
    0x10000540   0x10000540   0x00000018   Code   RO          182    i.TIMER0_IRQHandler  timer.o
    0x10000558   0x10000558   0x00000080   Code   RO           87    i.UART0_IRQHandler  uart_irq.o
    0x100005d8   0x100005d8   0x00000022   Code   RO           88    i.__NVIC_EnableIRQ  uart_irq.o
    0x100005fa   0x100005fa   0x00000002   PAD
    0x100005fc   0x100005fc   0x00000028   Code   RO           89    i.__NVIC_SetPriority  uart_irq.o
    0x10000624   0x10000624   0x00000006   Code   RO          288    i.__delete_node     k_mem.o
    0x1000062a   0x1000062a   0x00000006   Code   RO          577    i.__q_delete_node   k_task.o
    0x10000630   0x10000630   0x00000032   Code   RO          745    i.a2d               printf.o
    0x10000662   0x10000662   0x0000003a   Code   RO          746    i.a2i               printf.o
    0x1000069c   0x1000069c   0x0000000a   Code   RO          289    i.add_to_list       k_mem.o
    0x100006a6   0x100006a6   0x00000002   PAD
    0x100006a8   0x100006a8   0x00000058   Code   RO          290    i.adr_to_ba_idx     k_mem.o
    0x10000700   0x10000700   0x00000004   Code   RO         1026    i.ae_exit           ae-lib-ram.lib(ae.o)
    0x10000704   0x10000704   0x00000030   Code   RO         1027    i.ae_init           ae-lib-ram.lib(ae.o)
    0x10000734   0x10000734   0x00000016   Code   RO         1028    i.ae_set_init_tasks_info  ae-lib-ram.lib(ae.o)
    0x1000074a   0x1000074a   0x00000016   Code   RO         1029    i.ae_set_sys_info   ae-lib-ram.lib(ae.o)
    0x10000760   0x10000760   0x00000024   Code   RO          291    i.bitmap_scan_test  k_mem.o
    0x10000784   0x10000784   0x00000030   Code   RO          292    i.bitmap_xor_and_test  k_mem.o
    0x100007b4   0x100007b4   0x00000012   Code   RO         1236    i.count_set_bits    ae-lib-ram.lib(ae_util.o)
    0x100007c6   0x100007c6   0x00000014   Code   RO          293    i.delete_node       k_mem.o
    0x100007da   0x100007da   0x00000002   PAD
    0x100007dc   0x100007dc   0x00000058   Code   RO         1118    i.gen_req0          ae-lib-ram.lib(ae_tasks1_g38.o)
    0x10000834   0x10000834   0x00000048   Code   RO         1119    i.gen_req1          ae-lib-ram.lib(ae_tasks1_g38.o)
    0x1000087c   0x1000087c   0x00000038   Code   RO          295    i.get_bit_idx       k_mem.o
    0x100008b4   0x100008b4   0x0000002c   Code   RO          296    i.get_buddy_index   k_mem.o
    0x100008e0   0x100008e0   0x00000010   Code   RO          297    i.get_log_2_down    k_mem.o
    0x100008f0   0x100008f0   0x0000002c   Code   RO          298    i.get_log_2_up      k_mem.o
    0x1000091c   0x1000091c   0x00000008   Code   RO          299    i.get_mpool_size    k_mem.o
    0x10000924   0x10000924   0x00000048   Code   RO          300    i.get_root_idx      k_mem.o
    0x1000096c   0x1000096c   0x00000028   Code   RO          578    i.get_valid_tid     k_task.o
    0x10000994   0x10000994   0x00000020   Code   RO          747    i.i2a               printf.o
    0x100009b4   0x100009b4   0x00000074   Code   RO          301    i.idx_to_ptr        k_mem.o
    0x10000a28   0x10000a28   0x0000007c   Code   RO         1120    i.init_ae_tsk_test  ae-lib-ram.lib(ae_tasks1_g38.o)
    0x10000aa4   0x10000aa4   0x00000006   Code   RO          302    i.init_list_head    k_mem.o
    0x10000aaa   0x10000aaa   0x00000002   PAD
    0x10000aac   0x10000aac   0x00000014   Code   RO          748    i.init_printf       printf.o
    0x10000ac0   0x10000ac0   0x0000002c   Code   RO          303    i.k_alloc_k_stack   k_mem.o
    0x10000aec   0x10000aec   0x0000002c   Code   RO          304    i.k_alloc_p_stack   k_mem.o
    0x10000b18   0x10000b18   0x00000006   Code   RO          471    i.k_mbx_create      k_msg.o
    0x10000b1e   0x10000b1e   0x00000006   Code   RO          472    i.k_mbx_get         k_msg.o
    0x10000b24   0x10000b24   0x00000006   Code   RO          473    i.k_mbx_ls          k_msg.o
    0x10000b2a   0x10000b2a   0x00000002   PAD
    0x10000b2c   0x10000b2c   0x00000040   Code   RO          305    i.k_mem_init        k_mem.o
    0x10000b6c   0x10000b6c   0x000001ac   Code   RO          306    i.k_mpool_alloc     k_mem.o
    0x10000d18   0x10000d18   0x00000120   Code   RO          307    i.k_mpool_create    k_mem.o
    0x10000e38   0x10000e38   0x000004b4   Code   RO          308    i.k_mpool_dealloc   k_mem.o
    0x100012ec   0x100012ec   0x00000120   Code   RO          309    i.k_mpool_dump      k_mem.o
    0x1000140c   0x1000140c   0x00000024   Code   RO          532    i.k_pre_rtx_init    k_rtx_init.o
    0x10001430   0x10001430   0x00000006   Code   RO          474    i.k_recv_msg        k_msg.o
    0x10001436   0x10001436   0x00000006   Code   RO          475    i.k_recv_msg_nb     k_msg.o
    0x1000143c   0x1000143c   0x0000001a   Code   RO          579    i.k_rt_tsk_get      k_task.o
    0x10001456   0x10001456   0x00000006   Code   RO          580    i.k_rt_tsk_set      k_task.o
    0x1000145c   0x1000145c   0x00000004   Code   RO          581    i.k_rt_tsk_susp     k_task.o
    0x10001460   0x10001460   0x00000038   Code   RO          533    i.k_rtx_init        k_rtx_init.o
    0x10001498   0x10001498   0x00000006   Code   RO          476    i.k_send_msg        k_msg.o
    0x1000149e   0x1000149e   0x00000006   Code   RO          477    i.k_send_msg_nb     k_msg.o
    0x100014a4   0x100014a4   0x000000d8   Code   RO          582    i.k_tsk_create      k_task.o
    0x1000157c   0x1000157c   0x00000100   Code   RO          583    i.k_tsk_create_new  k_task.o
    0x1000167c   0x1000167c   0x00000038   Code   RO          584    i.k_tsk_exit        k_task.o
    0x100016b4   0x100016b4   0x000000d4   Code   RO          585    i.k_tsk_get         k_task.o
    0x10001788   0x10001788   0x0000000c   Code   RO          586    i.k_tsk_gettid      k_task.o
    0x10001794   0x10001794   0x00000104   Code   RO          587    i.k_tsk_init        k_task.o
    0x10001898   0x10001898   0x0000001c   Code   RO          588    i.k_tsk_init_first  k_task.o
    0x100018b4   0x100018b4   0x00000054   Code   RO          589    i.k_tsk_ls          k_task.o
    0x10001908   0x10001908   0x0000005c   Code   RO          590    i.k_tsk_run_new     k_task.o
    0x10001964   0x10001964   0x000001a8   Code   RO          591    i.k_tsk_set_prio    k_task.o
    0x10001b0c   0x10001b0c   0x00000058   Code   RO          592    i.k_tsk_yield       k_task.o
    0x10001b64   0x10001b64   0x00000010   Code   RO          311    i.list_first_entry_or_null  k_mem.o
    0x10001b74   0x10001b74   0x00000068   Code   RO          954    i.main              ae-lib-ram.lib(main.o)
    0x10001bdc   0x10001bdc   0x00000070   Code   RO         1237    i.print_log         ae-lib-ram.lib(ae_util.o)
    0x10001c4c   0x10001c4c   0x00000120   Code   RO         1238    i.print_results     ae-lib-ram.lib(ae_util.o)
    0x10001d6c   0x10001d6c   0x0000002c   Code   RO         1239    i.print_summary     ae-lib-ram.lib(ae_util.o)
    0x10001d98   0x10001d98   0x00000160   Code   RO         1121    i.priv_task1        ae-lib-ram.lib(ae_tasks1_g38.o)
    0x10001ef8   0x10001ef8   0x00000038   Code   RO         1240    i.process_sub_result  ae-lib-ram.lib(ae_util.o)
    0x10001f30   0x10001f30   0x0000002c   Code   RO          313    i.ptr_to_pidx       k_mem.o
    0x10001f5c   0x10001f5c   0x00000044   Code   RO            4    i.putc              uart_polling.o
    0x10001fa0   0x10001fa0   0x00000052   Code   RO          749    i.putchw            printf.o
    0x10001ff2   0x10001ff2   0x0000000a   Code   RO          750    i.putcp             printf.o
    0x10001ffc   0x10001ffc   0x0000000a   Code   RO          593    i.q_add_to_list_head  k_task.o
    0x10002006   0x10002006   0x0000000a   Code   RO          594    i.q_add_to_list_last  k_task.o
    0x10002010   0x10002010   0x0000001c   Code   RO          595    i.q_delete_first_node  k_task.o
    0x1000202c   0x1000202c   0x00000014   Code   RO          596    i.q_delete_node     k_task.o
    0x10002040   0x10002040   0x00000006   Code   RO          597    i.q_init_list_head  k_task.o
    0x10002046   0x10002046   0x00000010   Code   RO          598    i.q_list_first_entry_or_null  k_task.o
    0x10002056   0x10002056   0x00000002   PAD
    0x10002058   0x10002058   0x0000005c   Code   RO          599    i.scheduler         k_task.o
    0x100020b4   0x100020b4   0x0000001c   Code   RO         1122    i.set_ae_init_tasks  ae-lib-ram.lib(ae_tasks1_g38.o)
    0x100020d0   0x100020d0   0x00000058   Code   RO         1123    i.set_ae_tasks      ae-lib-ram.lib(ae_tasks1_g38.o)
    0x10002128   0x10002128   0x00000020   Code   RO         1241    i.strcpy            ae-lib-ram.lib(ae_util.o)
    0x10002148   0x10002148   0x00000168   Code   RO         1124    i.task1             ae-lib-ram.lib(ae_tasks1_g38.o)
    0x100022b0   0x100022b0   0x00000128   Code   RO         1125    i.task2             ae-lib-ram.lib(ae_tasks1_g38.o)
    0x100023d8   0x100023d8   0x0000012c   Code   RO         1126    i.task3             ae-lib-ram.lib(ae_tasks1_g38.o)
    0x10002504   0x10002504   0x00000006   Code   RO          841    i.task_null         null_task.o
    0x1000250a   0x1000250a   0x00000002   PAD
    0x1000250c   0x1000250c   0x00000134   Code   RO         1127    i.test0_start       ae-lib-ram.lib(ae_tasks1_g38.o)
    0x10002640   0x10002640   0x000001d0   Code   RO         1128    i.test1_start       ae-lib-ram.lib(ae_tasks1_g38.o)
    0x10002810   0x10002810   0x0000006c   Code   RO         1242    i.test_abort        ae-lib-ram.lib(ae_util.o)
    0x1000287c   0x1000287c   0x00000024   Code   RO         1243    i.test_exit         ae-lib-ram.lib(ae_util.o)
    0x100028a0   0x100028a0   0x00000128   Code   RO          751    i.tfp_format        printf.o
    0x100029c8   0x100029c8   0x0000002c   Code   RO          752    i.tfp_printf        printf.o
    0x100029f4   0x100029f4   0x0000002c   Code   RO          753    i.tfp_sprintf       printf.o
    0x10002a20   0x10002a20   0x0000006c   Code   RO            6    i.uart_init         uart_polling.o
    0x10002a8c   0x10002a8c   0x0000009c   Code   RO           90    i.uart_irq_init     uart_irq.o
    0x10002b28   0x10002b28   0x00000034   Code   RO            7    i.uart_put_char     uart_polling.o
    0x10002b5c   0x10002b5c   0x00000026   Code   RO            8    i.uart_put_string   uart_polling.o
    0x10002b82   0x10002b82   0x00000056   Code   RO          754    i.ui2a              printf.o
    0x10002bd8   0x10002bd8   0x00000018   Code   RO         1129    i.update_ae_xtest   ae-lib-ram.lib(ae_tasks1_g38.o)
    0x10002bf0   0x10002bf0   0x00000044   Code   RO         1130    i.update_exec_seq   ae-lib-ram.lib(ae_tasks1_g38.o)
    0x10002c34   0x10002c34   0x00000021   Data   RO         1132    .constdata          ae-lib-ram.lib(ae_tasks1_g38.o)
    0x10002c55   0x10002c55   0x00000003   PAD
    0x10002c58   0x10002c58   0x00000020   Data   RO         1355    Region$$Table       anon$$obj.o


    Execution Region RW_IRAM1 (Exec base: 0x10003000, Load base: 0x10002c78, Size: 0x000036c0, Max: 0x00004000, ABSOLUTE)

    Exec Addr    Load Addr    Size         Type   Attr      Idx    E Section Name        Object

    0x10003000   0x10002c78   0x00000018   Data   RW           91    .data               uart_irq.o
    0x10003018   0x10002c90   0x00000004   Data   RW          186    .data               timer.o
    0x1000301c   0x10002c94   0x00000008   Data   RW          316    .data               k_mem.o
    0x10003024   0x10002c9c   0x00000004   Data   RW          534    .data               k_rtx_init.o
    0x10003028   0x10002ca0   0x00000008   Data   RW          601    .data               k_task.o
    0x10003030   0x10002ca8   0x00000008   Data   RW          755    .data               printf.o
    0x10003038   0x10002cb0   0x00000010   Data   RW          955    .data               ae-lib-ram.lib(main.o)
    0x10003048        -       0x00003070   Zero   RW          314    .bss                k_mem.o
    0x100060b8        -       0x00000268   Zero   RW          600    .bss                k_task.o
    0x10006320        -       0x00000060   Zero   RW         1063    .bss                c_w.l(libspace.o)
    0x10006380        -       0x0000013c   Zero   RW         1131    .bss                ae-lib-ram.lib(ae_tasks1_g38.o)
    0x100064bc   0x10002cc0   0x00000004   PAD
    0x100064c0        -       0x00000000   Zero   RW          878    HEAP                startup_lpc17xx.o
    0x100064c0        -       0x00000200   Zero   RW          877    STACK               startup_lpc17xx.o


==============================================================================

Image component sizes


      Code (inc. data)   RO Data    RW Data    ZI Data      Debug   Object Name

       304         24          0          0          0       5546   hal.o
      2990        272          0          8      12400      17909   k_mem.o
        42          0          0          0          0       3912   k_msg.o
        92          6          0          4          0       5666   k_rtx_init.o
      2042        138          0          8        616      19945   k_task.o
         6          0          0          0          0        416   null_task.o
       722         26          0          8          0       6622   printf.o
        60         22        204          0        512        808   startup_lpc17xx.o
       320         18          0          0          0        593   system_lpc17xx.o
        24          4          0          4          0       1472   timer.o
       358         44          0         24          0       6219   uart_irq.o
       266         62          0          0          0      24369   uart_polling.o

    ----------------------------------------------------------------------
      7242        616        236         56      13528      93477   Object Totals
         0          0         32          0          0          0   (incl. Generated)
        16          0          0          0          0          0   (incl. Padding)

    ----------------------------------------------------------------------

      Code (inc. data)   RO Data    RW Data    ZI Data      Debug   Library Member Name

        96          0          0          0          0       4919   ae.o
      2572       1054         33          0        316      10364   ae_tasks1_g38.o
       742        390          0          0          0       5858   ae_util.o
       104         20          0         16          0       4895   main.o
         8          0          0          0          0         68   __main.o
         0          0          0          0          0          0   __rtentry.o
        12          0          0          0          0          0   __rtentry2.o
         6          0          0          0          0          0   __rtentry4.o
        52          8          0          0          0          0   __scatter.o
        26          0          0          0          0          0   __scatter_copy.o
        28          0          0          0          0          0   __scatter_zi.o
        18          0          0          0          0         80   exit.o
         6          0          0          0          0        152   heapauxi.o
         0          0          0          0          0          0   indicate_semi.o
         2          0          0          0          0          0   libinit.o
         2          0          0          0          0          0   libinit2.o
         2          0          0          0          0          0   libshutdown.o
         2          0          0          0          0          0   libshutdown2.o
         8          4          0          0         96         68   libspace.o
        78          0          0          0          0         80   rt_memclr_w.o
         2          0          0          0          0          0   rtexit.o
        10          0          0          0          0          0   rtexit2.o
        12          4          0          0          0         68   sys_exit.o
        74          0          0          0          0         80   sys_stackheap_outer.o
         2          0          0          0          0         68   use_no_semi.o

    ----------------------------------------------------------------------
      3870       1480         36         16        416      26700   Library Totals
         6          0          3          0          4          0   (incl. Padding)

    ----------------------------------------------------------------------

      Code (inc. data)   RO Data    RW Data    ZI Data      Debug   Library Name

      3514       1464         33         16        316      26036   ae-lib-ram.lib
       350         16          0          0         96        664   c_w.l

    ----------------------------------------------------------------------
      3870       1480         36         16        416      26700   Library Totals

    ----------------------------------------------------------------------

==============================================================================


      Code (inc. data)   RO Data    RW Data    ZI Data      Debug   

     11112       2096        272         72      13944     114713   Grand Totals
     11112       2096        272         72      13944     114713   ELF Image Totals
     11112       2096        272         72          0          0   ROM Totals

==============================================================================

    Total RO  Size (Code + RO Data)                11384 (  11.12kB)
    Total RW  Size (RW Data + ZI Data)             14016 (  13.69kB)
    Total ROM Size (Code + RO Data + RW Data)      11456 (  11.19kB)

==============================================================================

